Component: ARM Compiler 5.06 update 4 (build 422) Tool: armlink [4d35d2]

==============================================================================

Section Cross References

    startup_stm32h743xx.o(RESET) refers to startup_stm32h743xx.o(STACK) for __initial_sp
    startup_stm32h743xx.o(RESET) refers to startup_stm32h743xx.o(.text) for Reset_Handler
    startup_stm32h743xx.o(RESET) refers to port.o(.emb_text) for SVC_Handler
    startup_stm32h743xx.o(RESET) refers to sys.o(i.SysTick_Handler) for SysTick_Handler
    startup_stm32h743xx.o(RESET) refers to exti.o(i.EXTI4_IRQHandler) for EXTI4_IRQHandler
    startup_stm32h743xx.o(RESET) refers to dma_irq.o(i.DMA1_Stream0_IRQHandler) for DMA1_Stream0_IRQHandler
    startup_stm32h743xx.o(RESET) refers to dma_irq.o(i.DMA1_Stream1_IRQHandler) for DMA1_Stream1_IRQHandler
    startup_stm32h743xx.o(RESET) refers to dma_irq.o(i.DMA1_Stream2_IRQHandler) for DMA1_Stream2_IRQHandler
    startup_stm32h743xx.o(RESET) refers to dma_irq.o(i.DMA1_Stream3_IRQHandler) for DMA1_Stream3_IRQHandler
    startup_stm32h743xx.o(RESET) refers to dma_irq.o(i.DMA1_Stream4_IRQHandler) for DMA1_Stream4_IRQHandler
    startup_stm32h743xx.o(RESET) refers to dma_irq.o(i.DMA1_Stream5_IRQHandler) for DMA1_Stream5_IRQHandler
    startup_stm32h743xx.o(RESET) refers to dma_irq.o(i.DMA1_Stream6_IRQHandler) for DMA1_Stream6_IRQHandler
    startup_stm32h743xx.o(RESET) refers to fdcan.o(i.FDCAN1_IT0_IRQHandler) for FDCAN1_IT0_IRQHandler
    startup_stm32h743xx.o(RESET) refers to fdcan.o(i.FDCAN2_IT0_IRQHandler) for FDCAN2_IT0_IRQHandler
    startup_stm32h743xx.o(RESET) refers to exti.o(i.EXTI9_5_IRQHandler) for EXTI9_5_IRQHandler
    startup_stm32h743xx.o(RESET) refers to timer.o(i.TIM3_IRQHandler) for TIM3_IRQHandler
    startup_stm32h743xx.o(RESET) refers to dma_irq.o(i.USART1_IRQHandler) for USART1_IRQHandler
    startup_stm32h743xx.o(RESET) refers to dma_irq.o(i.USART2_IRQHandler) for USART2_IRQHandler
    startup_stm32h743xx.o(RESET) refers to exti.o(i.EXTI15_10_IRQHandler) for EXTI15_10_IRQHandler
    startup_stm32h743xx.o(RESET) refers to dma_irq.o(i.DMA1_Stream7_IRQHandler) for DMA1_Stream7_IRQHandler
    startup_stm32h743xx.o(RESET) refers to sdmmc_readwrite.o(i.SDMMC1_IRQHandler) for SDMMC1_IRQHandler
    startup_stm32h743xx.o(RESET) refers to dma_irq.o(i.UART4_IRQHandler) for UART4_IRQHandler
    startup_stm32h743xx.o(RESET) refers to dma_irq.o(i.DMA2_Stream0_IRQHandler) for DMA2_Stream0_IRQHandler
    startup_stm32h743xx.o(RESET) refers to dma_irq.o(i.DMA2_Stream1_IRQHandler) for DMA2_Stream1_IRQHandler
    startup_stm32h743xx.o(RESET) refers to dma_irq.o(i.DMA2_Stream2_IRQHandler) for DMA2_Stream2_IRQHandler
    startup_stm32h743xx.o(RESET) refers to dma_irq.o(i.DMA2_Stream3_IRQHandler) for DMA2_Stream3_IRQHandler
    startup_stm32h743xx.o(RESET) refers to dma_irq.o(i.DMA2_Stream4_IRQHandler) for DMA2_Stream4_IRQHandler
    startup_stm32h743xx.o(RESET) refers to dma_irq.o(i.DMA2_Stream5_IRQHandler) for DMA2_Stream5_IRQHandler
    startup_stm32h743xx.o(RESET) refers to dma_irq.o(i.DMA2_Stream6_IRQHandler) for DMA2_Stream6_IRQHandler
    startup_stm32h743xx.o(RESET) refers to dma_irq.o(i.DMA2_Stream7_IRQHandler) for DMA2_Stream7_IRQHandler
    startup_stm32h743xx.o(RESET) refers to dma_irq.o(i.USART6_IRQHandler) for USART6_IRQHandler
    startup_stm32h743xx.o(RESET) refers to usart.o(i.UART7_IRQHandler) for UART7_IRQHandler
    startup_stm32h743xx.o(RESET) refers to dma_irq.o(i.UART8_IRQHandler) for UART8_IRQHandler
    startup_stm32h743xx.o(.text) refers to entry.o(.ARM.Collect$$$$00000000) for __main
    sys.o(i.NVIC_Init) refers to sys.o(i.NVIC_PriorityGroupConfig) for NVIC_PriorityGroupConfig
    sys.o(i.SysTick_Handler) refers to tasks.o(i.xTaskGetSchedulerState) for xTaskGetSchedulerState
    sys.o(i.SysTick_Handler) refers to port.o(i.xPortSysTickHandler) for xPortSysTickHandler
    sys.o(i.clock_init) refers to sys.o(i.SCB_EnableICache) for SCB_EnableICache
    sys.o(i.clock_init) refers to sys.o(i.SCB_EnableDCache) for SCB_EnableDCache
    sys.o(i.clock_init) refers to sys.o(i.NVIC_SetVectorTable) for NVIC_SetVectorTable
    sys.o(i.clock_init) refers to freertosconfig.o(i.SystemCoreClockUpdate) for SystemCoreClockUpdate
    sys.o(i.clock_init) refers to sys.o(i.delay_init) for delay_init
    sys.o(i.delay_init) refers to sys.o(.data) for fac_us
    sys.o(i.delay_ms) refers to tasks.o(i.xTaskGetSchedulerState) for xTaskGetSchedulerState
    sys.o(i.delay_ms) refers to tasks.o(i.vTaskDelay) for vTaskDelay
    sys.o(i.delay_ms) refers to sys.o(i.delay_us) for delay_us
    sys.o(i.delay_ms) refers to sys.o(.data) for fac_ms
    sys.o(i.delay_us) refers to sys.o(.data) for fac_us
    sys.o(i.delay_xms) refers to sys.o(i.delay_us) for delay_us
    gpio.o(i.GPIOA_init) refers to gpio.o(i.gpio_pin_init) for gpio_pin_init
    gpio.o(i.GPIOB_init) refers to gpio.o(i.gpio_pin_init) for gpio_pin_init
    gpio.o(i.GPIOC_init) refers to gpio.o(i.gpio_pin_init) for gpio_pin_init
[...]
    SHT$$INIT_ARRAY$$Base                    0x0801cf08   Number         0  main.o(.init_array)
    SHT$$INIT_ARRAY$$Limit                   0x0801cf14   Number         0  cpp_init.o(.init_array)
    timetick                                 0x24000008   Data           4  timer.o(.data)
    Timer1ms                                 0x2400000c   Data           1  timer.o(.data)
    Timer2ms                                 0x2400000d   Data           1  timer.o(.data)
    Timer5ms                                 0x2400000e   Data           1  timer.o(.data)
    Timer10ms                                0x2400000f   Data           1  timer.o(.data)
    Timer20ms                                0x24000010   Data           1  timer.o(.data)
    Timer25ms                                0x24000011   Data           1  timer.o(.data)
    Timer50ms                                0x24000012   Data           1  timer.o(.data)
    Timer100ms                               0x24000013   Data           1  timer.o(.data)
    Timer200ms                               0x24000014   Data           1  timer.o(.data)
    Timer250ms                               0x24000015   Data           1  timer.o(.data)
    Timer500ms                               0x24000016   Data           1  timer.o(.data)
    Timer1s                                  0x24000017   Data           1  timer.o(.data)
    Timer10s                                 0x24000018   Data           1  timer.o(.data)
    Timer30s                                 0x24000019   Data           1  timer.o(.data)
    can1Rx_fifo_head                         0x24000020   Data           1  fdcan.o(.data)
    can1Rx_fifo_tail                         0x24000021   Data           1  fdcan.o(.data)
    can1Tx_fifo_head                         0x24000022   Data           1  fdcan.o(.data)
    can1Tx_fifo_tail                         0x24000023   Data           1  fdcan.o(.data)
    can2Rx_fifo_head                         0x24000024   Data           1  fdcan.o(.data)
    can2Rx_fifo_tail                         0x24000025   Data           1  fdcan.o(.data)
    can2Tx_fifo_head                         0x24000026   Data           1  fdcan.o(.data)
    can2Tx_fifo_tail                         0x24000027   Data           1  fdcan.o(.data)
    SDBuf_ptr                                0x2400002c   Data           4  sdmmc_readwrite.o(.data)
    SD_blksize                               0x24000030   Data           2  sdmmc_readwrite.o(.data)
    SD_addr                                  0x24000034   Data           4  sdmmc_readwrite.o(.data)
    TIM4_ARR                                 0x24000038   Data           4  pwm.o(.data)
    TIM5_ARR                                 0x2400003c   Data           4  pwm.o(.data)
    TIM1_ARR                                 0x24000040   Data           4  pwm.o(.data)
    TIM12_ARR                                0x24000044   Data           4  pwm.o(.data)
    FM25Vx_step                              0x24000080   Data           1  fm25vx.o(.data)
    FM25Vx_ok                                0x24000081   Data           1  fm25vx.o(.data)
    FM25Vx_WREN                              0x24000082   Data           1  fm25vx.o(.data)
    FM25Vx_TxFinished                        0x24000083   Data           1  fm25vx.o(.data)
    FM25Vx_RxBuf                             0x24000084   Data           4  fm25vx.o(.data)
    FM25Vx_RxLen                             0x24000088   Data           1  fm25vx.o(.data)
    FM25Vx_RxFinished                        0x24000089   Data           1  fm25vx.o(.data)
    ADIS_MissionID                           0x2400008c   Data           1  adis16470.o(.data)
    ADIS_Ready                               0x2400008d   Data           1  adis16470.o(.data)
    ADIS_cnt                                 0x24000090   Data           4  adis16470.o(.data)
    adis_freq                                0x24000094   Data           4  adis16470.o(.data)
    bmi088_accl_cnt                          0x240000a0   Data           2  bmi088.o(.data)
    bmi088_accl_freq                         0x240000a2   Data           2  bmi088.o(.data)
    bmi088_gyro_cnt                          0x240000a4   Data           2  bmi088.o(.data)
    bmi088_gyro_freq                         0x240000a6   Data           2  bmi088.o(.data)
    bmi088_gyro_id                           0x240000a8   Data           1  bmi088.o(.data)
    bmi088_accl_id                           0x240000a9   Data           1  bmi088.o(.data)
    bmi088_gyro_ok                           0x240000aa   Data           1  bmi088.o(.data)
    bmi088_accl_ok                           0x240000ab   Data           1  bmi088.o(.data)
    magn_cnt                                 0x24000102   Data           2  rm3100.o(.data)
    magn_freq                                0x24000104   Data           2  rm3100.o(.data)
    RM3100_ok                                0x24000106   Data           1  rm3100.o(.data)
    RM3100_step                              0x24000107   Data           1  rm3100.o(.data)
    MS5611_OK                                0x24000108   Data           1  ms5611.o(.data)
    MS5611_id                                0x24000109   Data           1  ms5611.o(.data)
    dT                                       0x24000118   Data           8  ms5611.o(.data)
    TEMP                                     0x24000120   Data           4  ms5611.o(.data)
    PRESS                                    0x24000124   Data           4  ms5611.o(.data)
    StartTask_Handler                        0x2400012c   Data           4  main.o(.data)
    LEDTask_Handler                          0x24000130   Data           4  main.o(.data)
    ESKFTask_Handler                         0x24000134   Data           4  main.o(.data)
    IMUdata_queue                            0x24000138   Data           4  main.o(.data)
    Timer1s_Handle                           0x2400013c   Data           4  main.o(.data)
    Timer10ms_Handle                         0x24000140   Data           4  main.o(.data)
    Timer50ms_Handle                         0x24000144   Data           4  main.o(.data)
    MS5611_Handle                            0x24000148   Data           4  main.o(.data)
    IMUdata_Handle                           0x2400014c   Data           4  main.o(.data)
    NAVESKF_Handle                           0x24000150   Data           4  main.o(.data)
    cnt                                      0x24000154   Data           1  main.o(.data)
    s                                        0x24000155   Data           1  main.o(.data)
    len                                      0x24000158   Data           4  main.o(.data)
    AP_temp                                  0x2400015c   Data           4  main.o(.data)
    AP_press                                 0x24000160   Data           4  main.o(.data)
    AP_height                                0x24000164   Data           4  main.o(.data)
    temp                                     0x24000168   Data           4  main.o(.data)
    t                                        0x2400016c   Data           4  main.o(.data)
    insinit                                  0x24000170   Data           4  main.o(.data)
    initflag                                 0x24000174   Data           1  main.o(.data)
    gpsyaw_init                              0x24000175   Data           1  main.o(.data)
    startflag                                0x24000176   Data           1  main.o(.data)
    pxCurrentTCB                             0x2400017c   Data           4  tasks.o(.data)
    uxTopUsedPriority                        0x240001b4   Data           4  tasks.o(.data)
    SystemCoreClock                          0x240001d0   Data           4  freertosconfig.o(.data)
    ucAssumeFATType                          0x240001f8   Data           1  ff_ioman.o(.data)
    xSDCardSemaphore                         0x240001fc   Data           4  ff_sddisk.o(.data)
    fatQueueLen                              0x24000208   Data           4  fatfs.o(.data)
    FATTask_Handler                          0x2400020c   Data           4  fatfs.o(.data)
    fat_queue                                0x24000210   Data           4  fatfs.o(.data)
    yaw0                                     0x24000218   Data           8  gpsins.o(.data)
    g_xmu                                    0x24000220   Data           8  gpsins.o(.data)
    gnormal                                  0x24000228   Data           8  gpsins.o(.data)
    hzflag                                   0x24000230   Data           2  gpsins.o(.data)
    ahrsflag                                 0x24000232   Data           2  gpsins.o(.data)
    gpsflag                                  0x24000234   Data           2  gpsins.o(.data)
    AHRS_model                               0x24000236   Data           2  gpsins.o(.data)
    GPS_model                                0x24000238   Data           2  gpsins.o(.data)
    testflag                                 0x2400023a   Data           2  gpsins.o(.data)
    gGpsDataPtr                              0x240002f0   Data           4  get_gps.o(.data)
    GPS_OK_flag                              0x24000304   Data           1  tcp.o(.data)
    YAW_OK_flag                              0x24000305   Data           1  tcp.o(.data)
    IMU_OK_flag                              0x24000306   Data           1  tcp.o(.data)
    truecourse_flag                          0x24000307   Data           1  tcp.o(.data)
    Ublox_freq                               0x24000308   Data           4  tcp.o(.data)
    Ublox_freq_cnt                           0x2400030c   Data           4  tcp.o(.data)
    novatel_pos_cnt                          0x24000310   Data           4  tcp.o(.data)
    novatel_vel_cnt                          0x24000314   Data           4  tcp.o(.data)
    novatel_heading_cnt                      0x24000318   Data           4  tcp.o(.data)
    novatel_other_cnt                        0x2400031c   Data           4  tcp.o(.data)
    novatel_pos_error                        0x24000320   Data           4  tcp.o(.data)
    novatel_vel_error                        0x24000324   Data           4  tcp.o(.data)
    novatel_heading_error                    0x24000328   Data           4  tcp.o(.data)
    novatel_pos_flag                         0x2400032c   Data           1  tcp.o(.data)
    novatel_vel_flag                         0x2400032d   Data           1  tcp.o(.data)
    novatel_heading_flag                     0x2400032e   Data           1  tcp.o(.data)
    WD_cnt                                   0x2400032f   Data           1  tcp.o(.data)
    __stdout                                 0x24000334   Data           4  stdout.o(.data)
    __microlib_freelist                      0x24000338   Data           4  mvars.o(.data)
    __microlib_freelist_initialised          0x2400033c   Data           4  mvars.o(.data)
    Usart_reg                                0x24000560   Data       12336  usart.o(.bss)
    SPI1_RX_REG                              0x24004100   Data          64  dma_irq.o(.bss)
    SPI1_TX_REG                              0x24004140   Data          64  dma_irq.o(.bss)
    SPI2_RX_REG                              0x24004180   Data          64  dma_irq.o(.bss)
    SPI2_TX_REG                              0x240041c0   Data          64  dma_irq.o(.bss)
    SPI4_RX_REG                              0x24004200   Data          64  dma_irq.o(.bss)
    SPI4_TX_REG                              0x24004240   Data          64  dma_irq.o(.bss)
    COM1_RX_REG                              0x24004280   Data          16  dma_irq.o(.bss)
    COM1_TX_REG                              0x240042a0   Data          16  dma_irq.o(.bss)
    COM2_RX_REG                              0x240042c0   Data          16  dma_irq.o(.bss)
    COM2_TX_REG                              0x240042e0   Data          16  dma_irq.o(.bss)
    COM4_RX_REG                              0x24004300   Data          16  dma_irq.o(.bss)
    COM6_RX_REG                              0x24004320   Data          16  dma_irq.o(.bss)
    COM6_TX_REG                              0x24004340   Data          16  dma_irq.o(.bss)
    COM8_RX_REG                              0x24004360   Data          16  dma_irq.o(.bss)
    FDCAN_SRAM                               0x24004380   Data          64  fdcan.o(.bss)
    can1_rx_fifo                             0x240043c0   Data        1152  fdcan.o(.bss)
    can1_tx_fifo                             0x24004840   Data        1152  fdcan.o(.bss)
    can2_rx_fifo                             0x24004cc0   Data        1152  fdcan.o(.bss)
    can2_tx_fifo                             0x24005140   Data        1152  fdcan.o(.bss)
    sdcard_info                              0x240055c0   Data          52  sdmmc.o(.bss)
    xQueueRegistry                           0x240055f4   Data          64  queue.o(.bss)
    ADI_G                                    0x24005634   Data         108  adis16470.o(.bss)
    ADI_A                                    0x240056a0   Data         108  adis16470.o(.bss)
    adi_a_queue                              0x2400570c   Data         612  adis16470.o(.bss)
    adi_g_queue                              0x24005970   Data         612  adis16470.o(.bss)
    ADIS16470_BRUST_REG                      0x24005bd4   Data          18  adis16470.o(.bss)
    BMI_G                                    0x24005be8   Data         108  bmi088.o(.bss)
    BMI_A                                    0x24005c54   Data         108  bmi088.o(.bss)
    C                                        0x24005cca   Data          16  ms5611.o(.bss)
    str                                      0x24005ce0   Data         200  main.o(.bss)
    accl                                     0x24005da8   Data          12  main.o(.bss)
    gyro                                     0x24005db4   Data          12  main.o(.bss)
    a                                        0x24005dc0   Data          12  main.o(.bss)
    g                                        0x24005dcc   Data          12  main.o(.bss)
    m                                        0x24005dd8   Data          12  main.o(.bss)
    bmi088                                   0x24005de4   Data          48  main.o(.bss)
    adis16488                                0x24005e14   Data          48  main.o(.bss)
    kf                                       0x24005e48   Data       34928  main.o(.bss)
    euler_init                               0x2402e7f0   Data          24  gpsins.o(.bss)
    gps_Data_value                           0x2402e808   Data         216  gpsins.o(.bss)
    I31                                      0x2402e8f8   Data          24  psins.o(.bss)
    O31                                      0x2402e910   Data          24  psins.o(.bss)
    qI                                       0x2402e928   Data          32  psins.o(.bss)
    I33                                      0x2402e948   Data          72  psins.o(.bss)
    O33                                      0x2402e990   Data          72  psins.o(.bss)
    On1                                      0x2402e9d8   Data         160  psins.o(.bss)
    glv                                      0x2402ea78   Data         184  psins.o(.bss)
    _delaygy_element_1                       0x2402eb30   Data          24  psins.o(.bss)
    _delaygy_element_2                       0x2402eb48   Data          24  psins.o(.bss)
    _delayac_element_1                       0x2402eb60   Data          24  psins.o(.bss)
    _delayac_element_2                       0x2402eb78   Data          24  psins.o(.bss)
    sbge_data                                0x2402eb90   Data         296  get_gps.o(.bss)
    state_sbge                               0x2402ecb8   Data          12  get_gps.o(.bss)
    state_dualheading                        0x2402ecc4   Data          12  get_gps.o(.bss)
    gBitStatus                               0x2402ecd0   Data          26  get_gps.o(.bss)
    gps_t                                    0x2402ecf0   Data         216  get_gps.o(.bss)
    gEKFInput                                0x2402edc8   Data         184  get_gps.o(.bss)
    downVelDelta                             0x2402ee80   Data          40  get_gps.o(.bss)
    gGPS                                     0x2402eea8   Data         144  get_gps.o(.bss)
    ubloxData                                0x2402ef38   Data         548  get_gps.o(.bss)
    gpsData                                  0x2402f160   Data         152  get_gps.o(.bss)
    gpsHeading                               0x2402f1f8   Data          36  get_gps.o(.bss)
    bmi088_imu                               0x2402f220   Data          48  tcp.o(.bss)
    out_data                                 0x2402f250   Data         212  tcp.o(.bss)
    mems                                     0x2402f324   Data          12  tcp.o(.bss)
    state_NovAtel718D                        0x2402f330   Data          12  tcp.o(.bss)
    Usart1_out_DATA                          0x2402f33c   Data         100  tcp.o(.bss)
    NovAtel718D_data                         0x2402f3a0   Data         216  tcp.o(.bss)
    gCanGps                                  0x2402f478   Data         144  tcp.o(.bss)
    __heap_base                              0x2402f818   Data           0  startup_stm32h743xx.o(HEAP)
    __heap_limit                             0x24030018   Data           0  startup_stm32h743xx.o(HEAP)
    __initial_sp                             0x24070018   Data           0  startup_stm32h743xx.o(STACK)



==============================================================================

Memory Map of the image

  Image Entry point : 0x08000299

  Load Region LR_IROM1 (Base: 0x08000000, Size: 0x0001d474, Max: 0x00200000, ABSOLUTE, COMPRESSED[0x0001cfac])

    Execution Region ER_IROM1 (Base: 0x08000000, Size: 0x0001cf14, Max: 0x00200000, ABSOLUTE)

    Base Addr    Size         Type   Attr      Idx    E Section Name        Object

    0x08000000   0x00000298   Data   RO            3    RESET               startup_stm32h743xx.o
    0x08000298   0x00000000   Code   RO         1456  * .ARM.Collect$$$$00000000  mc_w.l(entry.o)
    0x08000298   0x00000004   Code   RO         1690    .ARM.Collect$$$$00000001  mc_w.l(entry2.o)
    0x0800029c   0x00000004   Code   RO         1693    .ARM.Collect$$$$00000004  mc_w.l(entry5.o)
    0x080002a0   0x00000000   Code   RO         1695    .ARM.Collect$$$$00000008  mc_w.l(entry7b.o)
    0x080002a0   0x00000004   Code   RO         1696    .ARM.Collect$$$$00000009  mc_w.l(entry8a.o)
    0x080002a4   0x00000000   Code   RO         1697    .ARM.Collect$$$$0000000A  mc_w.l(entry8b.o)
    0x080002a4   0x00000008   Code   RO         1698    .ARM.Collect$$$$0000000B  mc_w.l(entry9a.o)
    0x080002ac   0x00000000   Code   RO         1700    .ARM.Collect$$$$0000000D  mc_w.l(entry10a.o)
    0x080002ac   0x00000004   Code   RO         1701    .ARM.Collect$$$$0000000E  mc_w.l(entry10b.o)
    0x080002b0   0x00000000   Code   RO         1702    .ARM.Collect$$$$0000000F  mc_w.l(entry11a.o)
    0x080002b0   0x00000004   Code   RO         1691    .ARM.Collect$$$$00002712  mc_w.l(entry2.o)
    0x080002b4   0x000000c2   Code   RO          517    .emb_text           port.o
    0x08000376   0x00000002   PAD
    0x08000378   0x00000044   Code   RO            4    .text               startup_stm32h743xx.o
    0x080003bc   0x00000062   Code   RO         1459    .text               mc_w.l(uldiv.o)
    0x0800041e   0x00000024   Code   RO         1462    .text               mc_w.l(memcpya.o)
    0x08000442   0x00000024   Code   RO         1463    .text               mc_w.l(memseta.o)
    0x08000466   0x00000018   Code   RO         1464    .text               mc_w.l(strncpy.o)
    0x0800047e   0x00000014   Code   RO         1465    .text               mc_w.l(strchr.o)
    0x08000492   0x0000000e   Code   RO         1466    .text               mc_w.l(strlen.o)
    0x080004a0   0x0000001c   Code   RO         1467    .text               mc_w.l(strcmp.o)
    0x080004bc   0x0000001a   Code   RO         1468    .text               mc_w.l(memcmp.o)
    0x080004d6   0x00000012   Code   RO         1469    .text               mc_w.l(strcpy.o)
    0x080004e8   0x00000020   Code   RO         1619    .text               mc_w.l(cpp_init.o)
    0x08000508   0x0000002e   Code   RO         1620    .text               mc_w.l(aeabi_atexit.o)
    0x08000536   0x0000002c   Code   RO         1621    .text               mf_w.l(ffltl.o)
    0x08000562   0x00000004   Code   RO         1624    .text               cpprt_w.l(arm_newhandler_noexceptions.o)
    0x08000566   0x0000002c   Code   RO         1706    .text               mc_w.l(uidiv.o)
    0x08000592   0x0000001e   Code   RO         1707    .text               mc_w.l(llshl.o)
    0x080005b0   0x00000020   Code   RO         1708    .text               mc_w.l(llushr.o)
    0x080005d0   0x00000000   Code   RO         1715    .text               mc_w.l(iusefp.o)
    0x080005d0   0x00000008   Code   RO         1716    .text               mc_w.l(cpp_dtor.o)
    0x080005d8   0x00000014   Code   RO         1718    .text               mc_w.l(cpp_memory.o)
    0x080005ec   0x00000042   Code   RO         1720    .text               mc_w.l(cxa_finalize.o)
    0x0800062e   0x0000006e   Code   RO         1721    .text               mf_w.l(fepilogue.o)
    0x0800069c   0x0000014e   Code   RO         1722    .text               mf_w.l(dadd.o)
    0x080007ea   0x000000e4   Code   RO         1723    .text               mf_w.l(dmul.o)
    0x080008ce   0x000000de   Code   RO         1724    .text               mf_w.l(ddiv.o)
    0x080009ac   0x0000002e   Code   RO         1725    .text               mf_w.l(dscalb.o)
    0x080009da   0x00000030   Code   RO         1726    .text               mf_w.l(dfixul.o)
    0x08000a0a   0x00000002   PAD
    0x08000a0c   0x00000030   Code   RO         1727    .text               mf_w.l(cdrcmple.o)
    0x08000a3c   0x0000001a   Code   RO         1745    .text               cpprt_w.l(arm_exceptions_terminate.o)
    0x08000a56   0x00000002   PAD
    0x08000a58   0x00000050   Code   RO         1747    .text               cpprt_w.l(arm_exceptions_globs.o)
    0x08000aa8   0x00000024   Code   RO         1751    .text               mc_w.l(init.o)
    0x08000acc   0x00000000   Code   RO         1752    .text               mc_w.l(semi.o)
    0x08000acc   0x00000024   Code   RO         1753    .text               mc_w.l(llsshr.o)
    0x08000af0   0x00000000   Code   RO         1754    .text               mc_w.l(iusesemip.o)
    0x08000af0   0x00000002   Code   RO         1755    .text               mc_w.l(cpp_final.o)
    0x08000af2   0x000000ba   Code   RO         1756    .text               mf_w.l(depilogue.o)
    0x08000bac   0x0000003c   Code   RO         1759    .text               cpprt_w.l(arm_exceptions_mem.o)
    0x08000be8   0x00000056   Code   RO         1772    .text               mc_w.l(__dczerorl2.o)
    0x08000c3e   0x00000002   PAD
    0x08000c40   0x00000068   Code   RO          261    i.ADIS_Ask          adis16470.o
    0x08000ca8   0x00000110   Code   RO          262    i.ADIS_Get          adis16470.o
    0x08000db8   0x00000098   Code   RO          263    i.ADIS_Init         adis16470.o
    0x08000e50   0x0000033c   Code   RO          264    i.ADIS_Read         adis16470.o
    0x0800118c   0x000001b2   Code   RO          835    i.AlignCoarse       psins.o
    0x0800133e   0x00000002   PAD
    0x08001340   0x00000230   Code   RO          270    i.BMI088_Accl_Ask   bmi088.o
    0x08001570   0x00000150   Code   RO          271    i.BMI088_Accl_Get   bmi088.o
    0x080016c0   0x000001d0   Code   RO          272    i.BMI088_Gyro_Ask   bmi088.o
    0x08001890   0x00000140   Code   RO          273    i.BMI088_Gyro_Get   bmi088.o
    0x080019d0   0x0000014c   Code   RO          274    i.BMI088_ReadAccl   bmi088.o
    0x08001b1c   0x000000e8   Code   RO          275    i.BMI088_ReadGyro   bmi088.o
    0x08001c04   0x00000040   Code   RO          276    i.BMI088_ReadTemp   bmi088.o
    0x08001c44   0x000000ac   Code   RO          279    i.BMI088_init       bmi088.o
    0x08001cf0   0x00000048   Code   RO           92    i.DMA1_Stream0_IRQHandler  dma_irq.o
    0x08001d38   0x0000005c   Code   RO           93    i.DMA1_Stream1_IRQHandler  dma_irq.o
    0x08001d94   0x00000048   Code   RO           94    i.DMA1_Stream2_IRQHandler  dma_irq.o
    0x08001ddc   0x0000005c   Code   RO           95    i.DMA1_Stream3_IRQHandler  dma_irq.o
    0x08001e38   0x00000002   Code   RO           96    i.DMA1_Stream4_IRQHandler  dma_irq.o
    0x08001e3a   0x00000002   Code   RO           97    i.DMA1_Stream5_IRQHandler  dma_irq.o
    0x08001e3c   0x00000048   Code   RO           98    i.DMA1_Stream6_IRQHandler  dma_irq.o
    0x08001e84   0x0000005c   Code   RO           99    i.DMA1_Stream7_IRQHandler  dma_irq.o
    0x08001ee0   0x000000a0   Code   RO          100    i.DMA2_Stream0_IRQHandler  dma_irq.o
    0x08001f80   0x000000a0   Code   RO          101    i.DMA2_Stream1_IRQHandler  dma_irq.o
    0x08002020   0x000000a0   Code   RO          102    i.DMA2_Stream2_IRQHandler  dma_irq.o
    0x080020c0   0x00000154   Code   RO          103    i.DMA2_Stream3_IRQHandler  dma_irq.o
    0x08002214   0x00000154   Code   RO          104    i.DMA2_Stream4_IRQHandler  dma_irq.o
    0x08002368   0x0000015c   Code   RO          105    i.DMA2_Stream5_IRQHandler  dma_irq.o
    0x080024c4   0x00000154   Code   RO          106    i.DMA2_Stream6_IRQHandler  dma_irq.o
    0x08002618   0x000000d8   Code   RO          107    i.DMA2_Stream7_IRQHandler  dma_irq.o
    0x080026f0   0x0000007e   Code   RO           88    i.DMAstream_Init    dma.o
    0x0800276e   0x00000002   PAD
    0x08002770   0x00000358   Code   RO         1269    i.Data_updata       tcp.o
    0x08002ac8   0x00000004   Code   RO            8    i.Disable_Irq       sys.o
    0x08002acc   0x00000038   Code   RO          152    i.EXTI15_10_IRQHandler  exti.o
    0x08002b04   0x00000020   Code   RO          153    i.EXTI4_IRQHandler  exti.o
    0x08002b24   0x00000020   Code   RO          154    i.EXTI9_5_IRQHandler  exti.o
    0x08002b44   0x00000004   Code   RO            9    i.Enable_Irq        sys.o
    0x08002b48   0x0000015c   Code   RO          129    i.FDCAN1_IT0_IRQHandler  fdcan.o
    0x08002ca4   0x00000024   Code   RO          135    i.FDCAN1_getTxLen   fdcan.o
    0x08002cc8   0x00000164   Code   RO          137    i.FDCAN2_IT0_IRQHandler  fdcan.o
    0x08002e2c   0x00000024   Code   RO          142    i.FDCAN2_getTxLen   fdcan.o
    0x08002e50   0x00000022   Code   RO          670    i.FF_Assert_Lock    ff_locking.o
    0x08002e72   0x00000002   PAD
    0x08002e74   0x0000008c   Code   RO          644    i.FF_BlockRead      ff_ioman.o
    0x08002f00   0x00000090   Code   RO          645    i.FF_BlockWrite     ff_ioman.o
    0x08002f90   0x0000001c   Code   RO          671    i.FF_BufferProceed  ff_locking.o
    0x08002fac   0x00000048   Code   RO          672    i.FF_BufferWait     ff_locking.o
    0x08002ff4   0x00000058   Code   RO          603    i.FF_CheckValid     ff_file.o
    0x0800304c   0x0000001e   Code   RO          537    i.FF_CleanupEntryFetch  ff_dir.o
    0x0800306a   0x00000002   PAD
    0x0800306c   0x00000090   Code   RO          577    i.FF_ClearCluster   ff_fat.o
    0x080030fc   0x0000015c   Code   RO          604    i.FF_Close          ff_file.o
    0x08003258   0x00000022   Code   RO          578    i.FF_Cluster2LBA    ff_fat.o
    0x0800327a   0x00000002   PAD
    0x0800327c   0x00000184   Code   RO          579    i.FF_CountFreeClusters  ff_fat.o
    0x08003400   0x0000002c   Code   RO          538    i.FF_CreateChkSum   ff_dir.o
    0x0800342c   0x00000036   Code   RO          580    i.FF_CreateClusterChain  ff_fat.o
    0x08003462   0x00000150   Code   RO          539    i.FF_CreateDirent   ff_dir.o
    0x080035b2   0x00000026   Code   RO          673    i.FF_CreateEvents   ff_locking.o
    0x080035d8   0x0000009e   Code   RO          540    i.FF_CreateFile     ff_dir.o
    0x08003676   0x00000002   PAD
    0x08003678   0x0000012c   Code   RO          646    i.FF_CreateIOManger  ff_ioman.o
    0x080037a4   0x000000ca   Code   RO          541    i.FF_CreateLFNEntry  ff_dir.o
    0x0800386e   0x00000002   PAD
    0x08003870   0x00000114   Code   RO          542    i.FF_CreateLFNs     ff_dir.o
    0x08003984   0x00000142   Code   RO          543    i.FF_CreateShortName  ff_dir.o
    0x08003ac6   0x00000002   PAD
    0x08003ac8   0x000000bc   Code   RO          647    i.FF_DecreaseFreeClusters  ff_ioman.o
    0x08003b84   0x00000014   Code   RO          674    i.FF_DeleteEvents   ff_locking.o
    0x08003b98   0x00000044   Code   RO          648    i.FF_DeleteIOManager  ff_ioman.o
    0x08003bdc   0x000000d0   Code   RO          544    i.FF_ExtendDirectory  ff_dir.o
    0x08003cac   0x000001a0   Code   RO          605    i.FF_ExtendFile     ff_file.o
    0x08003e4c   0x000000dc   Code   RO          743    i.FF_FS_Add         ff_sys.o
    0x08003f28   0x0000000c   Code   RO          744    i.FF_FS_Count       ff_sys.o
    0x08003f34   0x000000a8   Code   RO          745    i.FF_FS_Find        ff_sys.o
    0x08003fdc   0x00000020   Code   RO          747    i.FF_FS_Init        ff_sys.o
    0x08003ffc   0x000000e8   Code   RO          545    i.FF_FetchEntryWithContext  ff_dir.o
    0x080040e4   0x00000034   Code   RO          606    i.FF_FileLBA        ff_file.o
    0x08004118   0x00000198   Code   RO          546    i.FF_FindDir        ff_dir.o
    0x080042b0   0x00000032   Code   RO          581    i.FF_FindEndOfChain  ff_fat.o
    0x080042e2   0x000002fc   Code   RO          547    i.FF_FindEntryInDir  ff_dir.o
    0x080045de   0x00000002   PAD
    0x080045e0   0x000001b4   Code   RO          582    i.FF_FindFreeCluster  ff_fat.o
    0x08004794   0x0000012c   Code   RO          549    i.FF_FindFreeDirent  ff_dir.o
    0x080048c0   0x00000168   Code   RO          551    i.FF_FindShortName  ff_dir.o
    0x08004a28   0x00000138   Code   RO          649    i.FF_FlushCache     ff_ioman.o
    0x08004b60   0x0000019a   Code   RO          650    i.FF_GetBuffer      ff_ioman.o
    0x08004cfa   0x00000002   PAD
    0x08004cfc   0x00000038   Code   RO          530    i.FF_GetCRC16       ff_crc.o
    0x08004d34   0x00000038   Code   RO          531    i.FF_GetCRC32       ff_crc.o
    0x08004d6c   0x0000006a   Code   RO          583    i.FF_GetChainLength  ff_fat.o
    0x08004dd6   0x00000002   PAD
    0x08004dd8   0x0000012c   Code   RO          651    i.FF_GetEfiPartitionEntry  ff_ioman.o
    0x08004f04   0x000000a8   Code   RO          552    i.FF_GetEntry       ff_dir.o
    0x08004fac   0x00000040   Code   RO          584    i.FF_GetFreeSize    ff_fat.o
    0x08004fec   0x00000084   Code   RO          611    i.FF_GetModeBits    ff_file.o
    0x08005070   0x00000078   Code   RO          612    i.FF_GetSequentialClusters  ff_file.o
    0x080050e8   0x00000014   Code   RO          733    i.FF_GetUtf16SequenceLen  ff_string.o
    0x080050fc   0x0000003e   Code   RO          675    i.FF_Has_Lock       ff_locking.o
    0x0800513a   0x0000003e   Code   RO          654    i.FF_IOMAN_InitBufferDescriptors  ff_ioman.o
    0x08005178   0x000000ec   Code   RO          655    i.FF_IncreaseFreeClusters  ff_ioman.o
    0x08005264   0x0000004e   Code   RO          553    i.FF_InitEntryFetch  ff_dir.o
    0x080052b2   0x00000008   Code   RO          585    i.FF_InitFATBuffers  ff_fat.o
    0x080052ba   0x00000008   Code   RO          613    i.FF_InitFATBuffers  ff_file.o
    0x080052c2   0x00000040   Code   RO          676    i.FF_LockDirectory  ff_locking.o
    0x08005302   0x00000048   Code   RO          677    i.FF_LockFAT        ff_locking.o
    0x0800534a   0x00000002   PAD
    0x0800534c   0x00000038   Code   RO          554    i.FF_MakeNameCompliant  ff_dir.o
    0x08005384   0x000001ec   Code   RO          555    i.FF_MkDir          ff_dir.o
    0x08005570   0x000002c8   Code   RO          656    i.FF_Mount          ff_ioman.o
    0x08005838   0x00000250   Code   RO          616    i.FF_Open           ff_file.o
    0x08005a88   0x000001bc   Code   RO          657    i.FF_ParseExtended  ff_ioman.o
    0x08005c44   0x00000238   Code   RO          658    i.FF_PartitionSearch  ff_ioman.o
    0x08005e7c   0x0000001c   Code   RO          678    i.FF_PendSemaphore  ff_locking.o
    0x08005e98   0x00000198   Code   RO          556    i.FF_PopulateLongDirent  ff_dir.o
    0x08006030   0x0000006c   Code   RO          557    i.FF_PopulateShortDirent  ff_dir.o
    0x0800609c   0x00000050   Code   RO          558    i.FF_ProcessShortName  ff_dir.o
    0x080060ec   0x000000e0   Code   RO          559    i.FF_PushEntryWithContext  ff_dir.o
    0x080061cc   0x00000098   Code   RO          560    i.FF_PutEntry       ff_dir.o
    0x08006264   0x00000056   Code   RO          659    i.FF_ReadParts      ff_ioman.o
    0x080062ba   0x00000052   Code   RO          660    i.FF_ReleaseBuffer  ff_ioman.o
    0x0800630c   0x0000003c   Code   RO          586    i.FF_ReleaseFATBuffers  ff_fat.o
    0x08006348   0x00000018   Code   RO          679    i.FF_ReleaseSemaphore  ff_locking.o
    0x08006360   0x0000003e   Code   RO          757    i.FF_SDDiskDelete   ff_sddisk.o
    0x0800639e   0x00000002   PAD
    0x080063a0   0x0000010c   Code   RO          761    i.FF_SDDiskInit     ff_sddisk.o
    0x080064ac   0x0000002c   Code   RO          762    i.FF_SDDiskMount    ff_sddisk.o
    0x080064d8   0x000000cc   Code   RO          764    i.FF_SDDiskShowPartition  ff_sddisk.o
    0x080065a4   0x00000088   Code   RO          624    i.FF_Seek           ff_file.o
    0x0800662c   0x0000007e   Code   RO          625    i.FF_SetCluster     ff_file.o
    0x080066aa   0x000000c8   Code   RO          562    i.FF_ShortNameExists  ff_dir.o
    0x08006772   0x00000026   Code   RO          680    i.FF_Sleep          ff_locking.o
    0x08006798   0x00000090   Code   RO          563    i.FF_Traverse       ff_dir.o
    0x08006828   0x0000009e   Code   RO          587    i.FF_TraverseFAT    ff_fat.o
    0x080068c6   0x000000d0   Code   RO          628    i.FF_Truncate       ff_file.o
    0x08006996   0x000000f8   Code   RO          588    i.FF_UnlinkClusterChain  ff_fat.o
    0x08006a8e   0x0000001c   Code   RO          682    i.FF_UnlockDirectory  ff_locking.o
    0x08006aaa   0x00000022   Code   RO          683    i.FF_UnlockFAT      ff_locking.o
    0x08006acc   0x00000070   Code   RO          661    i.FF_Unmount        ff_ioman.o
    0x08006b3c   0x00000104   Code   RO          734    i.FF_Utf16ctoUtf8c  ff_string.o
    0x08006c40   0x000000e4   Code   RO          735    i.FF_Utf8ctoUtf16c  ff_string.o
    0x08006d24   0x00000040   Code   RO          564    i.FF_ValidShortChar  ff_dir.o
    0x08006d64   0x000002b0   Code   RO          629    i.FF_Write          ff_file.o
    0x08007014   0x000000b0   Code   RO          630    i.FF_WriteClusters  ff_file.o
    0x080070c4   0x00000084   Code   RO          631    i.FF_WritePartial   ff_file.o
    0x08007148   0x00000006   Code   RO          687    i.FF_getChar        ff_memory.o
    0x0800714e   0x00000018   Code   RO          589    i.FF_getClusterChainNumber  ff_fat.o
    0x08007166   0x0000001e   Code   RO          590    i.FF_getClusterPosition  ff_fat.o
    0x08007184   0x00000138   Code   RO          591    i.FF_getFATEntry    ff_fat.o
    0x080072bc   0x00000022   Code   RO          688    i.FF_getLong        ff_memory.o
    0x080072de   0x00000028   Code   RO          592    i.FF_getMajorBlockNumber  ff_fat.o
    0x08007306   0x0000003e   Code   RO          593    i.FF_getMinorBlockEntry  ff_fat.o
    0x08007344   0x0000003a   Code   RO          594    i.FF_getMinorBlockNumber  ff_fat.o
    0x0800737e   0x0000000a   Code   RO          565    i.FF_getRealLBA     ff_dir.o
    0x08007388   0x0000000a   Code   RO          595    i.FF_getRealLBA     ff_fat.o
    0x08007392   0x0000000a   Code   RO          632    i.FF_getRealLBA     ff_file.o
    0x0800739c   0x00000018   Code   RO          689    i.FF_getShort       ff_memory.o
    0x080073b4   0x00000010   Code   RO          566    i.FF_isDeleted      ff_dir.o
    0x080073c4   0x00000044   Code   RO          596    i.FF_isEndOfChain   ff_fat.o
    0x08007408   0x0000000e   Code   RO          567    i.FF_isEndOfDir     ff_dir.o
    0x08007416   0x00000004   Code   RO          690    i.FF_putChar        ff_memory.o
    0x0800741a   0x00000002   PAD
    0x0800741c   0x00000180   Code   RO          597    i.FF_putFATEntry    ff_fat.o
    0x0800759c   0x00000020   Code   RO          691    i.FF_putLong        ff_memory.o
    0x080075bc   0x00000016   Code   RO          692    i.FF_putShort       ff_memory.o
    0x080075d2   0x0000005e   Code   RO          736    i.FF_strmatch       ff_string.o
    0x08007630   0x000000b4   Code   RO          737    i.FF_strtok         ff_string.o
    0x080076e4   0x00000028   Code   RO          738    i.FF_tolower        ff_string.o
    0x0800770c   0x00000068   Code   RO          252    i.FM25Vx_Ask        fm25vx.o
    0x08007774   0x00000094   Code   RO          253    i.FM25Vx_Get        fm25vx.o
    0x08007808   0x00000020   Code   RO          254    i.FM25Vx_init       fm25vx.o
    0x08007828   0x00000074   Code   RO           25    i.GPIOA_init        gpio.o
    0x0800789c   0x000000e0   Code   RO           26    i.GPIOB_init        gpio.o
    0x0800797c   0x000000b8   Code   RO           27    i.GPIOC_init        gpio.o
    0x08007a34   0x00000144   Code   RO           28    i.GPIOD_init        gpio.o
    0x08007b78   0x00000154   Code   RO           29    i.GPIOE_init        gpio.o
    0x08007ccc   0x000000f4   Code   RO           30    i.GPIOF_init        gpio.o
    0x08007dc0   0x00000138   Code   RO           31    i.GPIOG_init        gpio.o
    0x08007ef8   0x00000124   Code   RO           32    i.GPIOH_init        gpio.o
    0x0800801c   0x000000d4   Code   RO           33    i.GPIOI_init        gpio.o
    0x080080f0   0x00000044   Code   RO           34    i.GPIOJ_init        gpio.o
    0x08008134   0x00000044   Code   RO           35    i.GPIOK_init        gpio.o
    0x08008178   0x00000158   Code   RO         1236    i.GetGPSData        get_gps.o
    0x080082d0   0x0000027c   Code   RO          789    i.INSUartOut        gpsins.o
    0x0800854c   0x0000012c   Code   RO          294    i.MS5611_Ask        ms5611.o
    0x08008678   0x00000414   Code   RO          295    i.MS5611_GetPress   ms5611.o
    0x08008a8c   0x00000070   Code   RO          296    i.MS5611_GetTemp    ms5611.o
    0x08008afc   0x00000020   Code   RO          297    i.MS5611_init       ms5611.o
    0x08008b1c   0x00000034   Code   RO          298    i.MS5611_task       ms5611.o
    0x08008b50   0x00000128   Code   RO          299    i.MS6511_Get        ms5611.o
    0x08008c78   0x0000002c   Code   RO         1270    i.MakeCheckSum      tcp.o
    0x08008ca4   0x0000006c   Code   RO         1238    i.Monitor_SBGE      get_gps.o
    0x08008d10   0x00000078   Code   RO           10    i.NVIC_Init         sys.o
    0x08008d88   0x00000028   Code   RO           11    i.NVIC_PriorityGroupConfig  sys.o
    0x08008db0   0x00000010   Code   RO           12    i.NVIC_SetVectorTable  sys.o
    0x08008dc0   0x0000003c   Code   RO         1272    i.Psi_360           tcp.o
    0x08008dfc   0x000000d4   Code   RO          285    i.RM3100_Ask        rm3100.o
    0x08008ed0   0x000000c8   Code   RO          286    i.RM3100_Get        rm3100.o
    0x08008f98   0x000000b4   Code   RO          287    i.RM3100_ReadMagn   rm3100.o
    0x0800904c   0x00000020   Code   RO          288    i.RM3100_init       rm3100.o
    0x0800906c   0x0000004c   Code   RO          766    i.SCB_CleanDCache_by_Addr  ff_sddisk.o
    0x080090b8   0x0000009c   Code   RO           13    i.SCB_EnableDCache  sys.o
    0x08009154   0x0000007c   Code   RO           14    i.SCB_EnableICache  sys.o
    0x080091d0   0x0000004c   Code   RO          108    i.SCB_InvalidateDCache_by_Addr  dma_irq.o
    0x0800921c   0x0000004c   Code   RO          174    i.SCB_InvalidateDCache_by_Addr  sdmmc_readwrite.o
    0x08009268   0x0000016c   Code   RO          175    i.SDMMC1_IRQHandler  sdmmc_readwrite.o
    0x080093d4   0x000000b8   Code   RO          176    i.SD_DMA_IRQ_manager  sdmmc_readwrite.o
    0x0800948c   0x00000274   Code   RO          177    i.SD_IRQ_manager    sdmmc_readwrite.o
    0x08009700   0x00000040   Code   RO          178    i.SD_ReadDisk       sdmmc_readwrite.o
    0x08009740   0x00000078   Code   RO          179    i.SD_ReadOneBlock   sdmmc_readwrite.o
    0x080097b8   0x00000044   Code   RO          180    i.SD_WriteDisk      sdmmc_readwrite.o
    0x080097fc   0x00000078   Code   RO          181    i.SD_WriteOneBlock  sdmmc_readwrite.o
    0x08009874   0x00000110   Code   RO           67    i.SPI1_DMA_Init     spi.o
    0x08009984   0x00000060   Code   RO          109    i.SPI1_ReadWrite_DMA  dma_irq.o
    0x080099e4   0x00000038   Code   RO           68    i.SPI1_RxManager    spi.o
    0x08009a1c   0x00000034   Code   RO           69    i.SPI1_Tx           spi.o
    0x08009a50   0x00000034   Code   RO           70    i.SPI1_TxManager    spi.o
    0x08009a84   0x00000110   Code   RO           71    i.SPI2_DMA_Init     spi.o
    0x08009b94   0x00000060   Code   RO          110    i.SPI2_ReadWrite_DMA  dma_irq.o
    0x08009bf4   0x00000040   Code   RO           72    i.SPI2_RxManager    spi.o
    0x08009c34   0x00000038   Code   RO           73    i.SPI2_Tx           spi.o
    0x08009c6c   0x0000004c   Code   RO           74    i.SPI2_TxManager    spi.o
    0x08009cb8   0x00000110   Code   RO           75    i.SPI4_DMA_Init     spi.o
    0x08009dc8   0x00000074   Code   RO          111    i.SPI4_ReadWrite_DMA  dma_irq.o
    0x08009e3c   0x00000050   Code   RO           76    i.SPI4_RxManager    spi.o
    0x08009e8c   0x00000038   Code   RO           77    i.SPI4_Tx           spi.o
    0x08009ec4   0x00000070   Code   RO           78    i.SPI4_TxManager    spi.o
    0x08009f34   0x00000050   Code   RO           79    i.SPITx_Pop         spi.o
    0x08009f84   0x000000a2   Code   RO           80    i.SPITx_Push        spi.o
    0x0800a026   0x0000001c   Code   RO           81    i.SPI_GetTxSize     spi.o
    0x0800a042   0x0000005a   Code   RO           82    i.SPI_Init          spi.o
    0x0800a09c   0x00000010   Code   RO           15    i.SysTick_Handler   sys.o
    0x0800a0ac   0x0000000c   Code   RO          499    i.SystemCoreClockUpdate  freertosconfig.o
    0x0800a0b8   0x00000c9a   Code   RO         1273    i.TELE_Frame        tcp.o
    0x0800ad52   0x00000002   PAD
    0x0800ad54   0x00000028   Code   RO         1274    i.TELE_TaskTx       tcp.o
    0x0800ad7c   0x00000024   Code   RO           43    i.TIM3_IRQHandler   timer.o
    0x0800ada0   0x000000ac   Code   RO           44    i.TIM3_Init         timer.o
    0x0800ae4c   0x0000002c   Code   RO          190    i.TIM4_init         pwm.o
    0x0800ae78   0x00000076   Code   RO          192    i.TIM_pwm_init      pwm.o
    0x0800aeee   0x0000002c   Code   RO         1276    i.TaskSBGE          tcp.o
    0x0800af1a   0x00000002   PAD
    0x0800af1c   0x00000100   Code   RO          112    i.UART4_IRQHandler  dma_irq.o
    0x0800b01c   0x0000009c   Code   RO           51    i.UART7_IRQHandler  usart.o
    0x0800b0b8   0x000000b4   Code   RO          113    i.UART8_IRQHandler  dma_irq.o
    0x0800b16c   0x000000b0   Code   RO          114    i.USART1_IRQHandler  dma_irq.o
    0x0800b21c   0x000000b8   Code   RO          115    i.USART2_IRQHandler  dma_irq.o
    0x0800b2d4   0x000000b4   Code   RO          116    i.USART6_IRQHandler  dma_irq.o
    0x0800b388   0x00000024   Code   RO          117    i.Uart4_DMA_RxStart  dma_irq.o
    0x0800b3ac   0x00000024   Code   RO          118    i.Uart8_DMA_RxStart  dma_irq.o
    0x0800b3d0   0x00000024   Code   RO          119    i.Usart1_DMA_RxStart  dma_irq.o
    0x0800b3f4   0x00000074   Code   RO          120    i.Usart1_DMA_TxStart  dma_irq.o
    0x0800b468   0x00000024   Code   RO          121    i.Usart2_DMA_RxStart  dma_irq.o
    0x0800b48c   0x00000084   Code   RO          122    i.Usart2_DMA_TxStart  dma_irq.o
    0x0800b510   0x00000024   Code   RO          123    i.Usart6_DMA_RxStart  dma_irq.o
    0x0800b534   0x00000074   Code   RO          124    i.Usart6_DMA_TxStart  dma_irq.o
    0x0800b5a8   0x00000040   Code   RO           52    i.Usart_GetRxLen    usart.o
    0x0800b5e8   0x0000003c   Code   RO           53    i.Usart_GetTxLen    usart.o
    0x0800b624   0x0000009c   Code   RO           54    i.Usart_Rx          usart.o
    0x0800b6c0   0x000000e8   Code   RO           55    i.Usart_Tx          usart.o
    0x0800b7a8   0x0000017c   Code   RO          309    i._Z10start_taskPv  main.o
    0x0800b924   0x0000003c   Code   RO         1239    i._Z11SBGNcalcCRCPht  get_gps.o
    0x0800b960   0x000000b4   Code   RO          311    i._Z12Timer1s_taskP15tmrTimerControl  main.o
    0x0800ba14   0x00000024   Code   RO          312    i._Z14Timer10ms_taskP15tmrTimerControl  main.o
    0x0800ba38   0x00000002   Code   RO          313    i._Z14Timer50ms_taskP15tmrTimerControl  main.o
    0x0800ba3a   0x00000002   PAD
    0x0800ba3c   0x00000068   Code   RO          314    i._Z15IMUdata5ms_taskP15tmrTimerControl  main.o
    0x0800baa4   0x00000076   Code   RO         1242    i._Z16avgDeltaSmootherdP14gpsDeltaStruct  get_gps.o
    0x0800bb1a   0x00000002   PAD
    0x0800bb1c   0x00001198   Code   RO         1244    i._Z21decode_class_logecom0Ph  get_gps.o
    0x0800ccb4   0x00000154   Code   RO         1245    i._Z21decode_class_logecom1Ph  get_gps.o
    0x0800ce08   0x000001f4   Code   RO          315    i._Z4ESKFv          main.o
    0x0800cffc   0x0000002e   Code   RO          846    i._Z4normRK6CVect3  psins.o
    0x0800d02a   0x00000002   PAD
    0x0800d02c   0x00000114   Code   RO          848    i._Z4rv2qRK6CVect3  psins.o
    0x0800d140   0x000000f4   Code   RO          851    i._Z5a2quaddd       psins.o
    0x0800d234   0x00000060   Code   RO          852    i._Z5askewRK6CVect3  psins.o
    0x0800d294   0x0000007c   Code   RO          853    i._Z5m2attRK5CMat3  psins.o
    0x0800d310   0x00000258   Code   RO          854    i._Z5m2quaRK5CMat3  psins.o
    0x0800d568   0x00000154   Code   RO          857    i._Z5q2matRK5CQuat  psins.o
    0x0800d6bc   0x00000098   Code   RO          858    i._Z6RowMulR4CMatRKS_S2_i  psins.o
    0x0800d754   0x00000022   Code   RO         1246    i._Z6decodePh       get_gps.o
    0x0800d776   0x00000150   Code   RO          859    i._Z6dv2attR6CVect3RKS_S0_S2_  psins.o
    0x0800d8c6   0x00000002   PAD
    0x0800d8c8   0x00000090   Code   RO          861    i._Z7RowMulTR4CMatRKS_S2_i  psins.o
    0x0800d958   0x000000a0   Code   RO          862    i._Z7pos2CenRK6CVect3  psins.o
    0x0800d9f8   0x0000015c   Code   RO          317    i._Z8led_taskPv     main.o
    0x0800db54   0x00000080   Code   RO          864    i._Z8symmetryR4CMat  psins.o
    0x0800dbd4   0x0000004c   Code   RO          318    i._Z9ESKF_taskPv    main.o
    0x0800dc20   0x000000e0   Code   RO          867    i._ZN15LowPassFilter2p20set_cutoff_frequencyEdd  psins.o
    0x0800dd00   0x00000002   Code   RO          870    i._ZN15LowPassFilter2pC1Ev  psins.o
    0x0800dd02   0x00000002   PAD
    0x0800dd04   0x000001ac   Code   RO          871    i._ZN4CGLVC1Edddd   psins.o
    0x0800deb0   0x00000260   Code   RO          875    i._ZN4CIMU6UpdateEPK6CVect3S2_i  psins.o
    0x0800e110   0x0000003c   Code   RO          876    i._ZN4CIMUC1Ev      psins.o
    0x0800e14c   0x0000004c   Code   RO          882    i._ZN4CMat7SetMat3EiiRK5CMat3  psins.o
    0x0800e198   0x0000004c   Code   RO          885    i._ZN4CMat8SetDiag2Edz  psins.o
    0x0800e1e4   0x00000010   Code   RO          886    i._ZN4CMatC1Eii     psins.o
    0x0800e1f4   0x0000002a   Code   RO          888    i._ZN4CMatC1Eiid    psins.o
    0x0800e21e   0x00000002   Code   RO          889    i._ZN4CMatC1Ev      psins.o
    0x0800e220   0x00000014   Code   RO          890    i._ZN4CMatclEii     psins.o
    0x0800e234   0x00000050   Code   RO          891    i._ZN4CMatmIERKS_   psins.o
    0x0800e284   0x0000005a   Code   RO          893    i._ZN4CMatpLERK5CVect  psins.o
    0x0800e2de   0x0000002e   Code   RO          895    i._ZN4CMatppEv      psins.o
    0x0800e30c   0x0000004a   Code   RO          896    i._ZN5CMat3C1ERK6CVect3S2_S2_  psins.o
    0x0800e356   0x00000032   Code   RO          897    i._ZN5CMat3C1Eddddddddd  psins.o
    0x0800e388   0x00000002   Code   RO          898    i._ZN5CMat3C1Ev     psins.o
    0x0800e38a   0x00000012   Code   RO          900    i._ZN5CQuatC1Edddd  psins.o
    0x0800e39c   0x00000002   Code   RO          901    i._ZN5CQuatC1Ev     psins.o
    0x0800e39e   0x0000003c   Code   RO          902    i._ZN5CQuatmIERK6CVect3  psins.o
    0x0800e3da   0x00000002   PAD
    0x0800e3dc   0x00000338   Code   RO          904    i._ZN5CSINS3etmEv   psins.o
    0x0800e714   0x00000118   Code   RO          905    i._ZN5CSINS5leverERK6CVect3  psins.o
    0x0800e82c   0x000004be   Code   RO          907    i._ZN5CSINS6UpdateEPK6CVect3S2_id  psins.o
    0x0800ecea   0x00000002   PAD
    0x0800ecec   0x00000464   Code   RO          909    i._ZN5CSINSC1ERK5CQuatRK6CVect3S5_d  psins.o
    0x0800f150   0x0000006a   Code   RO          910    i._ZN5CVect3SetEdz  psins.o
    0x0800f1ba   0x0000006e   Code   RO          911    i._ZN5CVect4Set2Edz  psins.o
    0x0800f228   0x00000022   Code   RO          915    i._ZN5CVectC1Eid    psins.o
    0x0800f24a   0x00000014   Code   RO          917    i._ZN5CVectC1Eii    psins.o
    0x0800f25e   0x00000002   Code   RO          918    i._ZN5CVectC1Ev     psins.o
    0x0800f260   0x0000000c   Code   RO          919    i._ZN5CVectclEi     psins.o
    0x0800f26c   0x0000005e   Code   RO          922    i._ZN5CVectpLERKS_  psins.o
    0x0800f2ca   0x00000002   PAD
    0x0800f2cc   0x00000230   Code   RO          923    i._ZN6CEarth6UpdateERK6CVect3S2_  psins.o
    0x0800f4fc   0x00000100   Code   RO          924    i._ZN6CEarthC1Eddd  psins.o
    0x0800f5fc   0x00000200   Code   RO          791    i._ZN6CKFApp14gps_sbgmessageEv  gpsins.o
    0x0800f7fc   0x00000104   Code   RO          792    i._ZN6CKFApp18IMUData_compensateER14IMU_Data_value  gpsins.o
    0x0800f900   0x0000037c   Code   RO          793    i._ZN6CKFApp4AHRSERK6CVect3  gpsins.o
    0x0800fc7c   0x00000ac4   Code   RO          794    i._ZN6CKFApp6Init16ERK5CSINS  gpsins.o
    0x08010740   0x00000964   Code   RO          795    i._ZN6CKFApp6MeasupEddRK6CVect3  gpsins.o
    0x080110a4   0x00000168   Code   RO          796    i._ZN6CKFApp6UpdateEv  gpsins.o
    0x0801120c   0x0000003e   Code   RO          797    i._ZN6CKFApp7SetMeasEP6CVect3S1_d  gpsins.o
    0x0801124a   0x00000002   PAD
    0x0801124c   0x00000114   Code   RO          798    i._ZN6CKFApp7at_restEv  gpsins.o
    0x08011360   0x000009a2   Code   RO          799    i._ZN6CKFApp8mean_stdEii  gpsins.o
    0x08011d02   0x00000002   PAD
    0x08011d04   0x0000027c   Code   RO          801    i._ZN6CKFAppC1Ev    gpsins.o
    0x08011f80   0x00000010   Code   RO          338    i._ZN6CKFAppD1Ev    main.o
    0x08011f90   0x0000000e   Code   RO          935    i._ZN6CVect3C1Eddd  psins.o
    0x08011f9e   0x00000002   Code   RO          936    i._ZN6CVect3C1Ev    psins.o
    0x08011fa0   0x00000032   Code   RO          938    i._ZN6CVect3mIERKS_  psins.o
    0x08011fd2   0x00000032   Code   RO          940    i._ZN6CVect3pLERKS_  psins.o
    0x08012004   0x0000000e   Code   RO          943    i._ZN7CKalman11SetMeasFlagEi  psins.o
    0x08012012   0x00000002   PAD
    0x08012014   0x00000168   Code   RO          944    i._ZN7CKalman11XPConstrainEv  psins.o
    0x0801217c   0x00000124   Code   RO          948    i._ZN7CKalman8FeedbackEd  psins.o
    0x080122a0   0x00000140   Code   RO          949    i._ZN7CKalman9RAdaptiveEidd  psins.o
    0x080123e0   0x000003ac   Code   RO          950    i._ZN7CKalmanC1Eii  psins.o
    0x0801278c   0x000001b6   Code   RO          959    i._ZN7CSINSKF5SetFtEv  psins.o
    0x08012942   0x00000002   PAD
    0x08012944   0x000006a8   Code   RO          960    i._ZN7CSINSKF5SetHkEv  psins.o
    0x08012fec   0x000000bc   Code   RO          961    i._ZN7CSINSKF6FankuiEd  psins.o
    0x080130a8   0x00000078   Code   RO          963    i._ZN7CSINSKFC1Eii  psins.o
    0x08013120   0x0000004c   Code   RO          802    i._ZN7INITapp7attinitERK6CVect3S2_id  gpsins.o
    0x0801316c   0x0000009c   Code   RO          803    i._ZN7INITappC1Ev   gpsins.o
    0x08013208   0x00000350   Code   RO          964    i._ZN8CAligni06UpdateEPK6CVect3S2_id  psins.o
    0x08013558   0x0000019c   Code   RO          965    i._ZN8CAligni0C1ERK6CVect3  psins.o
    0x080136f4   0x00000666   Code   RO          970    i._ZN9CSINSTDKF8TDUpdateEPK6CVect3S2_idi  psins.o
    0x08013d5a   0x00000002   PAD
    0x08013d5c   0x0000015c   Code   RO          971    i._ZN9CSINSTDKFC1Eii  psins.o
    0x08013eb8   0x00000050   Code   RO          978    i._ZNK4CMat6GetRowEi  psins.o
    0x08013f08   0x00000090   Code   RO          981    i._ZNK4CMatmlERK5CVect  psins.o
    0x08013f98   0x000000ac   Code   RO          982    i._ZNK4CMatmlERKS_  psins.o
    0x08014044   0x00000056   Code   RO          983    i._ZNK4CMatmlEd     psins.o
    0x0801409a   0x000000ae   Code   RO          985    i._ZNK5CMat3miERKS_  psins.o
    0x08014148   0x00000094   Code   RO          986    i._ZNK5CMat3mlERK6CVect3  psins.o
    0x080141dc   0x00000186   Code   RO          987    i._ZNK5CMat3mlERKS_  psins.o
    0x08014362   0x00000084   Code   RO          989    i._ZNK5CMat3ngEv    psins.o
    0x080143e6   0x000000ae   Code   RO          990    i._ZNK5CMat3plERKS_  psins.o
    0x08014494   0x0000004c   Code   RO          991    i._ZNK5CQuatcoEv    psins.o
    0x080144e0   0x0000016e   Code   RO          994    i._ZNK5CQuatmlERK6CVect3  psins.o
    0x0801464e   0x000000f0   Code   RO          995    i._ZNK5CQuatmlERKS_  psins.o
    0x0801473e   0x00000002   PAD
    0x08014740   0x000000cc   Code   RO          999    i._ZNK5CVectmlERKS_  psins.o
    0x0801480c   0x0000005e   Code   RO         1000    i._ZNK5CVectmlEd    psins.o
    0x0801486a   0x00000060   Code   RO         1002    i._ZNK6CEarth7vn2dposERK6CVect3d  psins.o
    0x080148ca   0x0000006a   Code   RO         1004    i._ZNK6CVect36IsZeroEd  psins.o
    0x08014934   0x00000050   Code   RO         1006    i._ZNK6CVect3dvEd   psins.o
    0x08014984   0x0000004c   Code   RO         1007    i._ZNK6CVect3miERKS_  psins.o
    0x080149d0   0x00000070   Code   RO         1008    i._ZNK6CVect3mlERKS_  psins.o
    0x08014a40   0x00000044   Code   RO         1009    i._ZNK6CVect3mlEd   psins.o
    0x08014a84   0x00000040   Code   RO         1010    i._ZNK6CVect3ngEv   psins.o
    0x08014ac4   0x0000004c   Code   RO         1011    i._ZNK6CVect3plERKS_  psins.o
    0x08014b10   0x00000060   Code   RO         1013    i._ZcoRK5CMat3      psins.o
    0x08014b70   0x00000028   Code   RO         1014    i._ZcoRK5CVect      psins.o
    0x08014b98   0x00000044   Code   RO         1016    i._ZmldRK6CVect3    psins.o
    0x08014bdc   0x0000004c   Code   RO         1017    i._ZmmRK5CQuat      psins.o
    0x08014c28   0x00000028   Code   RO         1293    i._Znwj             cpprt_w.l(new.o)
    0x08014c50   0x00000020   Code   RO         1588    i.__0printf         mc_w.l(printfa.o)
    0x08014c70   0x00000030   Code   RO         1589    i.__0snprintf       mc_w.l(printfa.o)
    0x08014ca0   0x00000028   Code   RO         1590    i.__0sprintf        mc_w.l(printfa.o)
    0x08014cc8   0x00000030   Code   RO         1666    i.__ARM_fpclassify  m_wv.l(fpclassify.o)
    0x08014cf8   0x00000026   Code   RO         1667    i.__ARM_fpclassifyf  m_wv.l(fpclassifyf.o)
    0x08014d1e   0x00000010   Code   RO         1296    i.__cxa_guard_acquire  cpprt_w.l(cxa_guard_acquire.o)
    0x08014d2e   0x00000002   PAD
    0x08014d30   0x00000208   Code   RO         1392    i.__hardfp_asin     m_wv.l(asin.o)
    0x08014f38   0x00000200   Code   RO         1646    i.__hardfp_atan     m_wv.l(atan.o)
    0x08015138   0x000001c0   Code   RO         1400    i.__hardfp_atan2    m_wv.l(atan2.o)
    0x080152f8   0x000000b0   Code   RO         1406    i.__hardfp_cos      m_wv.l(cos.o)
    0x080153a8   0x00000150   Code   RO         1412    i.__hardfp_cosf     m_wv.l(cosf.o)
    0x080154f8   0x000008f8   Code   RO         1418    i.__hardfp_pow      m_wv.l(pow.o)
    0x08015df0   0x000000b0   Code   RO         1426    i.__hardfp_sin      m_wv.l(sin.o)
    0x08015ea0   0x00000066   Code   RO         1432    i.__hardfp_sqrt     m_wv.l(sqrt.o)
    0x08015f06   0x0000003a   Code   RO         1438    i.__hardfp_sqrtf    m_wv.l(sqrtf.o)
    0x08015f40   0x00000080   Code   RO         1444    i.__hardfp_tan      m_wv.l(tan.o)
    0x08015fc0   0x00000180   Code   RO         1450    i.__hardfp_tanf     m_wv.l(tanf.o)
    0x08016140   0x00000310   Code   RO         1677    i.__ieee754_rem_pio2  m_wv.l(rred.o)
    0x08016450   0x000000e0   Code   RO         1654    i.__kernel_cos      m_wv.l(cos_i.o)
    0x08016530   0x00000070   Code   RO         1675    i.__kernel_poly     m_wv.l(poly.o)
    0x080165a0   0x000000a8   Code   RO         1682    i.__kernel_sin      m_wv.l(sin_i.o)
    0x08016648   0x00000208   Code   RO         1686    i.__kernel_tan      m_wv.l(tan_i.o)
    0x08016850   0x00000020   Code   RO         1656    i.__mathlib_dbl_divzero  m_wv.l(dunder.o)
    0x08016870   0x00000006   Code   RO         1657    i.__mathlib_dbl_infnan  m_wv.l(dunder.o)
    0x08016876   0x00000006   Code   RO         1658    i.__mathlib_dbl_infnan2  m_wv.l(dunder.o)
    0x0801687c   0x00000004   PAD
    0x08016880   0x00000018   Code   RO         1659    i.__mathlib_dbl_invalid  m_wv.l(dunder.o)
    0x08016898   0x00000018   Code   RO         1660    i.__mathlib_dbl_overflow  m_wv.l(dunder.o)
    0x080168b0   0x00000018   Code   RO         1662    i.__mathlib_dbl_underflow  m_wv.l(dunder.o)
    0x080168c8   0x00000006   Code   RO         1669    i.__mathlib_flt_infnan  m_wv.l(funder.o)
    0x080168ce   0x00000002   PAD
    0x080168d0   0x00000010   Code   RO         1671    i.__mathlib_flt_invalid  m_wv.l(funder.o)
    0x080168e0   0x00000010   Code   RO         1674    i.__mathlib_flt_underflow  m_wv.l(funder.o)
    0x080168f0   0x00000154   Code   RO         1680    i.__mathlib_rredf2  m_wv.l(rredf.o)
    0x08016a44   0x0000000e   Code   RO         1769    i.__scatterload_copy  mc_w.l(handlers.o)
    0x08016a52   0x00000002   Code   RO         1770    i.__scatterload_null  mc_w.l(handlers.o)
    0x08016a54   0x0000000e   Code   RO         1771    i.__scatterload_zeroinit  mc_w.l(handlers.o)
    0x08016a62   0x00000002   PAD
    0x08016a64   0x0000000c   Code   RO         1713    i.__set_errno       mc_w.l(errno.o)
    0x08016a70   0x00000010   Code   RO          804    i.__sti___10_gpsins_cpp_2b2338d6  gpsins.o
    0x08016a80   0x00000020   Code   RO          319    i.__sti___8_main_cpp_4081c133  main.o
    0x08016aa0   0x00000128   Code   RO         1018    i.__sti___9_psins_cpp_I31  psins.o
    0x08016bc8   0x00000184   Code   RO         1595    i._fp_digits        mc_w.l(printfa.o)
    0x08016d4c   0x000006dc   Code   RO         1596    i._printf_core      mc_w.l(printfa.o)
    0x08017428   0x00000024   Code   RO         1597    i._printf_post_padding  mc_w.l(printfa.o)
    0x0801744c   0x0000002e   Code   RO         1598    i._printf_pre_padding  mc_w.l(printfa.o)
    0x0801747a   0x00000016   Code   RO         1599    i._snputc           mc_w.l(printfa.o)
    0x08017490   0x0000000a   Code   RO         1600    i._sputc            mc_w.l(printfa.o)
    0x0801749a   0x00000046   Code   RO         1019    i.a2qua             psins.o
    0x080174e0   0x00000028   Code   RO         1020    i.assert            psins.o
    0x08017508   0x00000010   Code   RO         1648    i.atan              m_wv.l(atan.o)
    0x08017518   0x0000005c   Code   RO         1021    i.atan2Ex           psins.o
    0x08017574   0x00000320   Code   RO           16    i.clock_init        sys.o
    0x08017894   0x0000014c   Code   RO         1247    i.decode_sbg        get_gps.o
    0x080179e0   0x00000040   Code   RO           17    i.delay_init        sys.o
    0x08017a20   0x00000048   Code   RO           18    i.delay_ms          sys.o
    0x08017a68   0x00000048   Code   RO           19    i.delay_us          sys.o
    0x08017ab0   0x0000005c   Code   RO         1022    i.diffYaw           psins.o
    0x08017b0c   0x00000048   Code   RO          156    i.exti_enable       exti.o
    0x08017b54   0x000000d4   Code   RO          157    i.exti_init         exti.o
    0x08017c28   0x00000040   Code   RO          782    i.f_write           fatfs.o
    0x08017c68   0x00000018   Code   RO         1665    i.fabs              m_wv.l(fabs.o)
    0x08017c80   0x00000030   Code   RO          783    i.fat_init          fatfs.o
    0x08017cb0   0x00000110   Code   RO          784    i.fat_task          fatfs.o
    0x08017dc0   0x0000023c   Code   RO          143    i.fdcan1_init       fdcan.o
    0x08017ffc   0x00000208   Code   RO          144    i.fdcan2_init       fdcan.o
    0x08018204   0x00000098   Code   RO          696    i.ff_chdir          ff_stdio.o
    0x0801829c   0x0000002c   Code   RO          698    i.ff_fclose         ff_stdio.o
    0x080182c8   0x00000082   Code   RO          700    i.ff_fflush         ff_stdio.o
    0x0801834a   0x00000030   Code   RO          704    i.ff_finddir        ff_stdio.o
    0x0801837a   0x00000050   Code   RO          707    i.ff_fopen          ff_stdio.o
    0x080183ca   0x00000036   Code   RO          714    i.ff_fwrite         ff_stdio.o
    0x08018400   0x00000056   Code   RO          717    i.ff_mkdir          ff_stdio.o
    0x08018456   0x00000002   PAD
    0x08018458   0x0000010c   Code   RO          246    i.filter_init       2ndolpfilter.o
    0x08018564   0x00000026   Code   RO          247    i.filter_output     2ndolpfilter.o
    0x0801858a   0x0000003c   Code   RO          248    i.filter_update     2ndolpfilter.o
    0x080185c6   0x00000012   Code   RO         1704    i.fputc             mc_w.l(fputc.o)
    0x080185d8   0x00000050   Code   RO         1602    i.free              mc_w.l(malloc.o)
    0x08018628   0x0000000c   Code   RO           36    i.get_pin           gpio.o
    0x08018634   0x00000030   Code   RO           37    i.gpio_init         gpio.o
    0x08018664   0x0000009c   Code   RO           38    i.gpio_pin_init     gpio.o
    0x08018700   0x000000ac   Code   RO          305    i.init              init.o
    0x080187ac   0x00000054   Code   RO          320    i.main              main.o
    0x08018800   0x0000006c   Code   RO         1603    i.malloc            mc_w.l(malloc.o)
    0x0801886c   0x00000068   Code   RO          725    i.prvABSPath        ff_stdio.o
    0x080188d4   0x000000c0   Code   RO          397    i.prvAddCurrentTaskToDelayedList  tasks.o
    0x08018994   0x000000ec   Code   RO          398    i.prvAddNewTaskToReadyList  tasks.o
    0x08018a80   0x00000028   Code   RO          635    i.prvAllocFileHandle  ff_file.o
    0x08018aa8   0x00000018   Code   RO          768    i.prvCacheClean     ff_sddisk.o
    0x08018ac0   0x00000064   Code   RO          465    i.prvCheckForValidListAndQueue  timers.o
    0x08018b24   0x00000048   Code   RO          399    i.prvCheckTasksWaitingTermination  tasks.o
    0x08018b6c   0x0000002a   Code   RO          205    i.prvCopyDataFromQueue  queue.o
    0x08018b96   0x000000b8   Code   RO          206    i.prvCopyDataToQueue  queue.o
    0x08018c4e   0x00000012   Code   RO          400    i.prvDeleteTCB      tasks.o
    0x08018c60   0x000000d8   Code   RO          662    i.prvDetermineFatType  ff_ioman.o
    0x08018d38   0x00000174   Code   RO          726    i.prvFFErrorToErrno  ff_stdio.o
    0x08018eac   0x000000c0   Code   RO          770    i.prvFFRead         ff_sddisk.o
    0x08018f6c   0x000000c8   Code   RO          771    i.prvFFWrite        ff_sddisk.o
    0x08019034   0x00000014   Code   RO          207    i.prvGetDisinheritPriorityAfterTimeout  queue.o
    0x08019048   0x0000006c   Code   RO          598    i.prvGetFromFATBuffers  ff_fat.o
    0x080190b4   0x00000028   Code   RO          466    i.prvGetNextExpireTime  timers.o
    0x080190dc   0x0000002c   Code   RO          663    i.prvHasActiveHandles  ff_ioman.o
    0x08019108   0x0000007c   Code   RO          504    i.prvHeapInit       heap_4.o
    0x08019184   0x00000028   Code   RO          401    i.prvIdleTask       tasks.o
    0x080191ac   0x0000001e   Code   RO          208    i.prvInitialiseMutex  queue.o
    0x080191ca   0x0000002e   Code   RO          209    i.prvInitialiseNewQueue  queue.o
    0x080191f8   0x000000a0   Code   RO          402    i.prvInitialiseNewTask  tasks.o
    0x08019298   0x00000038   Code   RO          467    i.prvInitialiseNewTimer  timers.o
    0x080192d0   0x00000068   Code   RO          403    i.prvInitialiseTaskLists  tasks.o
    0x08019338   0x00000068   Code   RO          505    i.prvInsertBlockIntoFreeList  heap_4.o
    0x080193a0   0x00000058   Code   RO          468    i.prvInsertTimerInActiveList  timers.o
    0x080193f8   0x00000016   Code   RO          664    i.prvIsExtendedPartition  ff_ioman.o
    0x0801940e   0x0000001a   Code   RO          210    i.prvIsQueueEmpty   queue.o
    0x08019428   0x0000001e   Code   RO          211    i.prvIsQueueFull    queue.o
    0x08019446   0x00000012   Code   RO          665    i.prvIsValidMedia   ff_ioman.o
    0x08019458   0x0000004c   Code   RO          212    i.prvNotifyQueueSetContainer  queue.o
    0x080194a4   0x00000044   Code   RO          469    i.prvProcessExpiredTimer  timers.o
    0x080194e8   0x00000110   Code   RO          470    i.prvProcessReceivedCommands  timers.o
    0x080195f8   0x00000068   Code   RO          727    i.prvProcessRelativePaths  ff_stdio.o
    0x08019660   0x00000074   Code   RO          471    i.prvProcessTimerOrBlockTask  timers.o
    0x080196d4   0x00000028   Code   RO          472    i.prvReloadTimer    timers.o
    0x080196fc   0x00000030   Code   RO          405    i.prvResetNextTaskUnblockTime  tasks.o
    0x0801972c   0x00000010   Code   RO          772    i.prvSDDetect       ff_sddisk.o
    0x0801973c   0x00000054   Code   RO          773    i.prvSDMMCInit      ff_sddisk.o
    0x08019790   0x0000002c   Code   RO          473    i.prvSampleTimeNow  timers.o
    0x080197bc   0x00000044   Code   RO          474    i.prvSwitchTimerLists  timers.o
    0x08019800   0x0000001a   Code   RO          518    i.prvTaskExitError  port.o
    0x0801981a   0x0000001e   Code   RO          343    i.prvTestWaitCondition  event_groups.o
    0x08019838   0x0000001a   Code   RO          475    i.prvTimerTask      timers.o
    0x08019852   0x00000016   Code   RO          568    i.prvToLower        ff_dir.o
    0x08019868   0x00000090   Code   RO          213    i.prvUnlockQueue    queue.o
    0x080198f8   0x000000fc   Code   RO          506    i.pvPortMalloc      heap_4.o
    0x080199f4   0x00000028   Code   RO          409    i.pvTaskGetThreadLocalStoragePointer  tasks.o
    0x08019a1c   0x00000020   Code   RO          410    i.pvTaskIncrementMutexHeldCount  tasks.o
    0x08019a3c   0x00000028   Code   RO          728    i.pxFindCWD         ff_stdio.o
    0x08019a64   0x0000002c   Code   RO          519    i.pxPortInitialiseStack  port.o
    0x08019a90   0x00000138   Code   RO         1023    i.q2att             psins.o
    0x08019bc8   0x0000002a   Code   RO         1024    i.range             psins.o
    0x08019bf2   0x00000002   PAD
    0x08019bf4   0x000000bc   Code   RO          161    i.sdcard_getInfo    sdmmc.o
    0x08019cb0   0x00000050   Code   RO          162    i.sdcard_init       sdmmc.o
    0x08019d00   0x00000014   Code   RO          163    i.sdcard_poweroff   sdmmc.o
    0x08019d14   0x00000100   Code   RO          164    i.sdcard_poweron    sdmmc.o
    0x08019e14   0x00000030   Code   RO          165    i.sdcard_select     sdmmc.o
    0x08019e44   0x000001c4   Code   RO          166    i.sdcard_setbuswidth  sdmmc.o
    0x0801a008   0x00000050   Code   RO          182    i.sdmmc1_sendCmd_TI  sdmmc_readwrite.o
    0x0801a058   0x00000068   Code   RO          167    i.sdmmc_init        sdmmc.o
    0x0801a0c0   0x000001c0   Code   RO          168    i.sdmmc_sendCmd     sdmmc.o
    0x0801a280   0x00000018   Code   RO          169    i.sdmmc_set_clk     sdmmc.o
    0x0801a298   0x0000002a   Code   RO           39    i.set_pin           gpio.o
    0x0801a2c2   0x00000026   Code   RO         1025    i.sign              psins.o
    0x0801a2e8   0x00000010   Code   RO           83    i.spi_init          spi.o
    0x0801a2f8   0x0000006a   Code   RO         1434    i.sqrt              m_wv.l(sqrt.o)
    0x0801a362   0x00000010   Code   RO          729    i.stdioSET_ERRNO    ff_stdio.o
    0x0801a372   0x00000030   Code   RO          569    i.strcasecmp        ff_dir.o
    0x0801a3a2   0x00000002   PAD
    0x0801a3a4   0x000001c4   Code   RO           45    i.time_isr          timer.o
    0x0801a568   0x0000000c   Code   RO           46    i.timer_init        timer.o
    0x0801a574   0x00000160   Code   RO           56    i.uart4_init        usart.o
    0x0801a6d4   0x000000ec   Code   RO           57    i.uart7_init        usart.o
    0x0801a7c0   0x00000168   Code   RO           58    i.uart8_dma_init    usart.o
    0x0801a928   0x0000001c   Code   RO         1249    i.ubloxInit         get_gps.o
    0x0801a944   0x00000180   Code   RO           59    i.usart1_dma_init   usart.o
    0x0801aac4   0x0000018c   Code   RO           60    i.usart2_dma_init   usart.o
    0x0801ac50   0x0000018c   Code   RO           61    i.usart6_dma_init   usart.o
    0x0801addc   0x00000028   Code   RO          360    i.uxListRemove      list.o
    0x0801ae04   0x00000012   Code   RO          216    i.uxQueueMessagesWaiting  queue.o
    0x0801ae16   0x00000002   PAD
    0x0801ae18   0x0000001c   Code   RO          418    i.uxTaskResetEventItemValue  tasks.o
    0x0801ae34   0x0000002a   Code   RO          346    i.vEventGroupDelete  event_groups.o
    0x0801ae5e   0x0000001a   Code   RO          361    i.vListInitialise   list.o
    0x0801ae78   0x00000006   Code   RO          362    i.vListInitialiseItem  list.o
    0x0801ae7e   0x00000034   Code   RO          363    i.vListInsert       list.o
    0x0801aeb2   0x00000018   Code   RO          364    i.vListInsertEnd    list.o
    0x0801aeca   0x00000002   PAD
    0x0801aecc   0x00000028   Code   RO          521    i.vPortEnterCritical  port.o
    0x0801aef4   0x00000020   Code   RO          522    i.vPortExitCritical  port.o
    0x0801af14   0x00000058   Code   RO          507    i.vPortFree         heap_4.o
    0x0801af6c   0x00000028   Code   RO          523    i.vPortSetupTimerInterrupt  port.o
    0x0801af94   0x00000048   Code   RO          219    i.vQueueAddToRegistry  queue.o
    0x0801afdc   0x0000004a   Code   RO          223    i.vQueueWaitForMessageRestricted  queue.o
    0x0801b026   0x00000002   PAD
    0x0801b028   0x00000034   Code   RO          419    i.vTaskDelay        tasks.o
    0x0801b05c   0x000000d4   Code   RO          420    i.vTaskDelete       tasks.o
    0x0801b130   0x00000018   Code   RO          424    i.vTaskInternalSetTimeOutState  tasks.o
    0x0801b148   0x0000000c   Code   RO          426    i.vTaskMissedYield  tasks.o
    0x0801b154   0x00000020   Code   RO          427    i.vTaskPlaceOnEventList  tasks.o
    0x0801b174   0x0000004c   Code   RO          428    i.vTaskPlaceOnEventListRestricted  tasks.o
    0x0801b1c0   0x00000050   Code   RO          429    i.vTaskPlaceOnUnorderedEventList  tasks.o
    0x0801b210   0x000000d4   Code   RO          430    i.vTaskPriorityDisinheritAfterTimeout  tasks.o
    0x0801b2e4   0x000000d0   Code   RO          432    i.vTaskRemoveFromUnorderedEventList  tasks.o
    0x0801b3b4   0x00000020   Code   RO          435    i.vTaskSetThreadLocalStoragePointer  tasks.o
    0x0801b3d4   0x0000007c   Code   RO          437    i.vTaskStartScheduler  tasks.o
    0x0801b450   0x00000010   Code   RO          439    i.vTaskSuspendAll   tasks.o
    0x0801b460   0x00000060   Code   RO          440    i.vTaskSwitchContext  tasks.o
    0x0801b4c0   0x00000020   Code   RO          349    i.xEventGroupClearBits  event_groups.o
    0x0801b4e0   0x0000001a   Code   RO          351    i.xEventGroupCreate  event_groups.o
    0x0801b4fa   0x00000092   Code   RO          353    i.xEventGroupSetBits  event_groups.o
    0x0801b58c   0x000000cc   Code   RO          356    i.xEventGroupWaitBits  event_groups.o
    0x0801b658   0x00000006   Code   RO          775    i.xIsCachable       ff_sddisk.o
    0x0801b65e   0x00000002   PAD
    0x0801b660   0x00000048   Code   RO          524    i.xPortStartScheduler  port.o
    0x0801b6a8   0x00000038   Code   RO          525    i.xPortSysTickHandler  port.o
    0x0801b6e0   0x00000022   Code   RO          226    i.xQueueCreateMutex  queue.o
    0x0801b702   0x0000004c   Code   RO          228    i.xQueueGenericCreate  queue.o
    0x0801b74e   0x00000002   PAD
    0x0801b750   0x000000a0   Code   RO          229    i.xQueueGenericReset  queue.o
    0x0801b7f0   0x00000148   Code   RO          230    i.xQueueGenericSend  queue.o
    0x0801b938   0x000000ac   Code   RO          231    i.xQueueGenericSendFromISR  queue.o
    0x0801b9e4   0x00000090   Code   RO          232    i.xQueueGiveFromISR  queue.o
    0x0801ba74   0x00000030   Code   RO          233    i.xQueueGiveMutexRecursive  queue.o
    0x0801baa4   0x00000104   Code   RO          238    i.xQueueReceive     queue.o
    0x0801bba8   0x00000130   Code   RO          243    i.xQueueSemaphoreTake  queue.o
    0x0801bcd8   0x00000036   Code   RO          244    i.xQueueTakeMutexRecursive  queue.o
    0x0801bd0e   0x00000002   PAD
    0x0801bd10   0x00000060   Code   RO          442    i.xTaskCheckForTimeOut  tasks.o
    0x0801bd70   0x00000060   Code   RO          443    i.xTaskCreate       tasks.o
    0x0801bdd0   0x0000000c   Code   RO          449    i.xTaskGetCurrentTaskHandle  tasks.o
    0x0801bddc   0x00000020   Code   RO          450    i.xTaskGetSchedulerState  tasks.o
    0x0801bdfc   0x0000000c   Code   RO          451    i.xTaskGetTickCount  tasks.o
    0x0801be08   0x00000190   Code   RO          453    i.xTaskIncrementTick  tasks.o
    0x0801bf98   0x000000ac   Code   RO          454    i.xTaskPriorityDisinherit  tasks.o
    0x0801c044   0x000000ec   Code   RO          455    i.xTaskPriorityInherit  tasks.o
    0x0801c130   0x00000108   Code   RO          456    i.xTaskRemoveFromEventList  tasks.o
    0x0801c238   0x0000015c   Code   RO          457    i.xTaskResumeAll    tasks.o
    0x0801c394   0x00000036   Code   RO          482    i.xTimerCreate      timers.o
    0x0801c3ca   0x00000002   PAD
    0x0801c3cc   0x00000040   Code   RO          483    i.xTimerCreateTimerTask  timers.o
    0x0801c40c   0x0000006c   Code   RO          484    i.xTimerGenericCommand  timers.o
    0x0801c478   0x00000008   Data   RO          147    .constdata          fdcan.o
    0x0801c480   0x00000700   Data   RO          533    .constdata          ff_crc.o
    0x0801cb80   0x0000000a   Data   RO          570    .constdata          ff_dir.o
    0x0801cb8a   0x00000002   Data   RO          750    .constdata          ff_sys.o
    0x0801cb8c   0x00000004   PAD
    0x0801cb90   0x00000050   Data   RO         1395    .constdata          m_wv.l(asin.o)
    0x0801cbe0   0x00000088   Data   RO         1421    .constdata          m_wv.l(pow.o)
    0x0801cc68   0x00000098   Data   RO         1649    .constdata          m_wv.l(atan.o)
    0x0801cd00   0x00000030   Data   RO         1655    .constdata          m_wv.l(cos_i.o)
    0x0801cd30   0x00000008   Data   RO         1676    .constdata          m_wv.l(qnan.o)
    0x0801cd38   0x000000c8   Data   RO         1679    .constdata          m_wv.l(rred.o)
    0x0801ce00   0x00000020   Data   RO         1681    .constdata          m_wv.l(rredf.o)
    0x0801ce20   0x00000028   Data   RO         1683    .constdata          m_wv.l(sin_i.o)
    0x0801ce48   0x00000060   Data   RO         1687    .constdata          m_wv.l(tan_i.o)
    0x0801cea8   0x00000018   Data   RO          828    .constdata__ZTV6CKFApp  gpsins.o
    0x0801cec0   0x00000014   Data   RO         1223    .constdata__ZTV7CSINSKF  psins.o
    0x0801ced4   0x00000014   Data   RO         1228    .constdata__ZTV9CSINSTDKF  psins.o
    0x0801cee8   0x00000020   Data   RO         1767    Region$$Table       anon$$obj.o
    0x0801cf08   0x00000004   Data   RO          336    .init_array         main.o
    0x0801cf0c   0x00000004   Data   RO          823    .init_array         gpsins.o
    0x0801cf10   0x00000004   Data   RO         1221    .init_array         psins.o
    0x0801cf14   0x00000000   Data   RO         1617    .init_array         mc_w.l(cpp_init.o)


    Execution Region RW_IRAM2 (Base: 0x24000000, Size: 0x00078200, Max: 0x00080000, ABSOLUTE, COMPRESSED[0x00000098])

    Base Addr    Size         Type   Attr      Idx    E Section Name        Object

    0x24000000   0x00000008   Data   RW           21    .data               sys.o
    0x24000008   0x00000018   Data   RW           47    .data               timer.o
    0x24000020   0x00000008   Data   RW          148    .data               fdcan.o
    0x24000028   0x00000010   Data   RW          184    .data               sdmmc_readwrite.o
    0x24000038   0x00000048   Data   RW          195    .data               pwm.o
    0x24000080   0x0000000a   Data   RW          257    .data               fm25vx.o
    0x2400008a   0x00000002   PAD
    0x2400008c   0x0000000c   Data   RW          266    .data               adis16470.o
    0x24000098   0x00000008   PAD
    0x240000a0   0x00000062   Data   RW          281    .data               bmi088.o
    0x24000102   0x00000006   Data   RW          290    .data               rm3100.o
    0x24000108   0x00000021   Data   RW          301    .data               ms5611.o
    0x24000129   0x00000003   PAD
    0x2400012c   0x0000004d   Data   RW          335    .data               main.o
    0x24000179   0x00000003   PAD
    0x2400017c   0x00000040   Data   RW          460    .data               tasks.o
    0x240001bc   0x00000014   Data   RW          492    .data               timers.o
    0x240001d0   0x00000004   Data   RW          500    .data               freertosconfig.o
    0x240001d4   0x00000020   Data   RW          513    .data               heap_4.o
    0x240001f4   0x00000004   Data   RW          526    .data               port.o
    0x240001f8   0x00000001   Data   RW          666    .data               ff_ioman.o
    0x240001f9   0x00000003   PAD
    0x240001fc   0x0000000c   Data   RW          777    .data               ff_sddisk.o
    0x24000208   0x0000000c   Data   RW          785    .data               fatfs.o
    0x24000214   0x00000004   PAD
    0x24000218   0x00000038   Data   RW          822    .data               gpsins.o
    0x24000250   0x000000a0   Data   RW         1220    .data               psins.o
    0x240002f0   0x00000014   Data   RW         1265    .data               get_gps.o
    0x24000304   0x00000030   Data   RW         1292    .data               tcp.o
    0x24000334   0x00000004   Data   RW         1705    .data               mc_w.l(stdout.o)
    0x24000338   0x00000004   Data   RW         1709    .data               mc_w.l(mvars.o)
    0x2400033c   0x00000004   Data   RW         1710    .data               mc_w.l(mvars.o)
    0x24000340   0x00000004   Data   RW         1714    .data               mc_w.l(errno.o)
    0x24000344   0x00000004   Data   RW         1717    .data               mc_w.l(cpp_dtor.o)
    0x24000348   0x0000000c   Data   RW         1719    .data               mc_w.l(cpp_memory.o)
    0x24000354   0x0000000c   PAD
    0x24000360   0x00000200   Data   RW          778    .first_data         ff_sddisk.o
    0x24000560   0x00003030   Zero   RW           63    .bss                usart.o
    0x24003590   0x00000b60   Zero   RW           84    .bss                spi.o
    0x240040f0   0x00000010   PAD
    0x24004100   0x00000270   Zero   RW          125    .bss                dma_irq.o
    0x24004370   0x00000010   PAD
    0x24004380   0x00001240   Zero   RW          146    .bss                fdcan.o
    0x240055c0   0x00000034   Zero   RW          170    .bss                sdmmc.o
    0x240055f4   0x00000040   Zero   RW          245    .bss                queue.o
    0x24005634   0x000005b2   Zero   RW          265    .bss                adis16470.o
    0x24005be6   0x00000002   PAD
    0x24005be8   0x000000d8   Zero   RW          280    .bss                bmi088.o
    0x24005cc0   0x00000009   Zero   RW          289    .bss                rm3100.o
    0x24005cc9   0x00000001   PAD
    0x24005cca   0x00000010   Zero   RW          300    .bss                ms5611.o
    0x24005cda   0x00000006   PAD
    0x24005ce0   0x000089d8   Zero   RW          333    .bss                main.o
    0x2400e6b8   0x000000c8   Zero   RW          459    .bss                tasks.o
    0x2400e780   0x00000028   Zero   RW          491    .bss                timers.o
    0x2400e7a8   0x00020000   Zero   RW          512    .bss                heap_4.o
    0x2402e7a8   0x00000034   Zero   RW          749    .bss                ff_sys.o
    0x2402e7dc   0x00000010   Zero   RW          776    .bss                ff_sddisk.o
    0x2402e7ec   0x00000004   PAD
    0x2402e7f0   0x00000108   Zero   RW          821    .bss                gpsins.o
    0x2402e8f8   0x00000298   Zero   RW         1219    .bss                psins.o
    0x2402eb90   0x0000068c   Zero   RW         1264    .bss                get_gps.o
    0x2402f21c   0x00000004   PAD
    0x2402f220   0x000005f4   Zero   RW         1291    .bss                tcp.o
    0x2402f814   0x00000004   PAD
    0x2402f818   0x00000800   Zero   RW            2    HEAP                startup_stm32h743xx.o
    0x24030018   0x00040000   Zero   RW            1    STACK               startup_stm32h743xx.o
    0x24070018   0x00007fe8   PAD
    0x24078000   0x00000200   Zero   RW          183    .ARM.__AT_0x24078000  sdmmc_readwrite.o


==============================================================================

Image component sizes


      Code (inc. data)   RO Data    RW Data    ZI Data      Debug   Object Name

       366         14          0          0          0          0   2ndolpfilter.o
      1356        144          0         12       1458          0   adis16470.o
      2480        232          0         98        216          0   bmi088.o
       126          0          0          0          0          0   dma.o
      4464        346          0          0        624          0   dma_irq.o
       480          6          0          0          0          0   event_groups.o
       404         28          0          0          0          0   exti.o
       384         68          0         12          0          0   fatfs.o
      1868        132          8          8       4672          0   fdcan.o
       112         14       1792          0          0          0   ff_crc.o
      5924         88         10          0          0          0   ff_dir.o
      2846         50          0          0          0          0   ff_fat.o
      3272         44          0          0          0          0   ff_file.o
      4464        108          0          1          0          0   ff_ioman.o
       542          0          0          0          0          0   ff_locking.o
       122          0          0          0          0          0   ff_memory.o
      1176        132          0        524         16          0   ff_sddisk.o
      1230         78          0          0          0          0   ff_stdio.o
       822         12          0          0          0          0   ff_string.o
       432         26          2          0         52          0   ff_sys.o
       284         44          0         10          0          0   fm25vx.o
        12          6          0          4          0          0   freertosconfig.o
      5868        152          0         20       1676          0   get_gps.o
      2642         90          0          0          0          0   gpio.o
     11508        668         28         56        264          0   gpsins.o
       568         72          0         32     131072          0   heap_4.o
       172          4          0          0          0          0   init.o
       148          0          0          0          0          0   list.o
      1758        428          4         77      35288          0   main.o
      1836        144          0         33         16          0   ms5611.o
       504         56          0          4          0          0   port.o
     21850        600         44        160        664          0   psins.o
       162         12          0         72          0          0   pwm.o
      2342         24          0          0         64          0   queue.o
       624         68          0          6          9          0   rm3100.o
      1620         84          0          0         52          0   sdmmc.o
      1704        132          0         16        512          0   sdmmc_readwrite.o
      1796        174          0          0       2912          0   spi.o
        68         12        664          0     264192          0   startup_stm32h743xx.o
      1488         78          0          8          0          0   sys.o
      3814        452          0         64        200          0   tasks.o
      4270        156          0         48       1524          0   tcp.o
       672         92          0         24          0          0   timer.o
      1144        114          0         20         40          0   timers.o
      2792        186          0          0      12336          0   usart.o

    ----------------------------------------------------------------------
    102598       5370       2588       1332     490656          0   Object Totals
         0          0         32          0          0          0   (incl. Generated)
        82          0          4         23      32797          0   (incl. Padding)

    ----------------------------------------------------------------------

      Code (inc. data)   RO Data    RW Data    ZI Data      Debug   Library Member Name

        80         12          0          0          0          0   arm_exceptions_globs.o
        60          0          0          0          0          0   arm_exceptions_mem.o
        26          0          0          0          0          0   arm_exceptions_terminate.o
         4          0          0          0          0          0   arm_newhandler_noexceptions.o
        16          0          0          0          0          0   cxa_guard_acquire.o
        40          6          0          0          0          0   new.o
       520         88         80          0          0          0   asin.o
       528        110        152          0          0          0   atan.o
       448         68          0          0          0          0   atan2.o
       176         18          0          0          0          0   cos.o
       224         42         48          0          0          0   cos_i.o
       336         60          0          0          0          0   cosf.o
       116         60          0          0          0          0   dunder.o
        24          0          0          0          0          0   fabs.o
        48          0          0          0          0          0   fpclassify.o
        38          0          0          0          0          0   fpclassifyf.o
        38         12          0          0          0          0   funder.o
       112          0          0          0          0          0   poly.o
      2296        304        136          0          0          0   pow.o
         0          0          8          0          0          0   qnan.o
       784        138        200          0          0          0   rred.o
       340         24         32          0          0          0   rredf.o
       176         18          0          0          0          0   sin.o
       168         24         40          0          0          0   sin_i.o
       208          0          0          0          0          0   sqrt.o
        58          0          0          0          0          0   sqrtf.o
       128         20          0          0          0          0   tan.o
       520         86         96          0          0          0   tan_i.o
       384         62          0          0          0          0   tanf.o
        86          0          0          0          0          0   __dczerorl2.o
        46          0          0          0          0          0   aeabi_atexit.o
         8          4          0          4          0          0   cpp_dtor.o
         2          0          0          0          0          0   cpp_final.o
        32         10          0          0          0          0   cpp_init.o
        20          4          0         12          0          0   cpp_memory.o
        66          0          0          0          0          0   cxa_finalize.o
         0          0          0          0          0          0   entry.o
         0          0          0          0          0          0   entry10a.o
         4          0          0          0          0          0   entry10b.o
         0          0          0          0          0          0   entry11a.o
         8          4          0          0          0          0   entry2.o
         4          0          0          0          0          0   entry5.o
         0          0          0          0          0          0   entry7b.o
         4          0          0          0          0          0   entry8a.o
         0          0          0          0          0          0   entry8b.o
         8          4          0          0          0          0   entry9a.o
        12          6          0          4          0          0   errno.o
        18          0          0          0          0          0   fputc.o
        30          0          0          0          0          0   handlers.o
        36          8          0          0          0          0   init.o
         0          0          0          0          0          0   iusefp.o
         0          0          0          0          0          0   iusesemip.o
        30          0          0          0          0          0   llshl.o
        36          0          0          0          0          0   llsshr.o
        32          0          0          0          0          0   llushr.o
       188         20          0          0          0          0   malloc.o
        26          0          0          0          0          0   memcmp.o
        36          0          0          0          0          0   memcpya.o
        36          0          0          0          0          0   memseta.o
         0          0          0          8          0          0   mvars.o
      2378        100          0          0          0          0   printfa.o
         0          0          0          0          0          0   semi.o
         0          0          0          4          0          0   stdout.o
        20          0          0          0          0          0   strchr.o
        28          0          0          0          0          0   strcmp.o
        18          0          0          0          0          0   strcpy.o
        14          0          0          0          0          0   strlen.o
        24          0          0          0          0          0   strncpy.o
        44          0          0          0          0          0   uidiv.o
        98          0          0          0          0          0   uldiv.o
        48          0          0          0          0          0   cdrcmple.o
       334          0          0          0          0          0   dadd.o
       222          0          0          0          0          0   ddiv.o
       186          0          0          0          0          0   depilogue.o
        48          0          0          0          0          0   dfixul.o
       228          0          0          0          0          0   dmul.o
        46          0          0          0          0          0   dscalb.o
       110          0          0          0          0          0   fepilogue.o
        44          0          0          0          0          0   ffltl.o

    ----------------------------------------------------------------------
     12570       1312        792         44          0          0   Library Totals
        16          0          0         12          0          0   (incl. Padding)

    ----------------------------------------------------------------------

      Code (inc. data)   RO Data    RW Data    ZI Data      Debug   Library Name

       226         18          0          0          0          0   cpprt_w.l
      7670       1134        792          0          0          0   m_wv.l
      3392        160          0         32          0          0   mc_w.l
      1266          0          0          0          0          0   mf_w.l

    ----------------------------------------------------------------------
     12570       1312        792         44          0          0   Library Totals

    ----------------------------------------------------------------------

==============================================================================


      Code (inc. data)   RO Data    RW Data    ZI Data      Debug   

    115168       6682       3380       1376     490656          0   Grand Totals
    115168       6682       3380        152     490656          0   ELF Image Totals (compressed)
    115168       6682       3380        152          0          0   ROM Totals

==============================================================================

    Total RO  Size (Code + RO Data)               118548 ( 115.77kB)
    Total RW  Size (RW Data + ZI Data)            492032 ( 480.50kB)
    Total ROM Size (Code + RO Data + RW Data)     118700 ( 115.92kB)

==============================================================================

