Component: ARM Compiler 5.06 update 7 (build 960) Tool: armlink [4d3601]

==============================================================================

Section Cross References

    init.o(i.init) refers to sys.o(i.clock_init) for clock_init
    init.o(i.init) refers to sys.o(i.delay_ms) for delay_ms
    init.o(i.init) refers to gpio.o(i.gpio_init) for gpio_init
    init.o(i.init) refers to timer.o(i.timer_init) for timer_init
    init.o(i.init) refers to pwm.o(i.pwm_init) for pwm_init
    init.o(i.init) refers to pwm.o(i.TIM4_init) for TIM4_init
    init.o(i.init) refers to usart.o(i.usart1_dma_init) for usart1_dma_init
    init.o(i.init) refers to usart.o(i.usart2_dma_init) for usart2_dma_init
    init.o(i.init) refers to usart.o(i.uart4_init) for uart4_init
    init.o(i.init) refers to usart.o(i.usart6_dma_init) for usart6_dma_init
    init.o(i.init) refers to usart.o(i.uart7_init) for uart7_init
    init.o(i.init) refers to usart.o(i.uart8_dma_init) for uart8_dma_init
    init.o(i.init) refers to fdcan.o(i.fdcan1_init) for fdcan1_init
    init.o(i.init) refers to fdcan.o(i.fdcan2_init) for fdcan2_init
    init.o(i.init) refers to spi.o(i.spi_init) for spi_init
    init.o(i.init) refers to mpwmout.o(i.LAW_ParmInit) for LAW_ParmInit
    init.o(i.init) refers to rm3100.o(i.RM3100_init) for RM3100_init
    init.o(i.init) refers to adis16470.o(i.ADIS_Init) for ADIS_Init
    init.o(i.init) refers to ms5611.o(i.MS5611_init) for MS5611_init
    init.o(i.init) refers to exti.o(i.exti_init) for exti_init
    init.o(i.init) refers to exti.o(i.exti_enable) for exti_enable
    init.o(i.init) refers to init.o(.data) for WD_cnt
    main.o(i.main) refers to init.o(i.init) for init
    main.o(i.main) refers to get_gps.o(i.ubloxInit) for ubloxInit
    main.o(i.main) refers to sim.o(i.simu_init) for simu_init
    main.o(i.main) refers to sbus.o(i.SBUS_Rev) for SBUS_Rev
    main.o(i.main) refers to sbus.o(i.PWM_sbus) for PWM_sbus
    main.o(i.main) refers to tele.o(i.TaskUblox) for TaskUblox
    main.o(i.main) refers to eskf.o(i._Z7get_IMUv) for get_IMU()
    main.o(i.main) refers to eskf.o(i._Z4ESKFv) for ESKF()
    main.o(i.main) refers to eskf.o(i.get_flightstate) for get_flightstate
    main.o(i.main) refers to mpwmout.o(i.LAW_Act) for LAW_Act
    main.o(i.main) refers to mpwmout.o(i.LAW_Out) for LAW_Out
    main.o(i.main) refers to sim.o(i.ctrl_rectangular) for ctrl_rectangular
    main.o(i.main) refers to sbus.o(i.SBUS_Monitor) for SBUS_Monitor
    main.o(i.main) refers to tele.o(i.Ublox_Monitor) for Ublox_Monitor
    main.o(i.main) refers to printfa.o(i.__0sprintf) for __2sprintf
    main.o(i.main) refers to tele.o(i.TELE_TxMan) for TELE_TxMan
    main.o(i.main) refers to bmi088.o(i.BMI088_TempAsk) for BMI088_TempAsk
    main.o(i.main) refers to gpio.o(i.set_pin) for set_pin
    main.o(i.main) refers to timer.o(.data) for Timer2ms
    main.o(i.main) refers to main.o(.data) for runtime
    main.o(i.main) refers to state_define.o(.data) for ac_psi
    main.o(i.main) refers to main.o(.bss) for str
    main.o(i.main) refers to sbus.o(.bss) for ss_SBUS
    main.o(i.main) refers to mpwmout.o(.bss) for test
    main.o(i.main) refers to eskf.o(.data) for AP_height
    main.o(i.main) refers to init.o(.data) for WD_cnt
    main.o(.ARM.exidx) refers to main.o(i.main) for i.main
    tele.o(i.TELE_FrameA) refers to state_define.o(.data) for ac_theta
    tele.o(i.TELE_FrameA) refers to mpwmout.o(.bss) for PWMin
    tele.o(i.TELE_FrameA) refers to init.o(.data) for WD_cnt
    tele.o(i.TELE_FrameB) refers to tele.o(i._Z6SetBitPhh) for SetBit(unsigned char*, unsigned char)
    tele.o(i.TELE_FrameB) refers to tele.o(i._Z8ClearBitPhh) for ClearBit(unsigned char*, unsigned char)
    tele.o(i.TELE_FrameB) refers to state_define.o(.data) for lon_gps
    tele.o(i.TELE_FrameB) refers to tele.o(.bss) for ss_AHRS
    tele.o(i.TELE_FrameB) refers to sbus.o(.data) for on_reset
    tele.o(i.TELE_FrameB) refers to main.o(.data) for runtime
    tele.o(i.TELE_TxMan) refers to tele.o(i.TELE_FrameA) for TELE_FrameA
    tele.o(i.TELE_TxMan) refers to tcp.o(i.MakeCheckSum) for MakeCheckSum
    tele.o(i.TELE_TxMan) refers to tele.o(i.TELE_FrameB) for TELE_FrameB
    tele.o(i.TELE_TxMan) refers to usart.o(i.Usart_Tx) for Usart_Tx
    tele.o(i.TaskUblox) refers to usart.o(i.Usart_GetRxLen) for Usart_GetRxLen
    tele.o(i.TaskUblox) refers to usart.o(i.Usart_Rx) for Usart_Rx
    tele.o(i.TaskUblox) refers to get_gps.o(i.ubloxCharIn) for ubloxCharIn
    tele.o(i.TaskUblox) refers to tele.o(i._Z18navCalcEarthRadiusd) for navCalcEarthRadius(double)
    tele.o(i.TaskUblox) refers to tele.o(i._Z9WP_Pos2XYffffPfS_) for WP_Pos2XY(float, float, float, float, float*, float*)
    tele.o(i.TaskUblox) refers to tele.o(.bss) for readbuf
    tele.o(i.TaskUblox) refers to state_define.o(.data) for used_gps
    tele.o(i.TaskUblox) refers to tele.o(.data) for gps_ini
    tele.o(i.Ublox_Monitor) refers to tele.o(.bss) for ss_Gps
[...]
    __kernel_sin                             0x08010f09   Thumb Code   144  sin_i.o(i.__kernel_sin)
    __kernel_tan                             0x08010fb1   Thumb Code   434  tan_i.o(i.__kernel_tan)
    __mathlib_dbl_divzero                    0x080111b9   Thumb Code    14  dunder.o(i.__mathlib_dbl_divzero)
    __mathlib_dbl_infnan                     0x080111d9   Thumb Code     6  dunder.o(i.__mathlib_dbl_infnan)
    __mathlib_dbl_infnan2                    0x080111df   Thumb Code     6  dunder.o(i.__mathlib_dbl_infnan2)
    __mathlib_dbl_invalid                    0x080111e9   Thumb Code    10  dunder.o(i.__mathlib_dbl_invalid)
    __mathlib_dbl_overflow                   0x08011201   Thumb Code    10  dunder.o(i.__mathlib_dbl_overflow)
    __mathlib_dbl_underflow                  0x08011219   Thumb Code    10  dunder.o(i.__mathlib_dbl_underflow)
    __mathlib_flt_infnan                     0x08011231   Thumb Code     6  funder.o(i.__mathlib_flt_infnan)
    __mathlib_flt_invalid                    0x08011239   Thumb Code    10  funder.o(i.__mathlib_flt_invalid)
    __mathlib_flt_underflow                  0x08011249   Thumb Code    10  funder.o(i.__mathlib_flt_underflow)
    __mathlib_rredf2                         0x08011259   Thumb Code   316  rredf.o(i.__mathlib_rredf2)
    __scatterload_copy                       0x080113ad   Thumb Code    14  handlers.o(i.__scatterload_copy)
    __scatterload_null                       0x080113bb   Thumb Code     2  handlers.o(i.__scatterload_null)
    __scatterload_zeroinit                   0x080113bd   Thumb Code    14  handlers.o(i.__scatterload_zeroinit)
    __set_errno                              0x080113cd   Thumb Code     6  errno.o(i.__set_errno)
    atan                                     0x08011dc5   Thumb Code    16  atan.o(i.atan)
    clock_init                               0x08011dd5   Thumb Code   762  sys.o(i.clock_init)
    ctrl_cmdSmooth                           0x080120e9   Thumb Code  1142  sim.o(i.ctrl_cmdSmooth)
    ctrl_rectangular                         0x08012565   Thumb Code   414  sim.o(i.ctrl_rectangular)
    delay_ms                                 0x0801276d   Thumb Code    50  sys.o(i.delay_ms)
    delay_xms                                0x080127a1   Thumb Code    90  sys.o(i.delay_xms)
    exti_enable                              0x08012801   Thumb Code    68  exti.o(i.exti_enable)
    exti_init                                0x08012849   Thumb Code   204  exti.o(i.exti_init)
    fabs                                     0x0801291d   Thumb Code    24  fabs.o(i.fabs)
    fdcan1_init                              0x08012935   Thumb Code   546  fdcan.o(i.fdcan1_init)
    fdcan2_init                              0x08012b71   Thumb Code   496  fdcan.o(i.fdcan2_init)
    filter_init                              0x08012d79   Thumb Code   254  2ndolpfilter.o(i.filter_init)
    filter_output                            0x08012e85   Thumb Code    38  2ndolpfilter.o(i.filter_output)
    filter_update                            0x08012eab   Thumb Code    60  2ndolpfilter.o(i.filter_update)
    free                                     0x08012ee9   Thumb Code    76  malloc.o(i.free)
    get_flightstate                          0x08012f39   Thumb Code    24  eskf.o(i.get_flightstate)
    gpio_init                                0x08012f51   Thumb Code    48  gpio.o(i.gpio_init)
    gpio_pin_init                            0x08012f81   Thumb Code   156  gpio.o(i.gpio_pin_init)
    init                                     0x0801301d   Thumb Code   174  init.o(i.init)
    main                                     0x080130d5   Thumb Code   700  main.o(i.main)
    malloc                                   0x080134b5   Thumb Code    92  malloc.o(i.malloc)
    pwm_init                                 0x08013521   Thumb Code    36  pwm.o(i.pwm_init)
    pwm_set                                  0x08013545   Thumb Code   114  pwm.o(i.pwm_set)
    set_pin                                  0x080135d5   Thumb Code    42  gpio.o(i.set_pin)
    simu_init                                0x08013601   Thumb Code   204  sim.o(i.simu_init)
    spi_init                                 0x0801372d   Thumb Code    16  spi.o(i.spi_init)
    sqrt                                     0x0801373d   Thumb Code   106  sqrt.o(i.sqrt)
    time_isr                                 0x080137a9   Thumb Code   376  timer.o(i.time_isr)
    timer_init                               0x0801396d   Thumb Code    12  timer.o(i.timer_init)
    uart4_init                               0x08013979   Thumb Code   326  usart.o(i.uart4_init)
    uart7_init                               0x08013ad9   Thumb Code   224  usart.o(i.uart7_init)
    uart8_dma_init                           0x08013bc5   Thumb Code   260  usart.o(i.uart8_dma_init)
    ubloxCharIn                              0x08013cd5   Thumb Code   366  get_gps.o(i.ubloxCharIn)
    ubloxInit                                0x08013e49   Thumb Code    22  get_gps.o(i.ubloxInit)
    usart1_dma_init                          0x08013e65   Thumb Code   360  usart.o(i.usart1_dma_init)
    usart2_dma_init                          0x08013fe5   Thumb Code   370  usart.o(i.usart2_dma_init)
    usart6_dma_init                          0x08014171   Thumb Code   370  usart.o(i.usart6_dma_init)
    FDCAN_DataSize                           0x080142fc   Data           8  fdcan.o(.constdata)
    __mathlib_zero                           0x080144a8   Data           8  qnan.o(.constdata)
    vtable for CKFApp                        0x08014620   Data          24  gpsins.o(.constdata__ZTV6CKFApp)
    vtable for CSINSKF                       0x08014638   Data          20  psins.o(.constdata__ZTV7CSINSKF)
    vtable for CSINSTDKF                     0x0801464c   Data          20  psins.o(.constdata__ZTV9CSINSTDKF)
    Region$$Table$$Base                      0x08014660   Number         0  anon$$obj.o(Region$$Table)
    Region$$Table$$Limit                     0x08014680   Number         0  anon$$obj.o(Region$$Table)
    SHT$$INIT_ARRAY$$Base                    0x08014680   Number         0  eskf.o(.init_array)
    SHT$$INIT_ARRAY$$Limit                   0x0801468c   Number         0  cpp_init.o(.init_array)
    WD_cnt                                   0x24000000   Data           2  init.o(.data)
    s                                        0x24000004   Data           1  main.o(.data)
    len                                      0x24000005   Data           1  main.o(.data)
    runtime                                  0x24000008   Data           4  main.o(.data)
    ac_theta                                 0x2400000c   Data           4  state_define.o(.data)
    ac_phi                                   0x24000010   Data           4  state_define.o(.data)
    ac_psi                                   0x24000014   Data           4  state_define.o(.data)
    ac_alpha                                 0x24000018   Data           4  state_define.o(.data)
    ac_beta                                  0x2400001c   Data           4  state_define.o(.data)
    ac_P                                     0x24000020   Data           4  state_define.o(.data)
    ac_Q                                     0x24000024   Data           4  state_define.o(.data)
    ac_R                                     0x24000028   Data           4  state_define.o(.data)
    ac_ax                                    0x2400002c   Data           4  state_define.o(.data)
    ac_ay                                    0x24000030   Data           4  state_define.o(.data)
    ac_az                                    0x24000034   Data           4  state_define.o(.data)
    ac_PE                                    0x24000038   Data           4  state_define.o(.data)
    ac_PN                                    0x2400003c   Data           4  state_define.o(.data)
    ac_height                                0x24000040   Data           4  state_define.o(.data)
    ac_vt                                    0x24000044   Data           4  state_define.o(.data)
    ac_dH                                    0x24000048   Data           4  state_define.o(.data)
    ac_dZ                                    0x2400004c   Data           4  state_define.o(.data)
    ac_dL                                    0x24000050   Data           4  state_define.o(.data)
    ac_dpsi                                  0x24000054   Data           4  state_define.o(.data)
    ac_dot                                   0x24000058   Data           4  state_define.o(.data)
    psi_hmr                                  0x2400005c   Data           4  state_define.o(.data)
    ac_mass                                  0x24000060   Data           4  state_define.o(.data)
    theta_cmd                                0x24000064   Data           4  state_define.o(.data)
    gama_cmd                                 0x24000068   Data           4  state_define.o(.data)
    engine_cmd                               0x2400006c   Data           4  state_define.o(.data)
    height_cmd                               0x24000070   Data           4  state_define.o(.data)
    Vt_cmd                                   0x24000074   Data           4  state_define.o(.data)
    Hdot_cmd                                 0x24000078   Data           4  state_define.o(.data)
    theta_var                                0x2400007c   Data           4  state_define.o(.data)
    gama_var                                 0x24000080   Data           4  state_define.o(.data)
    engine_var                               0x24000084   Data           4  state_define.o(.data)
    height_var                               0x24000088   Data           4  state_define.o(.data)
    Vt_var                                   0x2400008c   Data           4  state_define.o(.data)
    ele_var                                  0x24000090   Data           4  state_define.o(.data)
    ail_var                                  0x24000094   Data           4  state_define.o(.data)
    rud_var                                  0x24000098   Data           4  state_define.o(.data)
    ail_trim                                 0x2400009c   Data           4  state_define.o(.data)
    ele_trim                                 0x240000a0   Data           4  state_define.o(.data)
    rud_trim                                 0x240000a4   Data           4  state_define.o(.data)
    eng_trim                                 0x240000a8   Data           4  state_define.o(.data)
    psi_cmd                                  0x240000ac   Data           4  state_define.o(.data)
    theta_i                                  0x240000b0   Data           4  state_define.o(.data)
    theta_int_min                            0x240000b4   Data           4  state_define.o(.data)
    theta_int_max                            0x240000b8   Data           4  state_define.o(.data)
    gama_int                                 0x240000bc   Data           4  state_define.o(.data)
    gama_int_min                             0x240000c0   Data           4  state_define.o(.data)
    gama_int_max                             0x240000c4   Data           4  state_define.o(.data)
    H_i                                      0x240000c8   Data           4  state_define.o(.data)
    H_i_min                                  0x240000cc   Data           4  state_define.o(.data)
    H_i_max                                  0x240000d0   Data           4  state_define.o(.data)
    KpV                                      0x240000d4   Data           4  state_define.o(.data)
    IpV                                      0x240000d8   Data           4  state_define.o(.data)
    engine_V                                 0x240000dc   Data           4  state_define.o(.data)
    theta_V                                  0x240000e0   Data           4  state_define.o(.data)
    Igama                                    0x240000e4   Data           4  state_define.o(.data)
    landing_high                             0x240000e8   Data           4  state_define.o(.data)
    tag_LongSwitch                           0x240000ec   Data           2  state_define.o(.data)
    tag_SaveEleSwitch                        0x240000ee   Data           2  state_define.o(.data)
    tag_SaveEngSwitch                        0x240000f0   Data           2  state_define.o(.data)
    tag_ViHoldON                             0x240000f2   Data           2  state_define.o(.data)
    tag_opt                                  0x240000f4   Data           2  state_define.o(.data)
    height_ini                               0x240000f8   Data           4  state_define.o(.data)
    height_adc                               0x240000fc   Data           4  state_define.o(.data)
    lon_gps                                  0x24000100   Data           4  state_define.o(.data)
    lat_gps                                  0x24000104   Data           4  state_define.o(.data)
    lon_ref                                  0x24000108   Data           4  state_define.o(.data)
    lat_ref                                  0x2400010c   Data           4  state_define.o(.data)
    psi_init                                 0x24000110   Data           4  state_define.o(.data)
    psi_gps                                  0x24000114   Data           4  state_define.o(.data)
    alt_gps                                  0x24000118   Data           4  state_define.o(.data)
    Hdot_gps                                 0x2400011c   Data           4  state_define.o(.data)
    H_acc                                    0x24000120   Data           4  state_define.o(.data)
    V_acc                                    0x24000124   Data           4  state_define.o(.data)
    Vd_gps                                   0x24000128   Data           4  state_define.o(.data)
    used_gps                                 0x2400012c   Data           1  state_define.o(.data)
    tag_DGPS                                 0x2400012d   Data           1  state_define.o(.data)
    battery_volt                             0x2400012e   Data           2  state_define.o(.data)
    gps_ini                                  0x24000132   Data           1  tele.o(.data)
    step_long                                0x24000148   Data           2  sim.o(.data)
    H_out                                    0x24000150   Data           8  sim.o(.data)
    on_safe                                  0x240001e0   Data           1  sbus.o(.data)
    on_sky                                   0x240001e1   Data           1  sbus.o(.data)
    on_reset                                 0x240001e2   Data           1  sbus.o(.data)
    on_takeoff                               0x240001e3   Data           1  sbus.o(.data)
    OnStop_eng                               0x240001e4   Data           1  sbus.o(.data)
    switch_old                               0x240001e8   Data           4  sbus.o(.data)
    psi_0                                    0x240001f0   Data           8  sbus.o(.data)
    TIM4_ARR                                 0x24000218   Data           4  pwm.o(.data)
    TIM5_ARR                                 0x2400021c   Data           4  pwm.o(.data)
    TIM1_ARR                                 0x24000220   Data           4  pwm.o(.data)
    TIM12_ARR                                0x24000224   Data           4  pwm.o(.data)
    can1Rx_fifo_head                         0x24000260   Data           1  fdcan.o(.data)
    can1Rx_fifo_tail                         0x24000261   Data           1  fdcan.o(.data)
    can1Tx_fifo_head                         0x24000262   Data           1  fdcan.o(.data)
    can1Tx_fifo_tail                         0x24000263   Data           1  fdcan.o(.data)
    can2Rx_fifo_head                         0x24000264   Data           1  fdcan.o(.data)
    can2Rx_fifo_tail                         0x24000265   Data           1  fdcan.o(.data)
    can2Tx_fifo_head                         0x24000266   Data           1  fdcan.o(.data)
    can2Tx_fifo_tail                         0x24000267   Data           1  fdcan.o(.data)
    timetick                                 0x24000268   Data           4  timer.o(.data)
    Timer1ms                                 0x2400026c   Data           1  timer.o(.data)
    Timer2ms                                 0x2400026d   Data           1  timer.o(.data)
    Timer5ms                                 0x2400026e   Data           1  timer.o(.data)
    Timer10ms                                0x2400026f   Data           1  timer.o(.data)
    Timer20ms                                0x24000270   Data           1  timer.o(.data)
    Timer25ms                                0x24000271   Data           1  timer.o(.data)
    Timer50ms                                0x24000272   Data           1  timer.o(.data)
    Timer100ms                               0x24000273   Data           1  timer.o(.data)
    Timer200ms                               0x24000274   Data           1  timer.o(.data)
    Timer250ms                               0x24000275   Data           1  timer.o(.data)
    Timer500ms                               0x24000276   Data           1  timer.o(.data)
    Timer1s                                  0x24000277   Data           1  timer.o(.data)
    Timer10s                                 0x24000278   Data           1  timer.o(.data)
    Timer30s                                 0x24000279   Data           1  timer.o(.data)
    ADIS_MissionID                           0x24000280   Data           1  adis16470.o(.data)
    ADIS_Ready                               0x24000281   Data           1  adis16470.o(.data)
    ADIS_cnt                                 0x24000284   Data           4  adis16470.o(.data)
    adis_freq                                0x24000288   Data           4  adis16470.o(.data)
    bmi088_accl_cnt                          0x240002a0   Data           2  bmi088.o(.data)
    bmi088_accl_freq                         0x240002a2   Data           2  bmi088.o(.data)
    bmi088_gyro_cnt                          0x240002a4   Data           2  bmi088.o(.data)
    bmi088_gyro_freq                         0x240002a6   Data           2  bmi088.o(.data)
    bmi088_gyro_id                           0x240002a8   Data           1  bmi088.o(.data)
    bmi088_accl_id                           0x240002a9   Data           1  bmi088.o(.data)
    bmi088_gyro_ok                           0x240002aa   Data           1  bmi088.o(.data)
    bmi088_accl_ok                           0x240002ab   Data           1  bmi088.o(.data)
    magn_cnt                                 0x24000302   Data           2  rm3100.o(.data)
    magn_freq                                0x24000304   Data           2  rm3100.o(.data)
    RM3100_ok                                0x24000306   Data           1  rm3100.o(.data)
    RM3100_step                              0x24000307   Data           1  rm3100.o(.data)
    MS5611_OK                                0x24000308   Data           1  ms5611.o(.data)
    MS5611_id                                0x24000309   Data           1  ms5611.o(.data)
    dT                                       0x24000318   Data           8  ms5611.o(.data)
    TEMP                                     0x24000320   Data           4  ms5611.o(.data)
    PRESS                                    0x24000324   Data           4  ms5611.o(.data)
    AP_temp                                  0x2400032c   Data           4  eskf.o(.data)
    AP_press                                 0x24000330   Data           4  eskf.o(.data)
    AP_height                                0x24000334   Data           4  eskf.o(.data)
    insinit                                  0x24000338   Data           4  eskf.o(.data)
    initflag                                 0x2400033c   Data           1  eskf.o(.data)
    gpsyaw_init                              0x2400033d   Data           1  eskf.o(.data)
    startflag                                0x2400033e   Data           1  eskf.o(.data)
    CoaseAlignflag                           0x2400033f   Data           1  eskf.o(.data)
    starttime                                0x24000340   Data           4  eskf.o(.data)
    gGpsDataPtr                              0x24000348   Data           4  get_gps.o(.data)
    GPS_OK_flag                              0x2400035c   Data           1  tcp.o(.data)
    YAW_OK_flag                              0x2400035d   Data           1  tcp.o(.data)
    IMU_OK_flag                              0x2400035e   Data           1  tcp.o(.data)
    truecourse_flag                          0x2400035f   Data           1  tcp.o(.data)
    Ublox_freq                               0x24000360   Data           4  tcp.o(.data)
    Ublox_freq_cnt                           0x24000364   Data           4  tcp.o(.data)
    novatel_pos_cnt                          0x24000368   Data           4  tcp.o(.data)
    novatel_vel_cnt                          0x2400036c   Data           4  tcp.o(.data)
    novatel_heading_cnt                      0x24000370   Data           4  tcp.o(.data)
    novatel_other_cnt                        0x24000374   Data           4  tcp.o(.data)
    novatel_pos_error                        0x24000378   Data           4  tcp.o(.data)
    novatel_vel_error                        0x2400037c   Data           4  tcp.o(.data)
    novatel_heading_error                    0x24000380   Data           4  tcp.o(.data)
    novatel_pos_flag                         0x24000384   Data           1  tcp.o(.data)
    novatel_vel_flag                         0x24000385   Data           1  tcp.o(.data)
    novatel_heading_flag                     0x24000386   Data           1  tcp.o(.data)
    yaw0                                     0x24000390   Data           8  gpsins.o(.data)
    g_xmu                                    0x24000398   Data           8  gpsins.o(.data)
    gnormal                                  0x240003a0   Data           8  gpsins.o(.data)
    hzflag                                   0x240003a8   Data           2  gpsins.o(.data)
    ahrsflag                                 0x240003aa   Data           2  gpsins.o(.data)
    gpsflag                                  0x240003ac   Data           2  gpsins.o(.data)
    AHRS_model                               0x240003ae   Data           2  gpsins.o(.data)
    GPS_model                                0x240003b0   Data           2  gpsins.o(.data)
    testflag                                 0x240003b2   Data           2  gpsins.o(.data)
    __microlib_freelist                      0x24000468   Data           4  mvars.o(.data)
    __microlib_freelist_initialised          0x2400046c   Data           4  mvars.o(.data)
    str                                      0x24000484   Data         200  main.o(.bss)
    ss_AHRS                                  0x24000550   Data          12  tele.o(.bss)
    ss_Mpxv                                  0x2400055c   Data          12  tele.o(.bss)
    ss_Gps                                   0x24000568   Data          12  tele.o(.bss)
    navUkfData                               0x24000578   Data          16  tele.o(.bss)
    test                                     0x24000650   Data          32  mpwmout.o(.bss)
    PWMin                                    0x24000670   Data         512  mpwmout.o(.bss)
    PWMout                                   0x24000870   Data         384  mpwmout.o(.bss)
    MPWMIN                                   0x240009f0   Data          96  mpwmout.o(.bss)
    MPWMOUT                                  0x24000a50   Data         192  mpwmout.o(.bss)
    ss_SBUS                                  0x24000b10   Data          12  sbus.o(.bss)
    RC_channels                              0x24000b1c   Data          36  sbus.o(.bss)
    FDCAN_SRAM                               0x24000c60   Data          64  fdcan.o(.bss)
    can1_rx_fifo                             0x24000ca0   Data        1152  fdcan.o(.bss)
    can1_tx_fifo                             0x24001120   Data        1152  fdcan.o(.bss)
    can2_rx_fifo                             0x240015a0   Data        1152  fdcan.o(.bss)
    can2_tx_fifo                             0x24001a20   Data        1152  fdcan.o(.bss)
    Usart_reg                                0x24002a00   Data       12336  usart.o(.bss)
    ADI_G                                    0x24005a30   Data         108  adis16470.o(.bss)
    ADI_A                                    0x24005a9c   Data         108  adis16470.o(.bss)
    adi_a_queue                              0x24005b08   Data         612  adis16470.o(.bss)
    adi_g_queue                              0x24005d6c   Data         612  adis16470.o(.bss)
    ADIS16470_BRUST_REG                      0x24005fd0   Data          18  adis16470.o(.bss)
    C                                        0x24005fec   Data          16  ms5611.o(.bss)
    bmi088                                   0x24006000   Data          48  eskf.o(.bss)
    adis16488                                0x24006030   Data          48  eskf.o(.bss)
    kf                                       0x24006060   Data       34928  eskf.o(.bss)
    sbge_data                                0x2400e8d0   Data         296  get_gps.o(.bss)
    state_sbge                               0x2400e9f8   Data          12  get_gps.o(.bss)
    state_dualheading                        0x2400ea04   Data          12  get_gps.o(.bss)
    gBitStatus                               0x2400ea10   Data          26  get_gps.o(.bss)
    gps_t                                    0x2400ea30   Data         216  get_gps.o(.bss)
    gEKFInput                                0x2400eb08   Data         184  get_gps.o(.bss)
    downVelDelta                             0x2400ebc0   Data          40  get_gps.o(.bss)
    gGPS                                     0x2400ebe8   Data         144  get_gps.o(.bss)
    ubloxData                                0x2400ec78   Data         548  get_gps.o(.bss)
    gpsData                                  0x2400eea0   Data         152  get_gps.o(.bss)
    gpsHeading                               0x2400ef38   Data          36  get_gps.o(.bss)
    bmi088_imu                               0x2400ef60   Data          48  tcp.o(.bss)
    out_data                                 0x2400ef90   Data         212  tcp.o(.bss)
    mems                                     0x2400f064   Data          12  tcp.o(.bss)
    state_NovAtel718D                        0x2400f070   Data          12  tcp.o(.bss)
    Usart1_out_DATA                          0x2400f07c   Data         100  tcp.o(.bss)
    NovAtel718D_data                         0x2400f0e0   Data         216  tcp.o(.bss)
    gCanGps                                  0x2400f1b8   Data         144  tcp.o(.bss)
    SPI1_RX_REG                              0x2400f4a0   Data          64  dma_irq.o(.bss)
    SPI1_TX_REG                              0x2400f4e0   Data          64  dma_irq.o(.bss)
    SPI2_RX_REG                              0x2400f520   Data          64  dma_irq.o(.bss)
    SPI2_TX_REG                              0x2400f560   Data          64  dma_irq.o(.bss)
    SPI4_RX_REG                              0x2400f5a0   Data          64  dma_irq.o(.bss)
    SPI4_TX_REG                              0x2400f5e0   Data          64  dma_irq.o(.bss)
    COM1_RX_REG                              0x2400f620   Data          16  dma_irq.o(.bss)
    COM1_TX_REG                              0x2400f640   Data          16  dma_irq.o(.bss)
    COM2_RX_REG                              0x2400f660   Data          16  dma_irq.o(.bss)
    COM2_TX_REG                              0x2400f680   Data          16  dma_irq.o(.bss)
    COM4_RX_REG                              0x2400f6a0   Data          16  dma_irq.o(.bss)
    COM6_RX_REG                              0x2400f6c0   Data          16  dma_irq.o(.bss)
    COM6_TX_REG                              0x2400f6e0   Data          16  dma_irq.o(.bss)
    COM8_RX_REG                              0x2400f700   Data          16  dma_irq.o(.bss)
    euler_init                               0x2400f710   Data          24  gpsins.o(.bss)
    gps_Data_value                           0x2400f728   Data         216  gpsins.o(.bss)
    I31                                      0x2400f818   Data          24  psins.o(.bss)
    O31                                      0x2400f830   Data          24  psins.o(.bss)
    qI                                       0x2400f848   Data          32  psins.o(.bss)
    I33                                      0x2400f868   Data          72  psins.o(.bss)
    O33                                      0x2400f8b0   Data          72  psins.o(.bss)
    On1                                      0x2400f8f8   Data         160  psins.o(.bss)
    glv                                      0x2400f998   Data         184  psins.o(.bss)
    _delaygy_element_1                       0x2400fa50   Data          24  psins.o(.bss)
    _delaygy_element_2                       0x2400fa68   Data          24  psins.o(.bss)
    _delayac_element_1                       0x2400fa80   Data          24  psins.o(.bss)
    _delayac_element_2                       0x2400fa98   Data          24  psins.o(.bss)
    __heap_base                              0x2400fab0   Data           0  startup_stm32h743xx.o(HEAP)
    __heap_limit                             0x240102b0   Data           0  startup_stm32h743xx.o(HEAP)
    __initial_sp                             0x240502b0   Data           0  startup_stm32h743xx.o(STACK)



==============================================================================

Memory Map of the image

  Image Entry point : 0x08000299

  Load Region LR_IROM1 (Base: 0x08000000, Size: 0x00014b10, Max: 0x00200000, ABSOLUTE, COMPRESSED[0x00014720])

    Execution Region ER_IROM1 (Exec base: 0x08000000, Load base: 0x08000000, Size: 0x0001468c, Max: 0x00200000, ABSOLUTE)

    Exec Addr    Load Addr    Size         Type   Attr      Idx    E Section Name        Object

    0x08000000   0x08000000   0x00000298   Data   RO         4544    RESET               stm32h743_x7pro_drives.lib(startup_stm32h743xx.o)
    0x08000298   0x08000298   0x00000000   Code   RO         4235  * .ARM.Collect$$$$00000000  mc_w.l(entry.o)
    0x08000298   0x08000298   0x00000004   Code   RO         4659    .ARM.Collect$$$$00000001  mc_w.l(entry2.o)
    0x0800029c   0x0800029c   0x00000004   Code   RO         4662    .ARM.Collect$$$$00000004  mc_w.l(entry5.o)
    0x080002a0   0x080002a0   0x00000000   Code   RO         4664    .ARM.Collect$$$$00000008  mc_w.l(entry7b.o)
    0x080002a0   0x080002a0   0x00000004   Code   RO         4665    .ARM.Collect$$$$00000009  mc_w.l(entry8a.o)
    0x080002a4   0x080002a4   0x00000000   Code   RO         4666    .ARM.Collect$$$$0000000A  mc_w.l(entry8b.o)
    0x080002a4   0x080002a4   0x00000008   Code   RO         4667    .ARM.Collect$$$$0000000B  mc_w.l(entry9a.o)
    0x080002ac   0x080002ac   0x00000004   Code   RO         4674    .ARM.Collect$$$$0000000E  mc_w.l(entry12b.o)
    0x080002b0   0x080002b0   0x00000000   Code   RO         4669    .ARM.Collect$$$$0000000F  mc_w.l(entry10a.o)
    0x080002b0   0x080002b0   0x00000004   Code   RO         4670    .ARM.Collect$$$$00000010  mc_w.l(entry10b.o)
    0x080002b4   0x080002b4   0x00000000   Code   RO         4671    .ARM.Collect$$$$00000011  mc_w.l(entry11a.o)
    0x080002b4   0x080002b4   0x00000004   Code   RO         4660    .ARM.Collect$$$$00002712  mc_w.l(entry2.o)
    0x080002b8   0x080002b8   0x00000024   Code   RO         4238    .text               mc_w.l(memcpya.o)
    0x080002dc   0x080002dc   0x00000024   Code   RO         4240    .text               mc_w.l(memseta.o)
    0x08000300   0x08000300   0x00000020   Code   RO         4536    .text               mc_w.l(cpp_init.o)
    0x08000320   0x08000320   0x0000002e   Code   RO         4538    .text               mc_w.l(aeabi_atexit.o)
    0x0800034e   0x0800034e   0x0000002c   Code   RO         4540    .text               mf_w.l(ffltl.o)
    0x0800037a   0x0800037a   0x00000002   PAD
    0x0800037c   0x0800037c   0x00000044   Code   RO         4545    .text               stm32h743_x7pro_drives.lib(startup_stm32h743xx.o)
    0x080003c0   0x080003c0   0x00000004   Code   RO         4552    .text               cpprt_w.l(arm_newhandler_noexceptions.o)
    0x080003c4   0x080003c4   0x0000002c   Code   RO         4678    .text               mc_w.l(uidiv.o)
    0x080003f0   0x080003f0   0x00000062   Code   RO         4680    .text               mc_w.l(uldiv.o)
    0x08000452   0x08000452   0x00000000   Code   RO         4691    .text               mc_w.l(iusefp.o)
    0x08000452   0x08000452   0x00000002   PAD
    0x08000454   0x08000454   0x00000008   Code   RO         4692    .text               mc_w.l(cpp_dtor.o)
    0x0800045c   0x0800045c   0x00000014   Code   RO         4695    .text               mc_w.l(cpp_memory.o)
    0x08000470   0x08000470   0x00000042   Code   RO         4698    .text               mc_w.l(cxa_finalize.o)
    0x080004b2   0x080004b2   0x0000006e   Code   RO         4700    .text               mf_w.l(fepilogue.o)
    0x08000520   0x08000520   0x0000014e   Code   RO         4702    .text               mf_w.l(dadd.o)
    0x0800066e   0x0800066e   0x000000e4   Code   RO         4704    .text               mf_w.l(dmul.o)
    0x08000752   0x08000752   0x000000de   Code   RO         4706    .text               mf_w.l(ddiv.o)
    0x08000830   0x08000830   0x0000002e   Code   RO         4708    .text               mf_w.l(dscalb.o)
    0x0800085e   0x0800085e   0x00000030   Code   RO         4710    .text               mf_w.l(dfixul.o)
    0x0800088e   0x0800088e   0x00000002   PAD
    0x08000890   0x08000890   0x00000030   Code   RO         4712    .text               mf_w.l(cdrcmple.o)
    0x080008c0   0x080008c0   0x0000001a   Code   RO         4737    .text               cpprt_w.l(arm_exceptions_terminate.o)
    0x080008da   0x080008da   0x00000002   PAD
    0x080008dc   0x080008dc   0x00000050   Code   RO         4740    .text               cpprt_w.l(arm_exceptions_globs.o)
    0x0800092c   0x0800092c   0x00000024   Code   RO         4746    .text               mc_w.l(init.o)
    0x08000950   0x08000950   0x0000001e   Code   RO         4749    .text               mc_w.l(llshl.o)
    0x0800096e   0x0800096e   0x00000020   Code   RO         4751    .text               mc_w.l(llushr.o)
    0x0800098e   0x0800098e   0x00000024   Code   RO         4753    .text               mc_w.l(llsshr.o)
    0x080009b2   0x080009b2   0x00000002   Code   RO         4756    .text               mc_w.l(cpp_final.o)
    0x080009b4   0x080009b4   0x000000ba   Code   RO         4758    .text               mf_w.l(depilogue.o)
    0x08000a6e   0x08000a6e   0x0000003c   Code   RO         4763    .text               cpprt_w.l(arm_exceptions_mem.o)
    0x08000aaa   0x08000aaa   0x00000056   Code   RO         4785    .text               mc_w.l(__dczerorl2.o)
    0x08000b00   0x08000b00   0x00000068   Code   RO         1538    i.ADIS_Ask          stm32h743_x7pro_drives.lib(adis16470.o)
    0x08000b68   0x08000b68   0x00000110   Code   RO         1539    i.ADIS_Get          stm32h743_x7pro_drives.lib(adis16470.o)
    0x08000c78   0x08000c78   0x00000098   Code   RO         1540    i.ADIS_Init         stm32h743_x7pro_drives.lib(adis16470.o)
    0x08000d10   0x08000d10   0x0000033c   Code   RO         1541    i.ADIS_Read         stm32h743_x7pro_drives.lib(adis16470.o)
    0x0800104c   0x0800104c   0x00000230   Code   RO         1617    i.BMI088_Accl_Ask   stm32h743_x7pro_drives.lib(bmi088.o)
    0x0800127c   0x0800127c   0x00000150   Code   RO         1618    i.BMI088_Accl_Get   stm32h743_x7pro_drives.lib(bmi088.o)
    0x080013cc   0x080013cc   0x000001d0   Code   RO         1619    i.BMI088_Gyro_Ask   stm32h743_x7pro_drives.lib(bmi088.o)
    0x0800159c   0x0800159c   0x00000140   Code   RO         1620    i.BMI088_Gyro_Get   stm32h743_x7pro_drives.lib(bmi088.o)
    0x080016dc   0x080016dc   0x00000040   Code   RO         1623    i.BMI088_ReadTemp   stm32h743_x7pro_drives.lib(bmi088.o)
    0x0800171c   0x0800171c   0x00000028   Code   RO         1624    i.BMI088_TempAsk    stm32h743_x7pro_drives.lib(bmi088.o)
    0x08001744   0x08001744   0x0000000c   Code   RO         1625    i.BMI088_Temp_Get   stm32h743_x7pro_drives.lib(bmi088.o)
    0x08001750   0x08001750   0x00000048   Code   RO         2318    i.DMA1_Stream0_IRQHandler  stm32h743_x7pro_drives.lib(dma_irq.o)
    0x08001798   0x08001798   0x0000005c   Code   RO         2319    i.DMA1_Stream1_IRQHandler  stm32h743_x7pro_drives.lib(dma_irq.o)
    0x080017f4   0x080017f4   0x00000048   Code   RO         2320    i.DMA1_Stream2_IRQHandler  stm32h743_x7pro_drives.lib(dma_irq.o)
    0x0800183c   0x0800183c   0x0000005c   Code   RO         2321    i.DMA1_Stream3_IRQHandler  stm32h743_x7pro_drives.lib(dma_irq.o)
    0x08001898   0x08001898   0x00000002   Code   RO         2322    i.DMA1_Stream4_IRQHandler  stm32h743_x7pro_drives.lib(dma_irq.o)
    0x0800189a   0x0800189a   0x00000002   Code   RO         2323    i.DMA1_Stream5_IRQHandler  stm32h743_x7pro_drives.lib(dma_irq.o)
    0x0800189c   0x0800189c   0x00000048   Code   RO         2324    i.DMA1_Stream6_IRQHandler  stm32h743_x7pro_drives.lib(dma_irq.o)
    0x080018e4   0x080018e4   0x0000005c   Code   RO         2325    i.DMA1_Stream7_IRQHandler  stm32h743_x7pro_drives.lib(dma_irq.o)
    0x08001940   0x08001940   0x000000a0   Code   RO         2326    i.DMA2_Stream0_IRQHandler  stm32h743_x7pro_drives.lib(dma_irq.o)
    0x080019e0   0x080019e0   0x000000a0   Code   RO         2327    i.DMA2_Stream1_IRQHandler  stm32h743_x7pro_drives.lib(dma_irq.o)
    0x08001a80   0x08001a80   0x000000a0   Code   RO         2328    i.DMA2_Stream2_IRQHandler  stm32h743_x7pro_drives.lib(dma_irq.o)
    0x08001b20   0x08001b20   0x00000154   Code   RO         2329    i.DMA2_Stream3_IRQHandler  stm32h743_x7pro_drives.lib(dma_irq.o)
    0x08001c74   0x08001c74   0x00000154   Code   RO         2330    i.DMA2_Stream4_IRQHandler  stm32h743_x7pro_drives.lib(dma_irq.o)
    0x08001dc8   0x08001dc8   0x0000015c   Code   RO         2331    i.DMA2_Stream5_IRQHandler  stm32h743_x7pro_drives.lib(dma_irq.o)
    0x08001f24   0x08001f24   0x00000154   Code   RO         2332    i.DMA2_Stream6_IRQHandler  stm32h743_x7pro_drives.lib(dma_irq.o)
    0x08002078   0x08002078   0x000000d8   Code   RO         2333    i.DMA2_Stream7_IRQHandler  stm32h743_x7pro_drives.lib(dma_irq.o)
    0x08002150   0x08002150   0x0000007e   Code   RO         2294    i.DMAstream_Init    stm32h743_x7pro_drives.lib(dma.o)
    0x080021ce   0x080021ce   0x00000002   PAD
    0x080021d0   0x080021d0   0x00000358   Code   RO         2160    i.Data_updata       stm32h743_x7pro_ESKF.lib(tcp.o)
    0x08002528   0x08002528   0x00000004   Code   RO         1295    i.Disable_Irq       stm32h743_x7pro_drives.lib(sys.o)
    0x0800252c   0x0800252c   0x00000038   Code   RO          871    i.EXTI15_10_IRQHandler  stm32h743_x7pro_drives.lib(exti.o)
    0x08002564   0x08002564   0x00000020   Code   RO          872    i.EXTI4_IRQHandler  stm32h743_x7pro_drives.lib(exti.o)
    0x08002584   0x08002584   0x00000020   Code   RO          873    i.EXTI9_5_IRQHandler  stm32h743_x7pro_drives.lib(exti.o)
    0x080025a4   0x080025a4   0x00000004   Code   RO         1296    i.Enable_Irq        stm32h743_x7pro_drives.lib(sys.o)
    0x080025a8   0x080025a8   0x0000015c   Code   RO          928    i.FDCAN1_IT0_IRQHandler  stm32h743_x7pro_drives.lib(fdcan.o)
    0x08002704   0x08002704   0x00000024   Code   RO          934    i.FDCAN1_getTxLen   stm32h743_x7pro_drives.lib(fdcan.o)
    0x08002728   0x08002728   0x00000164   Code   RO          936    i.FDCAN2_IT0_IRQHandler  stm32h743_x7pro_drives.lib(fdcan.o)
    0x0800288c   0x0800288c   0x00000024   Code   RO          941    i.FDCAN2_getTxLen   stm32h743_x7pro_drives.lib(fdcan.o)
    0x080028b0   0x080028b0   0x00000074   Code   RO         1056    i.GPIOA_init        stm32h743_x7pro_drives.lib(gpio.o)
    0x08002924   0x08002924   0x000000e0   Code   RO         1057    i.GPIOB_init        stm32h743_x7pro_drives.lib(gpio.o)
    0x08002a04   0x08002a04   0x000000b8   Code   RO         1058    i.GPIOC_init        stm32h743_x7pro_drives.lib(gpio.o)
    0x08002abc   0x08002abc   0x00000144   Code   RO         1059    i.GPIOD_init        stm32h743_x7pro_drives.lib(gpio.o)
    0x08002c00   0x08002c00   0x00000154   Code   RO         1060    i.GPIOE_init        stm32h743_x7pro_drives.lib(gpio.o)
    0x08002d54   0x08002d54   0x000000f4   Code   RO         1061    i.GPIOF_init        stm32h743_x7pro_drives.lib(gpio.o)
    0x08002e48   0x08002e48   0x00000138   Code   RO         1062    i.GPIOG_init        stm32h743_x7pro_drives.lib(gpio.o)
    0x08002f80   0x08002f80   0x00000124   Code   RO         1063    i.GPIOH_init        stm32h743_x7pro_drives.lib(gpio.o)
    0x080030a4   0x080030a4   0x000000d4   Code   RO         1064    i.GPIOI_init        stm32h743_x7pro_drives.lib(gpio.o)
    0x08003178   0x08003178   0x00000044   Code   RO         1065    i.GPIOJ_init        stm32h743_x7pro_drives.lib(gpio.o)
    0x080031bc   0x080031bc   0x00000044   Code   RO         1066    i.GPIOK_init        stm32h743_x7pro_drives.lib(gpio.o)
    0x08003200   0x08003200   0x00000048   Code   RO          640    i.GetChannel        sbus.o
    0x08003248   0x08003248   0x0000010c   Code   RO         2021    i.GetUbloxGPSData   stm32h743_x7pro_ESKF.lib(get_gps.o)
    0x08003354   0x08003354   0x00000140   Code   RO          583    i.LAW_Act           mpwmout.o
    0x08003494   0x08003494   0x00000038   Code   RO          584    i.LAW_Out           mpwmout.o
    0x080034cc   0x080034cc   0x00000120   Code   RO          585    i.LAW_ParmInit      mpwmout.o
    0x080035ec   0x080035ec   0x00000120   Code   RO          586    i.LAW_Task          mpwmout.o
    0x0800370c   0x0800370c   0x0000012c   Code   RO         1751    i.MS5611_Ask        stm32h743_x7pro_drives.lib(ms5611.o)
    0x08003838   0x08003838   0x00000414   Code   RO         1752    i.MS5611_GetPress   stm32h743_x7pro_drives.lib(ms5611.o)
    0x08003c4c   0x08003c4c   0x00000070   Code   RO         1753    i.MS5611_GetTemp    stm32h743_x7pro_drives.lib(ms5611.o)
    0x08003cbc   0x08003cbc   0x00000020   Code   RO         1754    i.MS5611_init       stm32h743_x7pro_drives.lib(ms5611.o)
    0x08003cdc   0x08003cdc   0x00000034   Code   RO         1755    i.MS5611_task       stm32h743_x7pro_drives.lib(ms5611.o)
    0x08003d10   0x08003d10   0x00000128   Code   RO         1756    i.MS6511_Get        stm32h743_x7pro_drives.lib(ms5611.o)
    0x08003e38   0x08003e38   0x0000002c   Code   RO         2161    i.MakeCheckSum      stm32h743_x7pro_ESKF.lib(tcp.o)
    0x08003e64   0x08003e64   0x00000046   Code   RO          641    i.MidVal            sbus.o
    0x08003eaa   0x08003eaa   0x00000002   PAD
    0x08003eac   0x08003eac   0x00000078   Code   RO         1297    i.NVIC_Init         stm32h743_x7pro_drives.lib(sys.o)
    0x08003f24   0x08003f24   0x00000028   Code   RO         1298    i.NVIC_PriorityGroupConfig  stm32h743_x7pro_drives.lib(sys.o)
    0x08003f4c   0x08003f4c   0x00000010   Code   RO         1299    i.NVIC_SetVectorTable  stm32h743_x7pro_drives.lib(sys.o)
    0x08003f5c   0x08003f5c   0x00000328   Code   RO          642    i.PWM_sbus          sbus.o
    0x08004284   0x08004284   0x0000003c   Code   RO         2163    i.Psi_360           stm32h743_x7pro_ESKF.lib(tcp.o)
    0x080042c0   0x080042c0   0x000000d4   Code   RO         1702    i.RM3100_Ask        stm32h743_x7pro_drives.lib(rm3100.o)
    0x08004394   0x08004394   0x000000c8   Code   RO         1703    i.RM3100_Get        stm32h743_x7pro_drives.lib(rm3100.o)
    0x0800445c   0x0800445c   0x000000b4   Code   RO         1704    i.RM3100_ReadMagn   stm32h743_x7pro_drives.lib(rm3100.o)
    0x08004510   0x08004510   0x00000020   Code   RO         1705    i.RM3100_init       stm32h743_x7pro_drives.lib(rm3100.o)
    0x08004530   0x08004530   0x00000134   Code   RO          643    i.SBUS_Decode       sbus.o
    0x08004664   0x08004664   0x0000007c   Code   RO          644    i.SBUS_Monitor      sbus.o
    0x080046e0   0x080046e0   0x0000016c   Code   RO          645    i.SBUS_Rev          sbus.o
    0x0800484c   0x0800484c   0x0000009c   Code   RO         1300    i.SCB_EnableDCache  stm32h743_x7pro_drives.lib(sys.o)
    0x080048e8   0x080048e8   0x0000007c   Code   RO         1301    i.SCB_EnableICache  stm32h743_x7pro_drives.lib(sys.o)
    0x08004964   0x08004964   0x0000004c   Code   RO         2334    i.SCB_InvalidateDCache_by_Addr  stm32h743_x7pro_drives.lib(dma_irq.o)
    0x080049b0   0x080049b0   0x00000110   Code   RO         1167    i.SPI1_DMA_Init     stm32h743_x7pro_drives.lib(spi.o)
    0x08004ac0   0x08004ac0   0x00000060   Code   RO         2335    i.SPI1_ReadWrite_DMA  stm32h743_x7pro_drives.lib(dma_irq.o)
    0x08004b20   0x08004b20   0x00000038   Code   RO         1168    i.SPI1_RxManager    stm32h743_x7pro_drives.lib(spi.o)
    0x08004b58   0x08004b58   0x00000034   Code   RO         1169    i.SPI1_Tx           stm32h743_x7pro_drives.lib(spi.o)
    0x08004b8c   0x08004b8c   0x00000034   Code   RO         1170    i.SPI1_TxManager    stm32h743_x7pro_drives.lib(spi.o)
    0x08004bc0   0x08004bc0   0x00000110   Code   RO         1171    i.SPI2_DMA_Init     stm32h743_x7pro_drives.lib(spi.o)
    0x08004cd0   0x08004cd0   0x00000060   Code   RO         2336    i.SPI2_ReadWrite_DMA  stm32h743_x7pro_drives.lib(dma_irq.o)
    0x08004d30   0x08004d30   0x00000040   Code   RO         1172    i.SPI2_RxManager    stm32h743_x7pro_drives.lib(spi.o)
    0x08004d70   0x08004d70   0x00000038   Code   RO         1173    i.SPI2_Tx           stm32h743_x7pro_drives.lib(spi.o)
    0x08004da8   0x08004da8   0x0000004c   Code   RO         1174    i.SPI2_TxManager    stm32h743_x7pro_drives.lib(spi.o)
    0x08004df4   0x08004df4   0x00000110   Code   RO         1175    i.SPI4_DMA_Init     stm32h743_x7pro_drives.lib(spi.o)
    0x08004f04   0x08004f04   0x00000074   Code   RO         2337    i.SPI4_ReadWrite_DMA  stm32h743_x7pro_drives.lib(dma_irq.o)
    0x08004f78   0x08004f78   0x00000050   Code   RO         1176    i.SPI4_RxManager    stm32h743_x7pro_drives.lib(spi.o)
    0x08004fc8   0x08004fc8   0x00000038   Code   RO         1177    i.SPI4_Tx           stm32h743_x7pro_drives.lib(spi.o)
    0x08005000   0x08005000   0x00000070   Code   RO         1178    i.SPI4_TxManager    stm32h743_x7pro_drives.lib(spi.o)
    0x08005070   0x08005070   0x00000050   Code   RO         1179    i.SPITx_Pop         stm32h743_x7pro_drives.lib(spi.o)
    0x080050c0   0x080050c0   0x000000a2   Code   RO         1180    i.SPITx_Push        stm32h743_x7pro_drives.lib(spi.o)
    0x08005162   0x08005162   0x0000001c   Code   RO         1181    i.SPI_GetTxSize     stm32h743_x7pro_drives.lib(spi.o)
    0x0800517e   0x0800517e   0x0000005a   Code   RO         1182    i.SPI_Init          stm32h743_x7pro_drives.lib(spi.o)
    0x080051d8   0x080051d8   0x0000050c   Code   RO          338    i.TELE_FrameA       tele.o
    0x080056e4   0x080056e4   0x000003cc   Code   RO          339    i.TELE_FrameB       tele.o
    0x08005ab0   0x08005ab0   0x00000032   Code   RO          340    i.TELE_TxMan        tele.o
    0x08005ae2   0x08005ae2   0x00000002   PAD
    0x08005ae4   0x08005ae4   0x000000a8   Code   RO          718    i.TIM12_init        stm32h743_x7pro_drives.lib(pwm.o)
    0x08005b8c   0x08005b8c   0x00000044   Code   RO          719    i.TIM1_init         stm32h743_x7pro_drives.lib(pwm.o)
    0x08005bd0   0x08005bd0   0x00000024   Code   RO         1387    i.TIM3_IRQHandler   stm32h743_x7pro_drives.lib(timer.o)
    0x08005bf4   0x08005bf4   0x000000ac   Code   RO         1388    i.TIM3_Init         stm32h743_x7pro_drives.lib(timer.o)
    0x08005ca0   0x08005ca0   0x0000002c   Code   RO          720    i.TIM4_init         stm32h743_x7pro_drives.lib(pwm.o)
    0x08005ccc   0x08005ccc   0x0000002c   Code   RO          721    i.TIM5_init         stm32h743_x7pro_drives.lib(pwm.o)
    0x08005cf8   0x08005cf8   0x00000076   Code   RO          722    i.TIM_pwm_init      stm32h743_x7pro_drives.lib(pwm.o)
    0x08005d6e   0x08005d6e   0x00000002   PAD
    0x08005d70   0x08005d70   0x000000b8   Code   RO          341    i.TaskUblox         tele.o
    0x08005e28   0x08005e28   0x00000100   Code   RO         2338    i.UART4_IRQHandler  stm32h743_x7pro_drives.lib(dma_irq.o)
    0x08005f28   0x08005f28   0x0000009c   Code   RO         1442    i.UART7_IRQHandler  stm32h743_x7pro_drives.lib(usart.o)
    0x08005fc4   0x08005fc4   0x00000060   Code   RO         2339    i.UART8_IRQHandler  stm32h743_x7pro_drives.lib(dma_irq.o)
    0x08006024   0x08006024   0x000000b0   Code   RO         2340    i.USART1_IRQHandler  stm32h743_x7pro_drives.lib(dma_irq.o)
    0x080060d4   0x080060d4   0x000000b8   Code   RO         2341    i.USART2_IRQHandler  stm32h743_x7pro_drives.lib(dma_irq.o)
    0x0800618c   0x0800618c   0x000000b4   Code   RO         2342    i.USART6_IRQHandler  stm32h743_x7pro_drives.lib(dma_irq.o)
    0x08006240   0x08006240   0x00000024   Code   RO         2343    i.Uart4_DMA_RxStart  stm32h743_x7pro_drives.lib(dma_irq.o)
    0x08006264   0x08006264   0x00000024   Code   RO         2344    i.Uart8_DMA_RxStart  stm32h743_x7pro_drives.lib(dma_irq.o)
    0x08006288   0x08006288   0x00000074   Code   RO          342    i.Ublox_Monitor     tele.o
    0x080062fc   0x080062fc   0x00000024   Code   RO         2345    i.Usart1_DMA_RxStart  stm32h743_x7pro_drives.lib(dma_irq.o)
    0x08006320   0x08006320   0x00000074   Code   RO         2346    i.Usart1_DMA_TxStart  stm32h743_x7pro_drives.lib(dma_irq.o)
    0x08006394   0x08006394   0x00000024   Code   RO         2347    i.Usart2_DMA_RxStart  stm32h743_x7pro_drives.lib(dma_irq.o)
    0x080063b8   0x080063b8   0x00000084   Code   RO         2348    i.Usart2_DMA_TxStart  stm32h743_x7pro_drives.lib(dma_irq.o)
    0x0800643c   0x0800643c   0x00000024   Code   RO         2349    i.Usart6_DMA_RxStart  stm32h743_x7pro_drives.lib(dma_irq.o)
    0x08006460   0x08006460   0x00000074   Code   RO         2350    i.Usart6_DMA_TxStart  stm32h743_x7pro_drives.lib(dma_irq.o)
    0x080064d4   0x080064d4   0x00000040   Code   RO         1443    i.Usart_GetRxLen    stm32h743_x7pro_drives.lib(usart.o)
    0x08006514   0x08006514   0x0000003c   Code   RO         1444    i.Usart_GetTxLen    stm32h743_x7pro_drives.lib(usart.o)
    0x08006550   0x08006550   0x0000009c   Code   RO         1445    i.Usart_Rx          stm32h743_x7pro_drives.lib(usart.o)
    0x080065ec   0x080065ec   0x000000e8   Code   RO         1446    i.Usart_Tx          stm32h743_x7pro_drives.lib(usart.o)
    0x080066d4   0x080066d4   0x0000027c   Code   RO         2574    i._Z10INSUartOutRK5CSINSRK6CKFApp  stm32h743_x7pro_ESKF.lib(gpsins.o)
    0x08006950   0x08006950   0x000001b2   Code   RO         2731    i._Z11AlignCoarse6CVect3S_d  stm32h743_x7pro_ESKF.lib(psins.o)
    0x08006b02   0x08006b02   0x00000002   PAD
    0x08006b04   0x08006b04   0x000000c4   Code   RO         1812    i._Z12get_PQR_axyzv  stm32h743_x7pro_ESKF.lib(eskf.o)
    0x08006bc8   0x08006bc8   0x0000029c   Code   RO         2024    i._Z12ubloxPublishv  stm32h743_x7pro_ESKF.lib(get_gps.o)
    0x08006e64   0x08006e64   0x00000074   Code   RO         1813    i._Z14get_gpsmessagev  stm32h743_x7pro_ESKF.lib(eskf.o)
    0x08006ed8   0x08006ed8   0x00000028   Code   RO         2025    i._Z15ubloxRxChecksumh  stm32h743_x7pro_ESKF.lib(get_gps.o)
    0x08006f00   0x08006f00   0x000000b8   Code   RO          343    i._Z18navCalcEarthRadiusd  tele.o
    0x08006fb8   0x08006fb8   0x00000014   Code   RO         2027    i._Z20ubloxRxChecksumResetv  stm32h743_x7pro_ESKF.lib(get_gps.o)
    0x08006fcc   0x08006fcc   0x000002fc   Code   RO         1814    i._Z4ESKFv          stm32h743_x7pro_ESKF.lib(eskf.o)
    0x080072c8   0x080072c8   0x0000002e   Code   RO         2742    i._Z4normRK6CVect3  stm32h743_x7pro_ESKF.lib(psins.o)
    0x080072f6   0x080072f6   0x00000002   PAD
    0x080072f8   0x080072f8   0x00000114   Code   RO         2744    i._Z4rv2qRK6CVect3  stm32h743_x7pro_ESKF.lib(psins.o)
    0x0800740c   0x0800740c   0x00000026   Code   RO         2745    i._Z4signdd         stm32h743_x7pro_ESKF.lib(psins.o)
    0x08007432   0x08007432   0x00000046   Code   RO         2748    i._Z5a2quaRK6CVect3  stm32h743_x7pro_ESKF.lib(psins.o)
    0x08007478   0x08007478   0x000000f4   Code   RO         2749    i._Z5a2quaddd       stm32h743_x7pro_ESKF.lib(psins.o)
    0x0800756c   0x0800756c   0x00000060   Code   RO         2750    i._Z5askewRK6CVect3  stm32h743_x7pro_ESKF.lib(psins.o)
    0x080075cc   0x080075cc   0x0000007c   Code   RO         2751    i._Z5m2attRK5CMat3  stm32h743_x7pro_ESKF.lib(psins.o)
    0x08007648   0x08007648   0x00000258   Code   RO         2752    i._Z5m2quaRK5CMat3  stm32h743_x7pro_ESKF.lib(psins.o)
    0x080078a0   0x080078a0   0x00000138   Code   RO         2755    i._Z5q2attRK5CQuat  stm32h743_x7pro_ESKF.lib(psins.o)
    0x080079d8   0x080079d8   0x00000154   Code   RO         2756    i._Z5q2matRK5CQuat  stm32h743_x7pro_ESKF.lib(psins.o)
    0x08007b2c   0x08007b2c   0x0000002a   Code   RO         2757    i._Z5rangeddd       stm32h743_x7pro_ESKF.lib(psins.o)
    0x08007b56   0x08007b56   0x0000001e   Code   RO          452    i._Z6Maxminddd      sim.o
    0x08007b74   0x08007b74   0x00000090   Code   RO         2758    i._Z6RowMulR4CMatRKS_S2_i  stm32h743_x7pro_ESKF.lib(psins.o)
    0x08007c04   0x08007c04   0x00000014   Code   RO          344    i._Z6SetBitPhh      tele.o
    0x08007c18   0x08007c18   0x0000000e   Code   RO         2759    i._Z6asserth        stm32h743_x7pro_ESKF.lib(psins.o)
    0x08007c26   0x08007c26   0x00000150   Code   RO         2760    i._Z6dv2attR6CVect3RKS_S0_S2_  stm32h743_x7pro_ESKF.lib(psins.o)
    0x08007d76   0x08007d76   0x00000002   PAD
    0x08007d78   0x08007d78   0x00000054   Code   RO          453    i._Z7Psi_180d       sim.o
    0x08007dcc   0x08007dcc   0x00000088   Code   RO         2762    i._Z7RowMulTR4CMatRKS_S2_i  stm32h743_x7pro_ESKF.lib(psins.o)
    0x08007e54   0x08007e54   0x0000005c   Code   RO         2763    i._Z7atan2Exdd      stm32h743_x7pro_ESKF.lib(psins.o)
    0x08007eb0   0x08007eb0   0x0000005c   Code   RO         2764    i._Z7diffYawdd      stm32h743_x7pro_ESKF.lib(psins.o)
    0x08007f0c   0x08007f0c   0x0000004c   Code   RO         1815    i._Z7get_IMUv       stm32h743_x7pro_ESKF.lib(eskf.o)
    0x08007f58   0x08007f58   0x00000090   Code   RO         1816    i._Z7get_attv       stm32h743_x7pro_ESKF.lib(eskf.o)
    0x08007fe8   0x08007fe8   0x000000c0   Code   RO         1817    i._Z7get_posv       stm32h743_x7pro_ESKF.lib(eskf.o)
    0x080080a8   0x080080a8   0x00000074   Code   RO         1818    i._Z7get_velv       stm32h743_x7pro_ESKF.lib(eskf.o)
    0x0800811c   0x0800811c   0x000000a0   Code   RO         2765    i._Z7pos2CenRK6CVect3  stm32h743_x7pro_ESKF.lib(psins.o)
    0x080081bc   0x080081bc   0x00000018   Code   RO          345    i._Z8ClearBitPhh    tele.o
    0x080081d4   0x080081d4   0x000000b0   Code   RO          454    i._Z8ctrl_altv      sim.o
    0x08008284   0x08008284   0x00000080   Code   RO         2767    i._Z8symmetryR4CMat  stm32h743_x7pro_ESKF.lib(psins.o)
    0x08008304   0x08008304   0x00000038   Code   RO          347    i._Z9WP_Pos2XYffffPfS_  tele.o
    0x0800833c   0x0800833c   0x0000013c   Code   RO          455    i._Z9ctrl_latev     sim.o
    0x08008478   0x08008478   0x00000130   Code   RO          456    i._Z9ctrl_longv     sim.o
    0x080085a8   0x080085a8   0x000000e0   Code   RO         2770    i._ZN15LowPassFilter2p20set_cutoff_frequencyEdd  stm32h743_x7pro_ESKF.lib(psins.o)
    0x08008688   0x08008688   0x00000002   Code   RO         2773    i._ZN15LowPassFilter2pC1Ev  stm32h743_x7pro_ESKF.lib(psins.o)
    0x0800868a   0x0800868a   0x00000002   PAD
    0x0800868c   0x0800868c   0x000001ac   Code   RO         2774    i._ZN4CGLVC1Edddd   stm32h743_x7pro_ESKF.lib(psins.o)
    0x08008838   0x08008838   0x00000260   Code   RO         2778    i._ZN4CIMU6UpdateEPK6CVect3S2_i  stm32h743_x7pro_ESKF.lib(psins.o)
    0x08008a98   0x08008a98   0x0000003c   Code   RO         2779    i._ZN4CIMUC1Ev      stm32h743_x7pro_ESKF.lib(psins.o)
    0x08008ad4   0x08008ad4   0x0000004c   Code   RO         2785    i._ZN4CMat7SetMat3EiiRK5CMat3  stm32h743_x7pro_ESKF.lib(psins.o)
    0x08008b20   0x08008b20   0x0000004c   Code   RO         2788    i._ZN4CMat8SetDiag2Edz  stm32h743_x7pro_ESKF.lib(psins.o)
    0x08008b6c   0x08008b6c   0x00000010   Code   RO         2789    i._ZN4CMatC1Eii     stm32h743_x7pro_ESKF.lib(psins.o)
    0x08008b7c   0x08008b7c   0x0000002a   Code   RO         2791    i._ZN4CMatC1Eiid    stm32h743_x7pro_ESKF.lib(psins.o)
    0x08008ba6   0x08008ba6   0x00000002   Code   RO         2792    i._ZN4CMatC1Ev      stm32h743_x7pro_ESKF.lib(psins.o)
    0x08008ba8   0x08008ba8   0x00000014   Code   RO         2793    i._ZN4CMatclEii     stm32h743_x7pro_ESKF.lib(psins.o)
    0x08008bbc   0x08008bbc   0x0000004c   Code   RO         2794    i._ZN4CMatmIERKS_   stm32h743_x7pro_ESKF.lib(psins.o)
    0x08008c08   0x08008c08   0x00000056   Code   RO         2796    i._ZN4CMatpLERK5CVect  stm32h743_x7pro_ESKF.lib(psins.o)
    0x08008c5e   0x08008c5e   0x0000002e   Code   RO         2798    i._ZN4CMatppEv      stm32h743_x7pro_ESKF.lib(psins.o)
    0x08008c8c   0x08008c8c   0x0000004a   Code   RO         2799    i._ZN5CMat3C1ERK6CVect3S2_S2_  stm32h743_x7pro_ESKF.lib(psins.o)
    0x08008cd6   0x08008cd6   0x00000032   Code   RO         2800    i._ZN5CMat3C1Eddddddddd  stm32h743_x7pro_ESKF.lib(psins.o)
    0x08008d08   0x08008d08   0x00000002   Code   RO         2801    i._ZN5CMat3C1Ev     stm32h743_x7pro_ESKF.lib(psins.o)
    0x08008d0a   0x08008d0a   0x00000012   Code   RO         2803    i._ZN5CQuatC1Edddd  stm32h743_x7pro_ESKF.lib(psins.o)
    0x08008d1c   0x08008d1c   0x00000002   Code   RO         2804    i._ZN5CQuatC1Ev     stm32h743_x7pro_ESKF.lib(psins.o)
    0x08008d1e   0x08008d1e   0x0000003c   Code   RO         2805    i._ZN5CQuatmIERK6CVect3  stm32h743_x7pro_ESKF.lib(psins.o)
    0x08008d5a   0x08008d5a   0x00000002   PAD
    0x08008d5c   0x08008d5c   0x00000338   Code   RO         2807    i._ZN5CSINS3etmEv   stm32h743_x7pro_ESKF.lib(psins.o)
    0x08009094   0x08009094   0x00000118   Code   RO         2808    i._ZN5CSINS5leverERK6CVect3  stm32h743_x7pro_ESKF.lib(psins.o)
    0x080091ac   0x080091ac   0x000004be   Code   RO         2810    i._ZN5CSINS6UpdateEPK6CVect3S2_id  stm32h743_x7pro_ESKF.lib(psins.o)
    0x0800966a   0x0800966a   0x00000002   PAD
    0x0800966c   0x0800966c   0x00000464   Code   RO         2812    i._ZN5CSINSC1ERK5CQuatRK6CVect3S5_d  stm32h743_x7pro_ESKF.lib(psins.o)
    0x08009ad0   0x08009ad0   0x0000006a   Code   RO         2813    i._ZN5CVect3SetEdz  stm32h743_x7pro_ESKF.lib(psins.o)
    0x08009b3a   0x08009b3a   0x0000006e   Code   RO         2814    i._ZN5CVect4Set2Edz  stm32h743_x7pro_ESKF.lib(psins.o)
    0x08009ba8   0x08009ba8   0x00000022   Code   RO         2818    i._ZN5CVectC1Eid    stm32h743_x7pro_ESKF.lib(psins.o)
    0x08009bca   0x08009bca   0x00000014   Code   RO         2820    i._ZN5CVectC1Eii    stm32h743_x7pro_ESKF.lib(psins.o)
    0x08009bde   0x08009bde   0x00000002   Code   RO         2821    i._ZN5CVectC1Ev     stm32h743_x7pro_ESKF.lib(psins.o)
    0x08009be0   0x08009be0   0x0000000c   Code   RO         2822    i._ZN5CVectclEi     stm32h743_x7pro_ESKF.lib(psins.o)
    0x08009bec   0x08009bec   0x0000005e   Code   RO         2825    i._ZN5CVectpLERKS_  stm32h743_x7pro_ESKF.lib(psins.o)
    0x08009c4a   0x08009c4a   0x00000002   PAD
    0x08009c4c   0x08009c4c   0x00000230   Code   RO         2826    i._ZN6CEarth6UpdateERK6CVect3S2_  stm32h743_x7pro_ESKF.lib(psins.o)
    0x08009e7c   0x08009e7c   0x00000100   Code   RO         2827    i._ZN6CEarthC1Eddd  stm32h743_x7pro_ESKF.lib(psins.o)
    0x08009f7c   0x08009f7c   0x00000268   Code   RO         2575    i._ZN6CKFApp11gps_messageEv  stm32h743_x7pro_ESKF.lib(gpsins.o)
    0x0800a1e4   0x0800a1e4   0x00000104   Code   RO         2577    i._ZN6CKFApp18IMUData_compensateER14IMU_Data_value  stm32h743_x7pro_ESKF.lib(gpsins.o)
    0x0800a2e8   0x0800a2e8   0x0000037c   Code   RO         2578    i._ZN6CKFApp4AHRSERK6CVect3  stm32h743_x7pro_ESKF.lib(gpsins.o)
    0x0800a664   0x0800a664   0x00000ac4   Code   RO         2579    i._ZN6CKFApp6Init16ERK5CSINS  stm32h743_x7pro_ESKF.lib(gpsins.o)
    0x0800b128   0x0800b128   0x00000964   Code   RO         2580    i._ZN6CKFApp6MeasupEddRK6CVect3  stm32h743_x7pro_ESKF.lib(gpsins.o)
    0x0800ba8c   0x0800ba8c   0x00000168   Code   RO         2581    i._ZN6CKFApp6UpdateEv  stm32h743_x7pro_ESKF.lib(gpsins.o)
    0x0800bbf4   0x0800bbf4   0x0000003e   Code   RO         2582    i._ZN6CKFApp7SetMeasEP6CVect3S1_d  stm32h743_x7pro_ESKF.lib(gpsins.o)
    0x0800bc32   0x0800bc32   0x00000002   PAD
    0x0800bc34   0x0800bc34   0x00000114   Code   RO         2583    i._ZN6CKFApp7at_restEv  stm32h743_x7pro_ESKF.lib(gpsins.o)
    0x0800bd48   0x0800bd48   0x000009a2   Code   RO         2584    i._ZN6CKFApp8mean_stdEii  stm32h743_x7pro_ESKF.lib(gpsins.o)
    0x0800c6ea   0x0800c6ea   0x00000002   PAD
    0x0800c6ec   0x0800c6ec   0x0000027c   Code   RO         2586    i._ZN6CKFAppC1Ev    stm32h743_x7pro_ESKF.lib(gpsins.o)
    0x0800c968   0x0800c968   0x00000010   Code   RO         1888    i._ZN6CKFAppD1Ev    stm32h743_x7pro_ESKF.lib(eskf.o)
    0x0800c978   0x0800c978   0x0000000e   Code   RO         2838    i._ZN6CVect3C1Eddd  stm32h743_x7pro_ESKF.lib(psins.o)
    0x0800c986   0x0800c986   0x00000002   Code   RO         2839    i._ZN6CVect3C1Ev    stm32h743_x7pro_ESKF.lib(psins.o)
    0x0800c988   0x0800c988   0x00000032   Code   RO         2841    i._ZN6CVect3mIERKS_  stm32h743_x7pro_ESKF.lib(psins.o)
    0x0800c9ba   0x0800c9ba   0x00000032   Code   RO         2843    i._ZN6CVect3pLERKS_  stm32h743_x7pro_ESKF.lib(psins.o)
    0x0800c9ec   0x0800c9ec   0x0000000e   Code   RO         2846    i._ZN7CKalman11SetMeasFlagEi  stm32h743_x7pro_ESKF.lib(psins.o)
    0x0800c9fa   0x0800c9fa   0x00000002   PAD
    0x0800c9fc   0x0800c9fc   0x00000168   Code   RO         2847    i._ZN7CKalman11XPConstrainEv  stm32h743_x7pro_ESKF.lib(psins.o)
    0x0800cb64   0x0800cb64   0x00000124   Code   RO         2851    i._ZN7CKalman8FeedbackEd  stm32h743_x7pro_ESKF.lib(psins.o)
    0x0800cc88   0x0800cc88   0x00000140   Code   RO         2852    i._ZN7CKalman9RAdaptiveEidd  stm32h743_x7pro_ESKF.lib(psins.o)
    0x0800cdc8   0x0800cdc8   0x000003ac   Code   RO         2853    i._ZN7CKalmanC1Eii  stm32h743_x7pro_ESKF.lib(psins.o)
    0x0800d174   0x0800d174   0x000001b6   Code   RO         2862    i._ZN7CSINSKF5SetFtEv  stm32h743_x7pro_ESKF.lib(psins.o)
    0x0800d32a   0x0800d32a   0x00000002   PAD
    0x0800d32c   0x0800d32c   0x000006a8   Code   RO         2863    i._ZN7CSINSKF5SetHkEv  stm32h743_x7pro_ESKF.lib(psins.o)
    0x0800d9d4   0x0800d9d4   0x000000bc   Code   RO         2864    i._ZN7CSINSKF6FankuiEd  stm32h743_x7pro_ESKF.lib(psins.o)
    0x0800da90   0x0800da90   0x00000078   Code   RO         2866    i._ZN7CSINSKFC1Eii  stm32h743_x7pro_ESKF.lib(psins.o)
    0x0800db08   0x0800db08   0x0000004c   Code   RO         2587    i._ZN7INITapp7attinitERK6CVect3S2_id  stm32h743_x7pro_ESKF.lib(gpsins.o)
    0x0800db54   0x0800db54   0x0000009c   Code   RO         2588    i._ZN7INITappC1Ev   stm32h743_x7pro_ESKF.lib(gpsins.o)
    0x0800dbf0   0x0800dbf0   0x00000350   Code   RO         2867    i._ZN8CAligni06UpdateEPK6CVect3S2_id  stm32h743_x7pro_ESKF.lib(psins.o)
    0x0800df40   0x0800df40   0x0000019c   Code   RO         2868    i._ZN8CAligni0C1ERK6CVect3  stm32h743_x7pro_ESKF.lib(psins.o)
    0x0800e0dc   0x0800e0dc   0x00000666   Code   RO         2873    i._ZN9CSINSTDKF8TDUpdateEPK6CVect3S2_idi  stm32h743_x7pro_ESKF.lib(psins.o)
    0x0800e742   0x0800e742   0x00000002   PAD
    0x0800e744   0x0800e744   0x0000015c   Code   RO         2874    i._ZN9CSINSTDKFC1Eii  stm32h743_x7pro_ESKF.lib(psins.o)
    0x0800e8a0   0x0800e8a0   0x00000050   Code   RO         2881    i._ZNK4CMat6GetRowEi  stm32h743_x7pro_ESKF.lib(psins.o)
    0x0800e8f0   0x0800e8f0   0x00000090   Code   RO         2884    i._ZNK4CMatmlERK5CVect  stm32h743_x7pro_ESKF.lib(psins.o)
    0x0800e980   0x0800e980   0x000000ac   Code   RO         2885    i._ZNK4CMatmlERKS_  stm32h743_x7pro_ESKF.lib(psins.o)
    0x0800ea2c   0x0800ea2c   0x00000056   Code   RO         2886    i._ZNK4CMatmlEd     stm32h743_x7pro_ESKF.lib(psins.o)
    0x0800ea82   0x0800ea82   0x000000ae   Code   RO         2888    i._ZNK5CMat3miERKS_  stm32h743_x7pro_ESKF.lib(psins.o)
    0x0800eb30   0x0800eb30   0x00000094   Code   RO         2889    i._ZNK5CMat3mlERK6CVect3  stm32h743_x7pro_ESKF.lib(psins.o)
    0x0800ebc4   0x0800ebc4   0x00000186   Code   RO         2890    i._ZNK5CMat3mlERKS_  stm32h743_x7pro_ESKF.lib(psins.o)
    0x0800ed4a   0x0800ed4a   0x00000084   Code   RO         2892    i._ZNK5CMat3ngEv    stm32h743_x7pro_ESKF.lib(psins.o)
    0x0800edce   0x0800edce   0x000000ae   Code   RO         2893    i._ZNK5CMat3plERKS_  stm32h743_x7pro_ESKF.lib(psins.o)
    0x0800ee7c   0x0800ee7c   0x0000004c   Code   RO         2894    i._ZNK5CQuatcoEv    stm32h743_x7pro_ESKF.lib(psins.o)
    0x0800eec8   0x0800eec8   0x0000016e   Code   RO         2897    i._ZNK5CQuatmlERK6CVect3  stm32h743_x7pro_ESKF.lib(psins.o)
    0x0800f036   0x0800f036   0x000000f0   Code   RO         2898    i._ZNK5CQuatmlERKS_  stm32h743_x7pro_ESKF.lib(psins.o)
    0x0800f126   0x0800f126   0x00000002   PAD
    0x0800f128   0x0800f128   0x000000cc   Code   RO         2902    i._ZNK5CVectmlERKS_  stm32h743_x7pro_ESKF.lib(psins.o)
    0x0800f1f4   0x0800f1f4   0x0000005e   Code   RO         2903    i._ZNK5CVectmlEd    stm32h743_x7pro_ESKF.lib(psins.o)
    0x0800f252   0x0800f252   0x00000060   Code   RO         2905    i._ZNK6CEarth7vn2dposERK6CVect3d  stm32h743_x7pro_ESKF.lib(psins.o)
    0x0800f2b2   0x0800f2b2   0x0000006a   Code   RO         2907    i._ZNK6CVect36IsZeroEd  stm32h743_x7pro_ESKF.lib(psins.o)
    0x0800f31c   0x0800f31c   0x00000050   Code   RO         2909    i._ZNK6CVect3dvEd   stm32h743_x7pro_ESKF.lib(psins.o)
    0x0800f36c   0x0800f36c   0x0000004c   Code   RO         2910    i._ZNK6CVect3miERKS_  stm32h743_x7pro_ESKF.lib(psins.o)
    0x0800f3b8   0x0800f3b8   0x00000070   Code   RO         2911    i._ZNK6CVect3mlERKS_  stm32h743_x7pro_ESKF.lib(psins.o)
    0x0800f428   0x0800f428   0x00000044   Code   RO         2912    i._ZNK6CVect3mlEd   stm32h743_x7pro_ESKF.lib(psins.o)
    0x0800f46c   0x0800f46c   0x00000040   Code   RO         2913    i._ZNK6CVect3ngEv   stm32h743_x7pro_ESKF.lib(psins.o)
    0x0800f4ac   0x0800f4ac   0x0000004c   Code   RO         2914    i._ZNK6CVect3plERKS_  stm32h743_x7pro_ESKF.lib(psins.o)
    0x0800f4f8   0x0800f4f8   0x00000060   Code   RO         2916    i._ZcoRK5CMat3      stm32h743_x7pro_ESKF.lib(psins.o)
    0x0800f558   0x0800f558   0x00000028   Code   RO         2917    i._ZcoRK5CVect      stm32h743_x7pro_ESKF.lib(psins.o)
    0x0800f580   0x0800f580   0x00000044   Code   RO         2919    i._ZmldRK6CVect3    stm32h743_x7pro_ESKF.lib(psins.o)
    0x0800f5c4   0x0800f5c4   0x0000004c   Code   RO         2920    i._ZmmRK5CQuat      stm32h743_x7pro_ESKF.lib(psins.o)
    0x0800f610   0x0800f610   0x00000028   Code   RO         3981    i._Znwj             cpprt_w.l(new.o)
    0x0800f638   0x0800f638   0x00000028   Code   RO         4479    i.__0sprintf        mc_w.l(printfa.o)
    0x0800f660   0x0800f660   0x00000030   Code   RO         4618    i.__ARM_fpclassify  m_wv.l(fpclassify.o)
    0x0800f690   0x0800f690   0x00000026   Code   RO         4620    i.__ARM_fpclassifyf  m_wv.l(fpclassifyf.o)
    0x0800f6b6   0x0800f6b6   0x00000010   Code   RO         3985    i.__cxa_guard_acquire  cpprt_w.l(cxa_guard_acquire.o)
    0x0800f6c6   0x0800f6c6   0x00000002   PAD
    0x0800f6c8   0x0800f6c8   0x00000208   Code   RO         4111    i.__hardfp_asin     m_wv.l(asin.o)
    0x0800f8d0   0x0800f8d0   0x00000200   Code   RO         4581    i.__hardfp_atan     m_wv.l(atan.o)
    0x0800fad0   0x0800fad0   0x000001c8   Code   RO         4125    i.__hardfp_atan2    m_wv.l(atan2.o)
    0x0800fc98   0x0800fc98   0x000000b0   Code   RO         4137    i.__hardfp_cos      m_wv.l(cos.o)
    0x0800fd48   0x0800fd48   0x00000150   Code   RO         4149    i.__hardfp_cosf     m_wv.l(cosf.o)
    0x0800fe98   0x0800fe98   0x000008f8   Code   RO         4161    i.__hardfp_pow      m_wv.l(pow.o)
    0x08010790   0x08010790   0x000000b0   Code   RO         4175    i.__hardfp_sin      m_wv.l(sin.o)
    0x08010840   0x08010840   0x00000066   Code   RO         4187    i.__hardfp_sqrt     m_wv.l(sqrt.o)
    0x080108a6   0x080108a6   0x00000002   PAD
    0x080108a8   0x080108a8   0x00000080   Code   RO         4211    i.__hardfp_tan      m_wv.l(tan.o)
    0x08010928   0x08010928   0x00000180   Code   RO         4223    i.__hardfp_tanf     m_wv.l(tanf.o)
    0x08010aa8   0x08010aa8   0x00000310   Code   RO         4639    i.__ieee754_rem_pio2  m_wv.l(rred.o)
    0x08010db8   0x08010db8   0x000000e0   Code   RO         4595    i.__kernel_cos      m_wv.l(cos_i.o)
    0x08010e98   0x08010e98   0x00000070   Code   RO         4636    i.__kernel_poly     m_wv.l(poly.o)
    0x08010f08   0x08010f08   0x000000a8   Code   RO         4647    i.__kernel_sin      m_wv.l(sin_i.o)
    0x08010fb0   0x08010fb0   0x00000208   Code   RO         4653    i.__kernel_tan      m_wv.l(tan_i.o)
    0x080111b8   0x080111b8   0x00000020   Code   RO         4598    i.__mathlib_dbl_divzero  m_wv.l(dunder.o)
    0x080111d8   0x080111d8   0x00000006   Code   RO         4599    i.__mathlib_dbl_infnan  m_wv.l(dunder.o)
    0x080111de   0x080111de   0x00000006   Code   RO         4600    i.__mathlib_dbl_infnan2  m_wv.l(dunder.o)
    0x080111e4   0x080111e4   0x00000004   PAD
    0x080111e8   0x080111e8   0x00000018   Code   RO         4601    i.__mathlib_dbl_invalid  m_wv.l(dunder.o)
    0x08011200   0x08011200   0x00000018   Code   RO         4602    i.__mathlib_dbl_overflow  m_wv.l(dunder.o)
    0x08011218   0x08011218   0x00000018   Code   RO         4604    i.__mathlib_dbl_underflow  m_wv.l(dunder.o)
    0x08011230   0x08011230   0x00000006   Code   RO         4623    i.__mathlib_flt_infnan  m_wv.l(funder.o)
    0x08011236   0x08011236   0x00000002   PAD
    0x08011238   0x08011238   0x00000010   Code   RO         4625    i.__mathlib_flt_invalid  m_wv.l(funder.o)
    0x08011248   0x08011248   0x00000010   Code   RO         4628    i.__mathlib_flt_underflow  m_wv.l(funder.o)
    0x08011258   0x08011258   0x00000154   Code   RO         4644    i.__mathlib_rredf2  m_wv.l(rredf.o)
    0x080113ac   0x080113ac   0x0000000e   Code   RO         4779    i.__scatterload_copy  mc_w.l(handlers.o)
    0x080113ba   0x080113ba   0x00000002   Code   RO         4780    i.__scatterload_null  mc_w.l(handlers.o)
    0x080113bc   0x080113bc   0x0000000e   Code   RO         4781    i.__scatterload_zeroinit  mc_w.l(handlers.o)
    0x080113ca   0x080113ca   0x00000002   PAD
    0x080113cc   0x080113cc   0x0000000c   Code   RO         4686    i.__set_errno       mc_w.l(errno.o)
    0x080113d8   0x080113d8   0x00000010   Code   RO         2589    i.__sti___10_gpsins_cpp_2b2338d6  stm32h743_x7pro_ESKF.lib(gpsins.o)
    0x080113e8   0x080113e8   0x00000020   Code   RO         1819    i.__sti___8_ESKF_cpp_kf  stm32h743_x7pro_ESKF.lib(eskf.o)
    0x08011408   0x08011408   0x00000128   Code   RO         2921    i.__sti___9_psins_cpp_I31  stm32h743_x7pro_ESKF.lib(psins.o)
    0x08011530   0x08011530   0x00000184   Code   RO         4484    i._fp_digits        mc_w.l(printfa.o)
    0x080116b4   0x080116b4   0x000006b4   Code   RO         4485    i._printf_core      mc_w.l(printfa.o)
    0x08011d68   0x08011d68   0x00000024   Code   RO         4486    i._printf_post_padding  mc_w.l(printfa.o)
    0x08011d8c   0x08011d8c   0x0000002e   Code   RO         4487    i._printf_pre_padding  mc_w.l(printfa.o)
    0x08011dba   0x08011dba   0x0000000a   Code   RO         4489    i._sputc            mc_w.l(printfa.o)
    0x08011dc4   0x08011dc4   0x00000010   Code   RO         4583    i.atan              m_wv.l(atan.o)
    0x08011dd4   0x08011dd4   0x00000314   Code   RO         1302    i.clock_init        stm32h743_x7pro_drives.lib(sys.o)
    0x080120e8   0x080120e8   0x0000047c   Code   RO          458    i.ctrl_cmdSmooth    sim.o
    0x08012564   0x08012564   0x00000208   Code   RO          460    i.ctrl_rectangular  sim.o
    0x0801276c   0x0801276c   0x00000032   Code   RO         1304    i.delay_ms          stm32h743_x7pro_drives.lib(sys.o)
    0x0801279e   0x0801279e   0x00000002   PAD
    0x080127a0   0x080127a0   0x00000060   Code   RO         1306    i.delay_xms         stm32h743_x7pro_drives.lib(sys.o)
    0x08012800   0x08012800   0x00000048   Code   RO          875    i.exti_enable       stm32h743_x7pro_drives.lib(exti.o)
    0x08012848   0x08012848   0x000000d4   Code   RO          876    i.exti_init         stm32h743_x7pro_drives.lib(exti.o)
    0x0801291c   0x0801291c   0x00000018   Code   RO         4614    i.fabs              m_wv.l(fabs.o)
    0x08012934   0x08012934   0x0000023c   Code   RO          942    i.fdcan1_init       stm32h743_x7pro_drives.lib(fdcan.o)
    0x08012b70   0x08012b70   0x00000208   Code   RO          943    i.fdcan2_init       stm32h743_x7pro_drives.lib(fdcan.o)
    0x08012d78   0x08012d78   0x0000010c   Code   RO         2541    i.filter_init       stm32h743_x7pro_drives.lib(2ndolpfilter.o)
    0x08012e84   0x08012e84   0x00000026   Code   RO         2542    i.filter_output     stm32h743_x7pro_drives.lib(2ndolpfilter.o)
    0x08012eaa   0x08012eaa   0x0000003c   Code   RO         2543    i.filter_update     stm32h743_x7pro_drives.lib(2ndolpfilter.o)
    0x08012ee6   0x08012ee6   0x00000002   PAD
    0x08012ee8   0x08012ee8   0x00000050   Code   RO         4505    i.free              mc_w.l(malloc.o)
    0x08012f38   0x08012f38   0x00000018   Code   RO         1820    i.get_flightstate   stm32h743_x7pro_ESKF.lib(eskf.o)
    0x08012f50   0x08012f50   0x00000030   Code   RO         1068    i.gpio_init         stm32h743_x7pro_drives.lib(gpio.o)
    0x08012f80   0x08012f80   0x0000009c   Code   RO         1069    i.gpio_pin_init     stm32h743_x7pro_drives.lib(gpio.o)
    0x0801301c   0x0801301c   0x000000b8   Code   RO            4    i.init              init.o
    0x080130d4   0x080130d4   0x000003e0   Code   RO          136    i.main              main.o
    0x080134b4   0x080134b4   0x0000006c   Code   RO         4506    i.malloc            mc_w.l(malloc.o)
    0x08013520   0x08013520   0x00000024   Code   RO          723    i.pwm_init          stm32h743_x7pro_drives.lib(pwm.o)
    0x08013544   0x08013544   0x00000090   Code   RO          724    i.pwm_set           stm32h743_x7pro_drives.lib(pwm.o)
    0x080135d4   0x080135d4   0x0000002a   Code   RO         1070    i.set_pin           stm32h743_x7pro_drives.lib(gpio.o)
    0x080135fe   0x080135fe   0x00000002   PAD
    0x08013600   0x08013600   0x0000012c   Code   RO          461    i.simu_init         sim.o
    0x0801372c   0x0801372c   0x00000010   Code   RO         1183    i.spi_init          stm32h743_x7pro_drives.lib(spi.o)
    0x0801373c   0x0801373c   0x0000006a   Code   RO         4189    i.sqrt              m_wv.l(sqrt.o)
    0x080137a6   0x080137a6   0x00000002   PAD
    0x080137a8   0x080137a8   0x000001c4   Code   RO         1389    i.time_isr          stm32h743_x7pro_drives.lib(timer.o)
    0x0801396c   0x0801396c   0x0000000c   Code   RO         1390    i.timer_init        stm32h743_x7pro_drives.lib(timer.o)
    0x08013978   0x08013978   0x00000160   Code   RO         1447    i.uart4_init        stm32h743_x7pro_drives.lib(usart.o)
    0x08013ad8   0x08013ad8   0x000000ec   Code   RO         1448    i.uart7_init        stm32h743_x7pro_drives.lib(usart.o)
    0x08013bc4   0x08013bc4   0x00000110   Code   RO         1449    i.uart8_dma_init    stm32h743_x7pro_drives.lib(usart.o)
    0x08013cd4   0x08013cd4   0x00000174   Code   RO         2032    i.ubloxCharIn       stm32h743_x7pro_ESKF.lib(get_gps.o)
    0x08013e48   0x08013e48   0x0000001c   Code   RO         2033    i.ubloxInit         stm32h743_x7pro_ESKF.lib(get_gps.o)
    0x08013e64   0x08013e64   0x00000180   Code   RO         1450    i.usart1_dma_init   stm32h743_x7pro_drives.lib(usart.o)
    0x08013fe4   0x08013fe4   0x0000018c   Code   RO         1451    i.usart2_dma_init   stm32h743_x7pro_drives.lib(usart.o)
    0x08014170   0x08014170   0x0000018c   Code   RO         1452    i.usart6_dma_init   stm32h743_x7pro_drives.lib(usart.o)
    0x080142fc   0x080142fc   0x00000008   Data   RO          946    .constdata          stm32h743_x7pro_drives.lib(fdcan.o)
    0x08014304   0x08014304   0x00000004   PAD
    0x08014308   0x08014308   0x00000050   Data   RO         4114    .constdata          m_wv.l(asin.o)
    0x08014358   0x08014358   0x00000088   Data   RO         4164    .constdata          m_wv.l(pow.o)
    0x080143e0   0x080143e0   0x00000098   Data   RO         4584    .constdata          m_wv.l(atan.o)
    0x08014478   0x08014478   0x00000030   Data   RO         4596    .constdata          m_wv.l(cos_i.o)
    0x080144a8   0x080144a8   0x00000008   Data   RO         4638    .constdata          m_wv.l(qnan.o)
    0x080144b0   0x080144b0   0x000000c8   Data   RO         4641    .constdata          m_wv.l(rred.o)
    0x08014578   0x08014578   0x00000020   Data   RO         4645    .constdata          m_wv.l(rredf.o)
    0x08014598   0x08014598   0x00000028   Data   RO         4648    .constdata          m_wv.l(sin_i.o)
    0x080145c0   0x080145c0   0x00000060   Data   RO         4654    .constdata          m_wv.l(tan_i.o)
    0x08014620   0x08014620   0x00000018   Data   RO         2689    .constdata__ZTV6CKFApp  stm32h743_x7pro_ESKF.lib(gpsins.o)
    0x08014638   0x08014638   0x00000014   Data   RO         3928    .constdata__ZTV7CSINSKF  stm32h743_x7pro_ESKF.lib(psins.o)
    0x0801464c   0x0801464c   0x00000014   Data   RO         3937    .constdata__ZTV9CSINSTDKF  stm32h743_x7pro_ESKF.lib(psins.o)
    0x08014660   0x08014660   0x00000020   Data   RO         4777    Region$$Table       anon$$obj.o
    0x08014680   0x08014680   0x00000004   Data   RO         1832    .init_array         stm32h743_x7pro_ESKF.lib(eskf.o)
    0x08014684   0x08014680   0x00000004   Data   RO         2608    .init_array         stm32h743_x7pro_ESKF.lib(gpsins.o)
    0x08014688   0x08014680   0x00000004   Data   RO         3117    .init_array         stm32h743_x7pro_ESKF.lib(psins.o)
    0x0801468c   0x08014680   0x00000000   Data   RO         4534    .init_array         mc_w.l(cpp_init.o)


    Execution Region RW_IRAM2 (Exec base: 0x24000000, Load base: 0x0801468c, Size: 0x000502b0, Max: 0x00080000, ABSOLUTE, COMPRESSED[0x00000094])

    Exec Addr    Load Addr    Size         Type   Attr      Idx    E Section Name        Object

    0x24000000   COMPRESSED   0x00000002   Data   RW            5    .data               init.o
    0x24000002   COMPRESSED   0x00000002   PAD
    0x24000004   COMPRESSED   0x00000008   Data   RW          139    .data               main.o
    0x2400000c   COMPRESSED   0x00000124   Data   RW          292    .data               state_define.o
    0x24000130   COMPRESSED   0x00000012   Data   RW          359    .data               tele.o
    0x24000142   COMPRESSED   0x00000006   PAD
    0x24000148   COMPRESSED   0x00000098   Data   RW          473    .data               sim.o
    0x240001e0   COMPRESSED   0x00000036   Data   RW          648    .data               sbus.o
    0x24000216   COMPRESSED   0x00000002   PAD
    0x24000218   COMPRESSED   0x00000048   Data   RW          725    .data               stm32h743_x7pro_drives.lib(pwm.o)
    0x24000260   COMPRESSED   0x00000008   Data   RW          947    .data               stm32h743_x7pro_drives.lib(fdcan.o)
    0x24000268   COMPRESSED   0x00000018   Data   RW         1391    .data               stm32h743_x7pro_drives.lib(timer.o)
    0x24000280   COMPRESSED   0x0000000c   Data   RW         1543    .data               stm32h743_x7pro_drives.lib(adis16470.o)
    0x2400028c   COMPRESSED   0x00000014   PAD
    0x240002a0   COMPRESSED   0x00000062   Data   RW         1628    .data               stm32h743_x7pro_drives.lib(bmi088.o)
    0x24000302   COMPRESSED   0x00000006   Data   RW         1707    .data               stm32h743_x7pro_drives.lib(rm3100.o)
    0x24000308   COMPRESSED   0x00000021   Data   RW         1758    .data               stm32h743_x7pro_drives.lib(ms5611.o)
    0x24000329   COMPRESSED   0x00000003   PAD
    0x2400032c   COMPRESSED   0x0000001a   Data   RW         1831    .data               stm32h743_x7pro_ESKF.lib(eskf.o)
    0x24000346   COMPRESSED   0x00000002   PAD
    0x24000348   COMPRESSED   0x00000014   Data   RW         2049    .data               stm32h743_x7pro_ESKF.lib(get_gps.o)
    0x2400035c   COMPRESSED   0x00000030   Data   RW         2181    .data               stm32h743_x7pro_ESKF.lib(tcp.o)
    0x2400038c   COMPRESSED   0x00000004   PAD
    0x24000390   COMPRESSED   0x00000038   Data   RW         2607    .data               stm32h743_x7pro_ESKF.lib(gpsins.o)
    0x240003c8   COMPRESSED   0x000000a0   Data   RW         3116    .data               stm32h743_x7pro_ESKF.lib(psins.o)
    0x24000468   COMPRESSED   0x00000004   Data   RW         4682    .data               mc_w.l(mvars.o)
    0x2400046c   COMPRESSED   0x00000004   Data   RW         4683    .data               mc_w.l(mvars.o)
    0x24000470   COMPRESSED   0x00000004   Data   RW         4687    .data               mc_w.l(errno.o)
    0x24000474   COMPRESSED   0x00000004   Data   RW         4693    .data               mc_w.l(cpp_dtor.o)
    0x24000478   COMPRESSED   0x0000000c   Data   RW         4696    .data               mc_w.l(cpp_memory.o)
    0x24000484        -       0x000000c8   Zero   RW          138    .bss                main.o
    0x2400054c   COMPRESSED   0x00000004   PAD
    0x24000550        -       0x00000100   Zero   RW          358    .bss                tele.o
    0x24000650        -       0x000004c0   Zero   RW          587    .bss                mpwmout.o
    0x24000b10        -       0x00000149   Zero   RW          647    .bss                sbus.o
    0x24000c59   COMPRESSED   0x00000007   PAD
    0x24000c60        -       0x00001240   Zero   RW          945    .bss                stm32h743_x7pro_drives.lib(fdcan.o)
    0x24001ea0        -       0x00000b60   Zero   RW         1184    .bss                stm32h743_x7pro_drives.lib(spi.o)
    0x24002a00        -       0x00003030   Zero   RW         1454    .bss                stm32h743_x7pro_drives.lib(usart.o)
    0x24005a30        -       0x000005b2   Zero   RW         1542    .bss                stm32h743_x7pro_drives.lib(adis16470.o)
    0x24005fe2        -       0x00000009   Zero   RW         1706    .bss                stm32h743_x7pro_drives.lib(rm3100.o)
    0x24005feb   COMPRESSED   0x00000001   PAD
    0x24005fec        -       0x00000010   Zero   RW         1757    .bss                stm32h743_x7pro_drives.lib(ms5611.o)
    0x24005ffc   COMPRESSED   0x00000004   PAD
    0x24006000        -       0x000088d0   Zero   RW         1830    .bss                stm32h743_x7pro_ESKF.lib(eskf.o)
    0x2400e8d0        -       0x0000068c   Zero   RW         2048    .bss                stm32h743_x7pro_ESKF.lib(get_gps.o)
    0x2400ef5c   COMPRESSED   0x00000004   PAD
    0x2400ef60        -       0x0000052c   Zero   RW         2180    .bss                stm32h743_x7pro_ESKF.lib(tcp.o)
    0x2400f48c   COMPRESSED   0x00000014   PAD
    0x2400f4a0        -       0x00000270   Zero   RW         2351    .bss                stm32h743_x7pro_drives.lib(dma_irq.o)
    0x2400f710        -       0x00000108   Zero   RW         2606    .bss                stm32h743_x7pro_ESKF.lib(gpsins.o)
    0x2400f818        -       0x00000298   Zero   RW         3115    .bss                stm32h743_x7pro_ESKF.lib(psins.o)
    0x2400fab0        -       0x00000800   Zero   RW         4543    HEAP                stm32h743_x7pro_drives.lib(startup_stm32h743xx.o)
    0x240102b0        -       0x00040000   Zero   RW         4542    STACK               stm32h743_x7pro_drives.lib(startup_stm32h743xx.o)


==============================================================================

Image component sizes


      Code (inc. data)   RO Data    RW Data    ZI Data      Debug   Object Name

       184         10          0          2          0       8703   init.o
       992        292          0          8        200      10408   main.o
       952        114          0          0       1216       3989   mpwmout.o
      1746        224          0         54        329       4886   sbus.o
      2878        478          0        152          0       6433   sim.o
         0          0          0        292          0       3484   state_define.o
      2898        344          0         18        256       6958   tele.o

    ----------------------------------------------------------------------
      9654       1462         32        536       2012      44861   Object Totals
         0          0         32          0          0          0   (incl. Generated)
         4          0          0         10         11          0   (incl. Padding)

    ----------------------------------------------------------------------

      Code (inc. data)   RO Data    RW Data    ZI Data      Debug   Library Member Name

        80         12          0          0          0        104   arm_exceptions_globs.o
        60          0          0          0          0        108   arm_exceptions_mem.o
        26          0          0          0          0         76   arm_exceptions_terminate.o
         4          0          0          0          0         68   arm_newhandler_noexceptions.o
        16          0          0          0          0         68   cxa_guard_acquire.o
        40          6          0          0          0         76   new.o
       520         88         80          0          0        252   asin.o
       528        110        152          0          0        348   atan.o
       456         64          0          0          0        188   atan2.o
       176         18          0          0          0        156   cos.o
       224         42         48          0          0        184   cos_i.o
       336         60          0          0          0        136   cosf.o
       116         60          0          0          0        696   dunder.o
        24          0          0          0          0        124   fabs.o
        48          0          0          0          0        124   fpclassify.o
        38          0          0          0          0        116   fpclassifyf.o
        38         12          0          0          0        348   funder.o
       112          0          0          0          0        116   poly.o
      2296        304        136          0          0        320   pow.o
         0          0          8          0          0          0   qnan.o
       784        138        200          0          0        172   rred.o
       340         24         32          0          0        160   rredf.o
       176         18          0          0          0        160   sin.o
       168         24         40          0          0        196   sin_i.o
       208          0          0          0          0        280   sqrt.o
       128         20          0          0          0        144   tan.o
       520         86         96          0          0        196   tan_i.o
       384         62          0          0          0        200   tanf.o
        86          0          0          0          0          0   __dczerorl2.o
        46          0          0          0          0         84   aeabi_atexit.o
         8          4          0          4          0         68   cpp_dtor.o
         2          0          0          0          0         68   cpp_final.o
        32         10          0          0          0         80   cpp_init.o
        20          4          0         12          0        136   cpp_memory.o
        66          0          0          0          0         84   cxa_finalize.o
         0          0          0          0          0          0   entry.o
         0          0          0          0          0          0   entry10a.o
         4          0          0          0          0          0   entry10b.o
         0          0          0          0          0          0   entry11a.o
         4          0          0          0          0          0   entry12b.o
         8          4          0          0          0          0   entry2.o
         4          0          0          0          0          0   entry5.o
         0          0          0          0          0          0   entry7b.o
         4          0          0          0          0          0   entry8a.o
         0          0          0          0          0          0   entry8b.o
         8          4          0          0          0          0   entry9a.o
        12          6          0          4          0         68   errno.o
        30          0          0          0          0          0   handlers.o
        36          8          0          0          0         68   init.o
         0          0          0          0          0          0   iusefp.o
        30          0          0          0          0         68   llshl.o
        36          0          0          0          0         68   llsshr.o
        32          0          0          0          0         68   llushr.o
       188         20          0          0          0        160   malloc.o
        36          0          0          0          0         68   memcpya.o
        36          0          0          0          0        108   memseta.o
         0          0          0          8          0          0   mvars.o
      2236         86          0          0          0        532   printfa.o
        44          0          0          0          0         80   uidiv.o
        98          0          0          0          0         92   uldiv.o
        48          0          0          0          0         68   cdrcmple.o
       334          0          0          0          0        148   dadd.o
       222          0          0          0          0        100   ddiv.o
       186          0          0          0          0        176   depilogue.o
        48          0          0          0          0         68   dfixul.o
       228          0          0          0          0         96   dmul.o
        46          0          0          0          0         80   dscalb.o
       110          0          0          0          0        168   fepilogue.o
        44          0          0          0          0         92   ffltl.o
      1676        282          4         26      35024      23806   eskf.o
      1396        104          0         20       1676      18375   get_gps.o
     11612        678         28         56        264      28763   gpsins.o
     21800        586         44        160        664      81255   psins.o
       960         50          0         48       1324      14155   tcp.o
       366         14          0          0          0       2686   2ndolpfilter.o
      1356        144          0         12       1458       4297   adis16470.o
      1796        152          0         98          0       5997   bmi088.o
       126          0          0          0          0       1005   dma.o
      4380        338          0          0        624      55100   dma_irq.o
       404         28          0          0          0       2417   exti.o
      1868        132          8          8       4672       5968   fdcan.o
      2630         90          0          0          0       7573   gpio.o
      1836        144          0         33         16       4731   ms5611.o
       622         82          0         72          0     952996   pwm.o
       624         68          0          6          9       3237   rm3100.o
      1796        174          0          0       2912      10847   spi.o
        68         12        664          0     264192        820   startup_stm32h743xx.o
      1398         64          0          0          0      40227   sys.o
       672         92          0         24          0       2886   timer.o
      2704        174          0          0      12336       8904   usart.o

    ----------------------------------------------------------------------
     72366       4702       1544        620     325200    1284057   Library Totals
        58          0          4         29         29          0   (incl. Padding)

    ----------------------------------------------------------------------

      Code (inc. data)   RO Data    RW Data    ZI Data      Debug   Library Name

       226         18          0          0          0        500   cpprt_w.l
      7620       1130        792          0          0       4616   m_wv.l
      3106        146          0         28          0       1900   mc_w.l
      1266          0          0          0          0        996   mf_w.l
     37444       1700         76        310      38952     166354   stm32h743_x7pro_ESKF.lib
     22646       1708        672        253     286219    1109691   stm32h743_x7pro_drives.lib

    ----------------------------------------------------------------------
     72366       4702       1544        620     325200    1284057   Library Totals

    ----------------------------------------------------------------------

==============================================================================


      Code (inc. data)   RO Data    RW Data    ZI Data      Debug   

     82020       6164       1576       1156     327212    1298582   Grand Totals
     82020       6164       1576        148     327212    1298582   ELF Image Totals (compressed)
     82020       6164       1576        148          0          0   ROM Totals

==============================================================================

    Total RO  Size (Code + RO Data)                83596 (  81.64kB)
    Total RW  Size (RW Data + ZI Data)            328368 ( 320.67kB)
    Total ROM Size (Code + RO Data + RW Data)      83744 (  81.78kB)

==============================================================================

